Archive member included to satisfy reference by file (symbol)

output/Build_Platforms/nRF52840-DK/Startup/libnrf52840_startup.a(ses_startup_nrf_common.s.obj)
                              (Reset_Handler)
output/Build_Platforms/nRF52840-DK/Startup/libnrf52840_startup.a(thumb_crt0.s.obj)
                              output/Build_Platforms/nRF52840-DK/Startup/libnrf52840_startup.a(ses_startup_nrf_common.s.obj) (_start)
output/Build_Platforms/nRF52840-DK/Startup/libnrf52840_startup.a(ses_startup_nrf52840.s.obj)
                              output/Build_Platforms/nRF52840-DK/Startup/libnrf52840_startup.a(ses_startup_nrf_common.s.obj) (nRFInitialize)
C:/PROGRA~2/ARMGNU~1/142BCE~1.3RE/bin/../lib/gcc/arm-none-eabi/14.3.1/../../../../arm-none-eabi/lib/thumb/v7e-m+fp/hard\libc.a(libc_a-printf.o)
                              output/Src/tests/automated_tests/000-dummy/CMakeFiles/test_dummy.elf.dir/main.c.obj (printf)
C:/PROGRA~2/ARMGNU~1/142BCE~1.3RE/bin/../lib/gcc/arm-none-eabi/14.3.1/../../../../arm-none-eabi/lib/thumb/v7e-m+fp/hard\libc.a(libc_a-impure.o)
                              C:/PROGRA~2/ARMGNU~1/142BCE~1.3RE/bin/../lib/gcc/arm-none-eabi/14.3.1/../../../../arm-none-eabi/lib/thumb/v7e-m+fp/hard\libc.a(libc_a-printf.o) (_impure_ptr)
C:/PROGRA~2/ARMGNU~1/142BCE~1.3RE/bin/../lib/gcc/arm-none-eabi/14.3.1/../../../../arm-none-eabi/lib/thumb/v7e-m+fp/hard\libc.a(libc_a-vfprintf.o)
                              C:/PROGRA~2/ARMGNU~1/142BCE~1.3RE/bin/../lib/gcc/arm-none-eabi/14.3.1/../../../../arm-none-eabi/lib/thumb/v7e-m+fp/hard\libc.a(libc_a-printf.o) (_vfprintf_r)
C:/PROGRA~2/ARMGNU~1/142BCE~1.3RE/bin/../lib/gcc/arm-none-eabi/14.3.1/../../../../arm-none-eabi/lib/thumb/v7e-m+fp/hard\libc.a(libc_a-sprint_r.o)
                              C:/PROGRA~2/ARMGNU~1/142BCE~1.3RE/bin/../lib/gcc/arm-none-eabi/14.3.1/../../../../arm-none-eabi/lib/thumb/v7e-m+fp/hard\libc.a(libc_a-vfprintf.o) (__sprint_r)
C:/PROGRA~2/ARMGNU~1/142BCE~1.3RE/bin/../lib/gcc/arm-none-eabi/14.3.1/../../../../arm-none-eabi/lib/thumb/v7e-m+fp/hard\libc.a(libc_a-fflush.o)
                              C:/PROGRA~2/ARMGNU~1/142BCE~1.3RE/bin/../lib/gcc/arm-none-eabi/14.3.1/../../../../arm-none-eabi/lib/thumb/v7e-m+fp/hard\libc.a(libc_a-vfprintf.o) (_fflush_r)
C:/PROGRA~2/ARMGNU~1/142BCE~1.3RE/bin/../lib/gcc/arm-none-eabi/14.3.1/../../../../arm-none-eabi/lib/thumb/v7e-m+fp/hard\libc.a(libc_a-findfp.o)
                              C:/PROGRA~2/ARMGNU~1/142BCE~1.3RE/bin/../lib/gcc/arm-none-eabi/14.3.1/../../../../arm-none-eabi/lib/thumb/v7e-m+fp/hard\libc.a(libc_a-fflush.o) (__sglue)
C:/PROGRA~2/ARMGNU~1/142BCE~1.3RE/bin/../lib/gcc/arm-none-eabi/14.3.1/../../../../arm-none-eabi/lib/thumb/v7e-m+fp/hard\libc.a(libc_a-fvwrite.o)
                              C:/PROGRA~2/ARMGNU~1/142BCE~1.3RE/bin/../lib/gcc/arm-none-eabi/14.3.1/../../../../arm-none-eabi/lib/thumb/v7e-m+fp/hard\libc.a(libc_a-sprint_r.o) (__sfvwrite_r)
C:/PROGRA~2/ARMGNU~1/142BCE~1.3RE/bin/../lib/gcc/arm-none-eabi/14.3.1/../../../../arm-none-eabi/lib/thumb/v7e-m+fp/hard\libc.a(libc_a-fwalk.o)
                              C:/PROGRA~2/ARMGNU~1/142BCE~1.3RE/bin/../lib/gcc/arm-none-eabi/14.3.1/../../../../arm-none-eabi/lib/thumb/v7e-m+fp/hard\libc.a(libc_a-fflush.o) (_fwalk_sglue)
C:/PROGRA~2/ARMGNU~1/142BCE~1.3RE/bin/../lib/gcc/arm-none-eabi/14.3.1/../../../../arm-none-eabi/lib/thumb/v7e-m+fp/hard\libc.a(libc_a-stdio.o)
                              C:/PROGRA~2/ARMGNU~1/142BCE~1.3RE/bin/../lib/gcc/arm-none-eabi/14.3.1/../../../../arm-none-eabi/lib/thumb/v7e-m+fp/hard\libc.a(libc_a-findfp.o) (__sread)
C:/PROGRA~2/ARMGNU~1/142BCE~1.3RE/bin/../lib/gcc/arm-none-eabi/14.3.1/../../../../arm-none-eabi/lib/thumb/v7e-m+fp/hard\libc.a(libc_a-wsetup.o)
                              C:/PROGRA~2/ARMGNU~1/142BCE~1.3RE/bin/../lib/gcc/arm-none-eabi/14.3.1/../../../../arm-none-eabi/lib/thumb/v7e-m+fp/hard\libc.a(libc_a-vfprintf.o) (__swsetup_r)
C:/PROGRA~2/ARMGNU~1/142BCE~1.3RE/bin/../lib/gcc/arm-none-eabi/14.3.1/../../../../arm-none-eabi/lib/thumb/v7e-m+fp/hard\libc.a(libc_a-memmove.o)
                              C:/PROGRA~2/ARMGNU~1/142BCE~1.3RE/bin/../lib/gcc/arm-none-eabi/14.3.1/../../../../arm-none-eabi/lib/thumb/v7e-m+fp/hard\libc.a(libc_a-fvwrite.o) (memmove)
C:/PROGRA~2/ARMGNU~1/142BCE~1.3RE/bin/../lib/gcc/arm-none-eabi/14.3.1/../../../../arm-none-eabi/lib/thumb/v7e-m+fp/hard\libc.a(libc_a-memset.o)
                              C:/PROGRA~2/ARMGNU~1/142BCE~1.3RE/bin/../lib/gcc/arm-none-eabi/14.3.1/../../../../arm-none-eabi/lib/thumb/v7e-m+fp/hard\libc.a(libc_a-vfprintf.o) (memset)
C:/PROGRA~2/ARMGNU~1/142BCE~1.3RE/bin/../lib/gcc/arm-none-eabi/14.3.1/../../../../arm-none-eabi/lib/thumb/v7e-m+fp/hard\libc.a(libc_a-strncpy.o)
                              C:/PROGRA~2/ARMGNU~1/142BCE~1.3RE/bin/../lib/gcc/arm-none-eabi/14.3.1/../../../../arm-none-eabi/lib/thumb/v7e-m+fp/hard\libc.a(libc_a-vfprintf.o) (strncpy)
[...]
Memory Configuration

Name             Origin             Length             Attributes
RAM1             0x20000000         0x00040000         xw
FLASH            0x00000000         0x00100000         xw
*default*        0x00000000         0xffffffff

Linker script and memory map

LOAD output/Src/tests/automated_tests/000-dummy/CMakeFiles/test_dummy.elf.dir/__/__/__/__/Build_Platforms/nRF52840-DK/sdk/modules/nrfx/mdk/system_nrf52840.c.obj
LOAD output/Src/tests/automated_tests/000-dummy/CMakeFiles/test_dummy.elf.dir/dummy.c.obj
LOAD output/Src/tests/automated_tests/000-dummy/CMakeFiles/test_dummy.elf.dir/main.c.obj
LOAD output/Build_Platforms/nRF52840-DK/Startup/libnrf52840_startup.a
LOAD C:/PROGRA~2/ARMGNU~1/142BCE~1.3RE/bin/../lib/gcc/arm-none-eabi/14.3.1/../../../../arm-none-eabi/lib/thumb/v7e-m+fp/hard\libc.a
LOAD output/Build_Platforms/nRF52840-DK/lib/chelpers/libchelpers.a
LOAD output/Build_Platforms/nRF52840-DK/lib/qio/librtt_io.a
LOAD output/Build_Platforms/nRF52840-DK/lib/rtt/libsegger_rtt.a
LOAD C:/PROGRA~2/ARMGNU~1/142BCE~1.3RE/bin/../lib/gcc/arm-none-eabi/14.3.1/../../../../arm-none-eabi/lib/thumb/v7e-m+fp/hard\libc.a
START GROUP
LOAD C:/PROGRA~2/ARMGNU~1/142BCE~1.3RE/bin/../lib/gcc/arm-none-eabi/14.3.1/thumb/v7e-m+fp/hard\libgcc.a
LOAD C:/PROGRA~2/ARMGNU~1/142BCE~1.3RE/bin/../lib/gcc/arm-none-eabi/14.3.1/../../../../arm-none-eabi/lib/thumb/v7e-m+fp/hard\libg.a
LOAD C:/PROGRA~2/ARMGNU~1/142BCE~1.3RE/bin/../lib/gcc/arm-none-eabi/14.3.1/../../../../arm-none-eabi/lib/thumb/v7e-m+fp/hard\libc.a
END GROUP
                0x20000000                        __RAM1_segment_start__ = 0x20000000
                0x20040000                        __RAM1_segment_end__ = 0x20040000
                0x00040000                        __RAM1_segment_size__ = 0x40000
                0x00000000                        __FLASH_segment_start__ = 0x0
                0x00100000                        __FLASH_segment_end__ = 0x100000
                0x00100000                        __FLASH_segment_size__ = 0x100000
                0x00002000                        __HEAPSIZE__ = 0x2000
                0x00000000                        __STACKSIZE_PROCESS__ = 0x0
                0x00002000                        __STACKSIZE__ = 0x2000
                0x20000000                        __vectors_ram_load_start__ = 0x20000000

.vectors_ram    0x20000000        0x0
                0x20000000                        __vectors_ram_start__ = .
                0x20000000                        __app_ram_start__ = __vectors_ram_start__
 *(.vectors_ram .vectors_ram.*)
                0x20000000                        __vectors_ram_end__ = (__vectors_ram_start__ + SIZEOF (.vectors_ram))
                0x00000000                        __vectors_ram_size__ = SIZEOF (.vectors_ram)
                0x20000000                        __vectors_ram_load_end__ = __vectors_ram_end__
                0x00000001                        . = ASSERT (((__vectors_ram_start__ == __vectors_ram_end__) || ((__vectors_ram_end__ - __RAM1_segment_start__) <= __RAM1_segment_size__)), error: .vectors_ram is too large to fit in RAM1 memory segment)
                0x20000000                        __nrf_sections_run_load_start__ = ALIGN (__vectors_ram_end__, 0x4)

.nrf_sections_run
                0x20000000        0x0
                0x20000000                        __nrf_sections_run_start__ = .
                0x20000000                        __start_nrf_sections_run = __nrf_sections_run_start__
 *(.nrf_sections_run .nrf_sections_run.*)
                0x20000000                        __nrf_sections_run_end__ = (__nrf_sections_run_start__ + SIZEOF (.nrf_sections_run))
                0x00000000                        __nrf_sections_run_size__ = SIZEOF (.nrf_sections_run)
                0x20000000                        __nrf_sections_run_load_end__ = __nrf_sections_run_end__
                0x00000001                        . = ASSERT (((__nrf_sections_run_start__ == __nrf_sections_run_end__) || ((__nrf_sections_run_end__ - __RAM1_segment_start__) <= __RAM1_segment_size__)), error: .nrf_sections_run is too large to fit in RAM1 memory segment)
                0x00000000                        __vectors_load_start__ = 0x0

.vectors        0x00000000      0x200
                0x00000000                        __vectors_start__ = .
 *(.vectors .vectors.*)
 .vectors       0x00000000      0x200 output/Build_Platforms/nRF52840-DK/Startup/libnrf52840_startup.a(ses_startup_nrf52840.s.obj)
                0x00000000                _vectors
                0x00000200                        __vectors_end__ = (__vectors_start__ + SIZEOF (.vectors))
                0x00000200                        __vectors_size__ = SIZEOF (.vectors)
                0x00000200                        __vectors_load_end__ = __vectors_end__
                0x00000001                        . = ASSERT (((__vectors_start__ == __vectors_end__) || ((__vectors_end__ - __FLASH_segment_start__) <= __FLASH_segment_size__)), error: .vectors is too large to fit in FLASH memory segment)
                0x00010000                        __fConfig_load_start__ = 0x10000

.fConfig        0x00010000      0x400
                0x00010000                        __fConfig_start__ = .
 *(.fConfig .fConfig.*)
                0x00010400                        . = ALIGN (MAX ((__fConfig_start__ + 0x400), .), 0x100)
 *fill*         0x00010000      0x400 
                0x00010400                        __fConfig_end__ = (__fConfig_start__ + SIZEOF (.fConfig))
                0x00000400                        __fConfig_size__ = SIZEOF (.fConfig)
                0x00010400                        __fConfig_load_end__ = __fConfig_end__
                0x00000001                        . = ASSERT (((__fConfig_start__ == __fConfig_end__) || ((__fConfig_end__ - __FLASH_segment_start__) <= __FLASH_segment_size__)), error: .fConfig is too large to fit in FLASH memory segment)
                0x00000001                        . = ASSERT ((__vectors_end__ <= __fConfig_start__), error: section .vectors overlaps absolute placed section .fConfig)
                0x00000001                        . = ASSERT ((__fConfig_size__ <= 0x400), error: .fConfig is larger than specified size)
                0x00010500                        __default_config_load_start__ = 0x10500

.default_config
                0x00010500      0x400
                0x00010500                        __default_config_start__ = .
 *(.default_config .default_config.*)
                0x00010900                        . = ALIGN (MAX ((__default_config_start__ + 0x400), .), 0x100)
 *fill*         0x00010500      0x400 
                0x00010900                        __default_config_end__ = (__default_config_start__ + SIZEOF (.default_config))
                0x00000400                        __default_config_size__ = SIZEOF (.default_config)
                0x00010900                        __default_config_load_end__ = __default_config_end__
                0x00000001                        . = ASSERT (((__default_config_start__ == __default_config_end__) || ((__default_config_end__ - __FLASH_segment_start__) <= __FLASH_segment_size__)), error: .default_config is too large to fit in FLASH memory segment)
                0x00000001                        . = ASSERT ((__fConfig_end__ <= __default_config_start__), error: section .fConfig overlaps absolute placed section .default_config)
                0x00000001                        . = ASSERT ((__default_config_size__ <= 0x400), error: .default_config is larger than specified size)
                0x00012000                        __init_load_start__ = 0x12000

.init           0x00012000      0x1b4
                0x00012000                        __init_start__ = .
 *(.init .init.*)
 .init          0x00012000       0x2c output/Build_Platforms/nRF52840-DK/Startup/libnrf52840_startup.a(ses_startup_nrf_common.s.obj)
                0x00012000                Reset_Handler
                0x00012004                afterInitialize
 .init          0x0001202c      0x170 output/Build_Platforms/nRF52840-DK/Startup/libnrf52840_startup.a(thumb_crt0.s.obj)
                0x0001202c                _start
                0x000120f6                exit
 .init          0x0001219c       0x18 output/Build_Platforms/nRF52840-DK/Startup/libnrf52840_startup.a(ses_startup_nrf52840.s.obj)
                0x0001219c                NMI_Handler
                0x0001219e                HardFault_Handler
                0x000121a0                MemoryManagement_Handler
                0x000121a2                BusFault_Handler
                0x000121a4                UsageFault_Handler
                0x000121a6                SVC_Handler
                0x000121a8                DebugMon_Handler
                0x000121aa                PendSV_Handler
                0x000121ac                SysTick_Handler
                0x000121ae                PWM1_IRQHandler
                0x000121ae                GPIOTE_IRQHandler
                0x000121ae                RTC0_IRQHandler
                0x000121ae                POWER_CLOCK_IRQHandler
                0x000121ae                RADIO_IRQHandler
                0x000121ae                PDM_IRQHandler
                0x000121ae                TEMP_IRQHandler
                0x000121ae                QDEC_IRQHandler
                0x000121ae                TIMER3_IRQHandler
                0x000121ae                PWM3_IRQHandler
                0x000121ae                FPU_IRQHandler
                0x000121ae                USBD_IRQHandler
                0x000121ae                SPIM0_SPIS0_TWIM0_TWIS0_SPI0_TWI0_IRQHandler
                0x000121ae                QSPI_IRQHandler
                0x000121ae                UARTE0_UART0_IRQHandler
                0x000121ae                TIMER4_IRQHandler
                0x000121ae                SWI2_EGU2_IRQHandler
                0x000121ae                I2S_IRQHandler
                0x000121ae                SWI4_EGU4_IRQHandler
                0x000121ae                TIMER0_IRQHandler
                0x000121ae                UARTE1_IRQHandler
                0x000121ae                Dummy_Handler
                0x000121ae                TIMER1_IRQHandler
                0x000121ae                SPIM3_IRQHandler
                0x000121ae                PWM2_IRQHandler
                0x000121ae                ECB_IRQHandler
                0x000121ae                SPIM1_SPIS1_TWIM1_TWIS1_SPI1_TWI1_IRQHandler
                0x000121ae                SAADC_IRQHandler
                0x000121ae                CCM_AAR_IRQHandler
                0x000121ae                WDT_IRQHandler
                0x000121ae                SWI0_EGU0_IRQHandler
                0x000121ae                SWI5_EGU5_IRQHandler
                0x000121ae                RNG_IRQHandler
                0x000121ae                RTC2_IRQHandler
                0x000121ae                PWM0_IRQHandler
                0x000121ae                SWI3_EGU3_IRQHandler
                0x000121ae                RTC1_IRQHandler
                0x000121ae                SWI1_EGU1_IRQHandler
                0x000121ae                SPIM2_SPIS2_SPI2_IRQHandler
                0x000121ae                NFCT_IRQHandler
                0x000121ae                CRYPTOCELL_IRQHandler
                0x000121ae                MWU_IRQHandler
                0x000121ae                TIMER2_IRQHandler
                0x000121ae                COMP_LPCOMP_IRQHandler
                0x000121b0                nRFInitialize
                0x000121b4                        __init_end__ = (__init_start__ + SIZEOF (.init))
                0x000001b4                        __init_size__ = SIZEOF (.init)
                0x000121b4                        __init_load_end__ = __init_end__
                0x00000001                        . = ASSERT (((__init_start__ == __init_end__) || ((__init_end__ - __FLASH_segment_start__) <= __FLASH_segment_size__)), error: .init is too large to fit in FLASH memory segment)
                0x00000001                        . = ASSERT ((__default_config_end__ <= __init_start__), error: section .default_config overlaps absolute placed section .init)
                0x000121b4                        __init_rodata_load_start__ = ALIGN (__init_end__, 0x4)

.init_rodata    0x000121b4        0x0
                0x000121b4                        __init_rodata_start__ = .
 *(.init_rodata .init_rodata.*)
                0x000121b4                        __init_rodata_end__ = (__init_rodata_start__ + SIZEOF (.init_rodata))
                0x00000000                        __init_rodata_size__ = SIZEOF (.init_rodata)
                0x000121b4                        __init_rodata_load_end__ = __init_rodata_end__
                0x00000001                        . = ASSERT (((__init_rodata_start__ == __init_rodata_end__) || ((__init_rodata_end__ - __FLASH_segment_start__) <= __FLASH_segment_size__)), error: .init_rodata is too large to fit in FLASH memory segment)
                0x000121b4                        __text_load_start__ = ALIGN (__init_rodata_end__, 0x4)

.text           0x000121b4     0x6a98
                0x000121b4                        __text_start__ = .
 *(.text .text.* .gnu.linkonce.t.* .glue_7t .glue_7 .gcc_except_table .ARM.extab* .gnu.linkonce.armextab.*)
 .glue_7        0x000121b4        0x0 linker stubs
 .glue_7t       0x000121b4        0x0 linker stubs
 .text.nrf52_errata_36
                0x000121b4       0x14 output/Src/tests/automated_tests/000-dummy/CMakeFiles/test_dummy.elf.dir/__/__/__/__/Build_Platforms/nRF52840-DK/sdk/modules/nrfx/mdk/system_nrf52840.c.obj
 .text.nrf52_errata_66
                0x000121c8       0x14 output/Src/tests/automated_tests/000-dummy/CMakeFiles/test_dummy.elf.dir/__/__/__/__/Build_Platforms/nRF52840-DK/sdk/modules/nrfx/mdk/system_nrf52840.c.obj
 .text.nrf52_errata_98
                0x000121dc       0x26 output/Src/tests/automated_tests/000-dummy/CMakeFiles/test_dummy.elf.dir/__/__/__/__/Build_Platforms/nRF52840-DK/sdk/modules/nrfx/mdk/system_nrf52840.c.obj
 .text.nrf52_errata_103
                0x00012202       0x26 output/Src/tests/automated_tests/000-dummy/CMakeFiles/test_dummy.elf.dir/__/__/__/__/Build_Platforms/nRF52840-DK/sdk/modules/nrfx/mdk/system_nrf52840.c.obj
 .text.nrf52_errata_115
                0x00012228       0x26 output/Src/tests/automated_tests/000-dummy/CMakeFiles/test_dummy.elf.dir/__/__/__/__/Build_Platforms/nRF52840-DK/sdk/modules/nrfx/mdk/system_nrf52840.c.obj
 .text.nrf52_errata_120
                0x0001224e       0x26 output/Src/tests/automated_tests/000-dummy/CMakeFiles/test_dummy.elf.dir/__/__/__/__/Build_Platforms/nRF52840-DK/sdk/modules/nrfx/mdk/system_nrf52840.c.obj
 .text.nrf52_errata_136
                0x00012274       0x14 output/Src/tests/automated_tests/000-dummy/CMakeFiles/test_dummy.elf.dir/__/__/__/__/Build_Platforms/nRF52840-DK/sdk/modules/nrfx/mdk/system_nrf52840.c.obj
 .text.SystemCoreClockUpdate
                0x00012288       0x10 output/Src/tests/automated_tests/000-dummy/CMakeFiles/test_dummy.elf.dir/__/__/__/__/Build_Platforms/nRF52840-DK/sdk/modules/nrfx/mdk/system_nrf52840.c.obj
                0x00012288                SystemCoreClockUpdate
 .text.SystemInit
                0x00012298      0x154 output/Src/tests/automated_tests/000-dummy/CMakeFiles/test_dummy.elf.dir/__/__/__/__/Build_Platforms/nRF52840-DK/sdk/modules/nrfx/mdk/system_nrf52840.c.obj
                0x00012298                SystemInit
 .text.test_dummy
                0x000123ec        0x4 output/Src/tests/automated_tests/000-dummy/CMakeFiles/test_dummy.elf.dir/dummy.c.obj
                0x000123ec                test_dummy
 .text.main     0x000123f0       0x24 output/Src/tests/automated_tests/000-dummy/CMakeFiles/test_dummy.elf.dir/main.c.obj
                0x000123f0                main
 .text.printf   0x00012414       0x28 C:/PROGRA~2/ARMGNU~1/142BCE~1.3RE/bin/../lib/gcc/arm-none-eabi/14.3.1/../../../../arm-none-eabi/lib/thumb/v7e-m+fp/hard\libc.a(libc_a-printf.o)
                0x00012414                printf
 *fill*         0x0001243c        0x4 
 .text._vfprintf_r
                0x00012440     0x2320 C:/PROGRA~2/ARMGNU~1/142BCE~1.3RE/bin/../lib/gcc/arm-none-eabi/14.3.1/../../../../arm-none-eabi/lib/thumb/v7e-m+fp/hard\libc.a(libc_a-vfprintf.o)
                0x00012440                _vfprintf_r
 .text.__sbprintf
                0x00014760       0x84 C:/PROGRA~2/ARMGNU~1/142BCE~1.3RE/bin/../lib/gcc/arm-none-eabi/14.3.1/../../../../arm-none-eabi/lib/thumb/v7e-m+fp/hard\libc.a(libc_a-vfprintf.o)
 .text.__sprint_r
                0x000147e4       0x20 C:/PROGRA~2/ARMGNU~1/142BCE~1.3RE/bin/../lib/gcc/arm-none-eabi/14.3.1/../../../../arm-none-eabi/lib/thumb/v7e-m+fp/hard\libc.a(libc_a-sprint_r.o)
                0x000147e4                __sprint_r
 .text.__sflush_r
                0x00014804      0x138 C:/PROGRA~2/ARMGNU~1/142BCE~1.3RE/bin/../lib/gcc/arm-none-eabi/14.3.1/../../../../arm-none-eabi/lib/thumb/v7e-m+fp/hard\libc.a(libc_a-fflush.o)
                0x00014804                __sflush_r
 .text._fflush_r
                0x0001493c       0x54 C:/PROGRA~2/ARMGNU~1/142BCE~1.3RE/bin/../lib/gcc/arm-none-eabi/14.3.1/../../../../arm-none-eabi/lib/thumb/v7e-m+fp/hard\libc.a(libc_a-fflush.o)
                0x0001493c                _fflush_r
 .text.stdio_exit_handler
                0x00014990       0x18 C:/PROGRA~2/ARMGNU~1/142BCE~1.3RE/bin/../lib/gcc/arm-none-eabi/14.3.1/../../../../arm-none-eabi/lib/thumb/v7e-m+fp/hard\libc.a(libc_a-findfp.o)
 .text.cleanup_stdio
                0x000149a8       0x40 C:/PROGRA~2/ARMGNU~1/142BCE~1.3RE/bin/../lib/gcc/arm-none-eabi/14.3.1/../../../../arm-none-eabi/lib/thumb/v7e-m+fp/hard\libc.a(libc_a-findfp.o)
 .text.global_stdio_init.part.0
                0x000149e8       0xf0 C:/PROGRA~2/ARMGNU~1/142BCE~1.3RE/bin/../lib/gcc/arm-none-eabi/14.3.1/../../../../arm-none-eabi/lib/thumb/v7e-m+fp/hard\libc.a(libc_a-findfp.o)
 .text.__sinit  0x00014ad8       0x3c C:/PROGRA~2/ARMGNU~1/142BCE~1.3RE/bin/../lib/gcc/arm-none-eabi/14.3.1/../../../../arm-none-eabi/lib/thumb/v7e-m+fp/hard\libc.a(libc_a-findfp.o)
                0x00014ad8                __sinit
 .text.__sfp_lock_acquire
                0x00014b14        0xc C:/PROGRA~2/ARMGNU~1/142BCE~1.3RE/bin/../lib/gcc/arm-none-eabi/14.3.1/../../../../arm-none-eabi/lib/thumb/v7e-m+fp/hard\libc.a(libc_a-findfp.o)
                0x00014b14                __sfp_lock_acquire
 .text.__sfp_lock_release
                0x00014b20        0xc C:/PROGRA~2/ARMGNU~1/142BCE~1.3RE/bin/../lib/gcc/arm-none-eabi/14.3.1/../../../../arm-none-eabi/lib/thumb/v7e-m+fp/hard\libc.a(libc_a-findfp.o)
                0x00014b20                __sfp_lock_release
 .text.__sfvwrite_r
                0x00014b2c      0x2ec C:/PROGRA~2/ARMGNU~1/142BCE~1.3RE/bin/../lib/gcc/arm-none-eabi/14.3.1/../../../../arm-none-eabi/lib/thumb/v7e-m+fp/hard\libc.a(libc_a-fvwrite.o)
                0x00014b2c                __sfvwrite_r
 .text._fwalk_sglue
                0x00014e18       0x44 C:/PROGRA~2/ARMGNU~1/142BCE~1.3RE/bin/../lib/gcc/arm-none-eabi/14.3.1/../../../../arm-none-eabi/lib/thumb/v7e-m+fp/hard\libc.a(libc_a-fwalk.o)
                0x00014e18                _fwalk_sglue
 .text.__sread  0x00014e5c       0x24 C:/PROGRA~2/ARMGNU~1/142BCE~1.3RE/bin/../lib/gcc/arm-none-eabi/14.3.1/../../../../arm-none-eabi/lib/thumb/v7e-m+fp/hard\libc.a(libc_a-stdio.o)
                0x00014e5c                __sread
 .text.__swrite
                0x00014e80       0x40 C:/PROGRA~2/ARMGNU~1/142BCE~1.3RE/bin/../lib/gcc/arm-none-eabi/14.3.1/../../../../arm-none-eabi/lib/thumb/v7e-m+fp/hard\libc.a(libc_a-stdio.o)
                0x00014e80                __swrite
 .text.__sseek  0x00014ec0       0x24 C:/PROGRA~2/ARMGNU~1/142BCE~1.3RE/bin/../lib/gcc/arm-none-eabi/14.3.1/../../../../arm-none-eabi/lib/thumb/v7e-m+fp/hard\libc.a(libc_a-stdio.o)
                0x00014ec0                __sseek
 .text.__sclose
                0x00014ee4        0x8 C:/PROGRA~2/ARMGNU~1/142BCE~1.3RE/bin/../lib/gcc/arm-none-eabi/14.3.1/../../../../arm-none-eabi/lib/thumb/v7e-m+fp/hard\libc.a(libc_a-stdio.o)
                0x00014ee4                __sclose
 .text.__swsetup_r
                0x00014eec       0xfc C:/PROGRA~2/ARMGNU~1/142BCE~1.3RE/bin/../lib/gcc/arm-none-eabi/14.3.1/../../../../arm-none-eabi/lib/thumb/v7e-m+fp/hard\libc.a(libc_a-wsetup.o)
                0x00014eec                __swsetup_r
 .text.memmove  0x00014fe8      0x130 C:/PROGRA~2/ARMGNU~1/142BCE~1.3RE/bin/../lib/gcc/arm-none-eabi/14.3.1/../../../../arm-none-eabi/lib/thumb/v7e-m+fp/hard\libc.a(libc_a-memmove.o)
                0x00014fe8                memmove
 .text.memset   0x00015118       0x9c C:/PROGRA~2/ARMGNU~1/142BCE~1.3RE/bin/../lib/gcc/arm-none-eabi/14.3.1/../../../../arm-none-eabi/lib/thumb/v7e-m+fp/hard\libc.a(libc_a-memset.o)
                0x00015118                memset
 .text.strncpy  0x000151b4       0x68 C:/PROGRA~2/ARMGNU~1/142BCE~1.3RE/bin/../lib/gcc/arm-none-eabi/14.3.1/../../../../arm-none-eabi/lib/thumb/v7e-m+fp/hard\libc.a(libc_a-strncpy.o)
                0x000151b4                strncpy
 .text.__locale_mb_cur_max
                0x0001521c        0xc C:/PROGRA~2/ARMGNU~1/142BCE~1.3RE/bin/../lib/gcc/arm-none-eabi/14.3.1/../../../../arm-none-eabi/lib/thumb/v7e-m+fp/hard\libc.a(libc_a-locale.o)
                0x0001521c                __locale_mb_cur_max
 .text._localeconv_r
                0x00015228        0x8 C:/PROGRA~2/ARMGNU~1/142BCE~1.3RE/bin/../lib/gcc/arm-none-eabi/14.3.1/../../../../arm-none-eabi/lib/thumb/v7e-m+fp/hard\libc.a(libc_a-localeconv.o)
                0x00015228                _localeconv_r
 .text._close_r
                0x00015230       0x24 C:/PROGRA~2/ARMGNU~1/142BCE~1.3RE/bin/../lib/gcc/arm-none-eabi/14.3.1/../../../../arm-none-eabi/lib/thumb/v7e-m+fp/hard\libc.a(libc_a-closer.o)
                0x00015230                _close_r
 .text._lseek_r
                0x00015254       0x2c C:/PROGRA~2/ARMGNU~1/142BCE~1.3RE/bin/../lib/gcc/arm-none-eabi/14.3.1/../../../../arm-none-eabi/lib/thumb/v7e-m+fp/hard\libc.a(libc_a-lseekr.o)
                0x00015254                _lseek_r
 .text._read_r  0x00015280       0x2c C:/PROGRA~2/ARMGNU~1/142BCE~1.3RE/bin/../lib/gcc/arm-none-eabi/14.3.1/../../../../arm-none-eabi/lib/thumb/v7e-m+fp/hard\libc.a(libc_a-readr.o)
                0x00015280                _read_r
 .text._write_r
                0x000152ac       0x2c C:/PROGRA~2/ARMGNU~1/142BCE~1.3RE/bin/../lib/gcc/arm-none-eabi/14.3.1/../../../../arm-none-eabi/lib/thumb/v7e-m+fp/hard\libc.a(libc_a-writer.o)
                0x000152ac                _write_r
 .text.__retarget_lock_init_recursive
                0x000152d8        0x4 C:/PROGRA~2/ARMGNU~1/142BCE~1.3RE/bin/../lib/gcc/arm-none-eabi/14.3.1/../../../../arm-none-eabi/lib/thumb/v7e-m+fp/hard\libc.a(libc_a-lock.o)
                0x000152d8                __retarget_lock_init_recursive
 .text.__retarget_lock_close_recursive
                0x000152dc        0x4 C:/PROGRA~2/ARMGNU~1/142BCE~1.3RE/bin/../lib/gcc/arm-none-eabi/14.3.1/../../../../arm-none-eabi/lib/thumb/v7e-m+fp/hard\libc.a(libc_a-lock.o)
                0x000152dc                __retarget_lock_close_recursive
 .text.__retarget_lock_acquire_recursive
                0x000152e0        0x4 C:/PROGRA~2/ARMGNU~1/142BCE~1.3RE/bin/../lib/gcc/arm-none-eabi/14.3.1/../../../../arm-none-eabi/lib/thumb/v7e-m+fp/hard\libc.a(libc_a-lock.o)
                0x000152e0                __retarget_lock_acquire_recursive
 .text.__retarget_lock_release_recursive
                0x000152e4        0x4 C:/PROGRA~2/ARMGNU~1/142BCE~1.3RE/bin/../lib/gcc/arm-none-eabi/14.3.1/../../../../arm-none-eabi/lib/thumb/v7e-m+fp/hard\libc.a(libc_a-lock.o)
                0x000152e4                __retarget_lock_release_recursive
 *fill*         0x000152e8        0x8 
 .text          0x000152f0       0xa0 C:/PROGRA~2/ARMGNU~1/142BCE~1.3RE/bin/../lib/gcc/arm-none-eabi/14.3.1/../../../../arm-none-eabi/lib/thumb/v7e-m+fp/hard\libc.a(libc_a-memchr.o)
                0x000152f0                memchr
 .text          0x00015390      0x134 C:/PROGRA~2/ARMGNU~1/142BCE~1.3RE/bin/../lib/gcc/arm-none-eabi/14.3.1/../../../../arm-none-eabi/lib/thumb/v7e-m+fp/hard\libc.a(libc_a-memcpy.o)
                0x00015390                memcpy
 *fill*         0x000154c4       0x3c 
 .text          0x00015500       0xd8 C:/PROGRA~2/ARMGNU~1/142BCE~1.3RE/bin/../lib/gcc/arm-none-eabi/14.3.1/../../../../arm-none-eabi/lib/thumb/v7e-m+fp/hard\libc.a(libc_a-strlen.o)
                0x00015500                strlen
 .text.frexp    0x000155d8       0x64 C:/PROGRA~2/ARMGNU~1/142BCE~1.3RE/bin/../lib/gcc/arm-none-eabi/14.3.1/../../../../arm-none-eabi/lib/thumb/v7e-m+fp/hard\libc.a(libm_a-s_frexp.o)
                0x000155d8                frexp
 .text.quorem   0x0001563c      0x12c C:/PROGRA~2/ARMGNU~1/142BCE~1.3RE/bin/../lib/gcc/arm-none-eabi/14.3.1/../../../../arm-none-eabi/lib/thumb/v7e-m+fp/hard\libc.a(libc_a-dtoa.o)
 .text._dtoa_r  0x00015768     0x1030 C:/PROGRA~2/ARMGNU~1/142BCE~1.3RE/bin/../lib/gcc/arm-none-eabi/14.3.1/../../../../arm-none-eabi/lib/thumb/v7e-m+fp/hard\libc.a(libc_a-dtoa.o)
                0x00015768                _dtoa_r
 .text._malloc_trim_r
                0x00016798       0xb8 C:/PROGRA~2/ARMGNU~1/142BCE~1.3RE/bin/../lib/gcc/arm-none-eabi/14.3.1/../../../../arm-none-eabi/lib/thumb/v7e-m+fp/hard\libc.a(libc_a-freer.o)
                0x00016798                _malloc_trim_r
 .text._free_r  0x00016850      0x1f0 C:/PROGRA~2/ARMGNU~1/142BCE~1.3RE/bin/../lib/gcc/arm-none-eabi/14.3.1/../../../../arm-none-eabi/lib/thumb/v7e-m+fp/hard\libc.a(libc_a-freer.o)
                0x00016850                _free_r
 .text._malloc_r
                0x00016a40      0x598 C:/PROGRA~2/ARMGNU~1/142BCE~1.3RE/bin/../lib/gcc/arm-none-eabi/14.3.1/../../../../arm-none-eabi/lib/thumb/v7e-m+fp/hard\libc.a(libc_a-mallocr.o)
                0x00016a40                _malloc_r
 .text.__ascii_mbtowc
                0x00016fd8       0x2c C:/PROGRA~2/ARMGNU~1/142BCE~1.3RE/bin/../lib/gcc/arm-none-eabi/14.3.1/../../../../arm-none-eabi/lib/thumb/v7e-m+fp/hard\libc.a(libc_a-mbtowc_r.o)
                0x00016fd8                __ascii_mbtowc
 .text.__malloc_lock
                0x00017004        0xc C:/PROGRA~2/ARMGNU~1/142BCE~1.3RE/bin/../lib/gcc/arm-none-eabi/14.3.1/../../../../arm-none-eabi/lib/thumb/v7e-m+fp/hard\libc.a(libc_a-mlock.o)
                0x00017004                __malloc_lock
 .text.__malloc_unlock
                0x00017010        0xc C:/PROGRA~2/ARMGNU~1/142BCE~1.3RE/bin/../lib/gcc/arm-none-eabi/14.3.1/../../../../arm-none-eabi/lib/thumb/v7e-m+fp/hard\libc.a(libc_a-mlock.o)
                0x00017010                __malloc_unlock
 .text._Balloc  0x0001701c       0x4c C:/PROGRA~2/ARMGNU~1/142BCE~1.3RE/bin/../lib/gcc/arm-none-eabi/14.3.1/../../../../arm-none-eabi/lib/thumb/v7e-m+fp/hard\libc.a(libc_a-mprec.o)
                0x0001701c                _Balloc
 .text._Bfree   0x00017068       0x14 C:/PROGRA~2/ARMGNU~1/142BCE~1.3RE/bin/../lib/gcc/arm-none-eabi/14.3.1/../../../../arm-none-eabi/lib/thumb/v7e-m+fp/hard\libc.a(libc_a-mprec.o)
                0x00017068                _Bfree
 .text.__multadd
                0x0001707c       0xa0 C:/PROGRA~2/ARMGNU~1/142BCE~1.3RE/bin/../lib/gcc/arm-none-eabi/14.3.1/../../../../arm-none-eabi/lib/thumb/v7e-m+fp/hard\libc.a(libc_a-mprec.o)
                0x0001707c                __multadd
 .text.__hi0bits
                0x0001711c       0x54 C:/PROGRA~2/ARMGNU~1/142BCE~1.3RE/bin/../lib/gcc/arm-none-eabi/14.3.1/../../../../arm-none-eabi/lib/thumb/v7e-m+fp/hard\libc.a(libc_a-mprec.o)
                0x0001711c                __hi0bits
 .text.__lo0bits
                0x00017170       0x80 C:/PROGRA~2/ARMGNU~1/142BCE~1.3RE/bin/../lib/gcc/arm-none-eabi/14.3.1/../../../../arm-none-eabi/lib/thumb/v7e-m+fp/hard\libc.a(libc_a-mprec.o)
                0x00017170                __lo0bits
 .text.__i2b    0x000171f0       0x5c C:/PROGRA~2/ARMGNU~1/142BCE~1.3RE/bin/../lib/gcc/arm-none-eabi/14.3.1/../../../../arm-none-eabi/lib/thumb/v7e-m+fp/hard\libc.a(libc_a-mprec.o)
                0x000171f0                __i2b
 .text.__multiply
                0x0001724c      0x16c C:/PROGRA~2/ARMGNU~1/142BCE~1.3RE/bin/../lib/gcc/arm-none-eabi/14.3.1/../../../../arm-none-eabi/lib/thumb/v7e-m+fp/hard\libc.a(libc_a-mprec.o)
                0x0001724c                __multiply
 .text.__pow5mult
                0x000173b8       0xc0 C:/PROGRA~2/ARMGNU~1/142BCE~1.3RE/bin/../lib/gcc/arm-none-eabi/14.3.1/../../../../arm-none-eabi/lib/thumb/v7e-m+fp/hard\libc.a(libc_a-mprec.o)
                0x000173b8                __pow5mult
 .text.__lshift
                0x00017478       0xe8 C:/PROGRA~2/ARMGNU~1/142BCE~1.3RE/bin/../lib/gcc/arm-none-eabi/14.3.1/../../../../arm-none-eabi/lib/thumb/v7e-m+fp/hard\libc.a(libc_a-mprec.o)
                0x00017478                __lshift
 .text.__mcmp   0x00017560       0x44 C:/PROGRA~2/ARMGNU~1/142BCE~1.3RE/bin/../lib/gcc/arm-none-eabi/14.3.1/../../../../arm-none-eabi/lib/thumb/v7e-m+fp/hard\libc.a(libc_a-mprec.o)
                0x00017560                __mcmp
 .text.__mdiff  0x000175a4      0x174 C:/PROGRA~2/ARMGNU~1/142BCE~1.3RE/bin/../lib/gcc/arm-none-eabi/14.3.1/../../../../arm-none-eabi/lib/thumb/v7e-m+fp/hard\libc.a(libc_a-mprec.o)
                0x000175a4                __mdiff
 .text.__d2b    0x00017718       0xbc C:/PROGRA~2/ARMGNU~1/142BCE~1.3RE/bin/../lib/gcc/arm-none-eabi/14.3.1/../../../../arm-none-eabi/lib/thumb/v7e-m+fp/hard\libc.a(libc_a-mprec.o)
                0x00017718                __d2b
 .text._realloc_r
                0x000177d4      0x348 C:/PROGRA~2/ARMGNU~1/142BCE~1.3RE/bin/../lib/gcc/arm-none-eabi/14.3.1/../../../../arm-none-eabi/lib/thumb/v7e-m+fp/hard\libc.a(libc_a-reallocr.o)
                0x000177d4                _realloc_r
 .text.__ascii_wctomb
                0x00017b1c       0x1c C:/PROGRA~2/ARMGNU~1/142BCE~1.3RE/bin/../lib/gcc/arm-none-eabi/14.3.1/../../../../arm-none-eabi/lib/thumb/v7e-m+fp/hard\libc.a(libc_a-wctomb_r.o)
                0x00017b1c                __ascii_wctomb
 .text._wcrtomb_r
                0x00017b38       0x4c C:/PROGRA~2/ARMGNU~1/142BCE~1.3RE/bin/../lib/gcc/arm-none-eabi/14.3.1/../../../../arm-none-eabi/lib/thumb/v7e-m+fp/hard\libc.a(libc_a-wcrtomb.o)
                0x00017b38                _wcrtomb_r
 .text._wcsrtombs_r
                0x00017b84       0x18 C:/PROGRA~2/ARMGNU~1/142BCE~1.3RE/bin/../lib/gcc/arm-none-eabi/14.3.1/../../../../arm-none-eabi/lib/thumb/v7e-m+fp/hard\libc.a(libc_a-wcsrtombs.o)
                0x00017b84                _wcsrtombs_r
 .text._fclose_r
                0x00017b9c       0xc0 C:/PROGRA~2/ARMGNU~1/142BCE~1.3RE/bin/../lib/gcc/arm-none-eabi/14.3.1/../../../../arm-none-eabi/lib/thumb/v7e-m+fp/hard\libc.a(libc_a-fclose.o)
                0x00017b9c                _fclose_r
 .text.__smakebuf_r
                0x00017c5c       0xd0 C:/PROGRA~2/ARMGNU~1/142BCE~1.3RE/bin/../lib/gcc/arm-none-eabi/14.3.1/../../../../arm-none-eabi/lib/thumb/v7e-m+fp/hard\libc.a(libc_a-makebuf.o)
                0x00017c5c                __smakebuf_r
 .text._fstat_r
                0x00017d2c       0x2c C:/PROGRA~2/ARMGNU~1/142BCE~1.3RE/bin/../lib/gcc/arm-none-eabi/14.3.1/../../../../arm-none-eabi/lib/thumb/v7e-m+fp/hard\libc.a(libc_a-fstatr.o)
                0x00017d2c                _fstat_r
 .text._isatty_r
                0x00017d58       0x24 C:/PROGRA~2/ARMGNU~1/142BCE~1.3RE/bin/../lib/gcc/arm-none-eabi/14.3.1/../../../../arm-none-eabi/lib/thumb/v7e-m+fp/hard\libc.a(libc_a-isattyr.o)
                0x00017d58                _isatty_r
 .text._sbrk_r  0x00017d7c       0x24 C:/PROGRA~2/ARMGNU~1/142BCE~1.3RE/bin/../lib/gcc/arm-none-eabi/14.3.1/../../../../arm-none-eabi/lib/thumb/v7e-m+fp/hard\libc.a(libc_a-sbrkr.o)
                0x00017d7c                _sbrk_r
 .text.__errno  0x00017da0        0xc C:/PROGRA~2/ARMGNU~1/142BCE~1.3RE/bin/../lib/gcc/arm-none-eabi/14.3.1/../../../../arm-none-eabi/lib/thumb/v7e-m+fp/hard\libc.a(libc_a-errno.o)
                0x00017da0                __errno
 .text.sysconf  0x00017dac       0x1c C:/PROGRA~2/ARMGNU~1/142BCE~1.3RE/bin/../lib/gcc/arm-none-eabi/14.3.1/../../../../arm-none-eabi/lib/thumb/v7e-m+fp/hard\libc.a(libc_a-sysconf.o)
                0x00017dac                sysconf
 .text._calloc_r
                0x00017dc8       0x6c C:/PROGRA~2/ARMGNU~1/142BCE~1.3RE/bin/../lib/gcc/arm-none-eabi/14.3.1/../../../../arm-none-eabi/lib/thumb/v7e-m+fp/hard\libc.a(libc_a-callocr.o)
                0x00017dc8                _calloc_r
 .text._wcsnrtombs_l
                0x00017e34       0xf0 C:/PROGRA~2/ARMGNU~1/142BCE~1.3RE/bin/../lib/gcc/arm-none-eabi/14.3.1/../../../../arm-none-eabi/lib/thumb/v7e-m+fp/hard\libc.a(libc_a-wcsnrtombs.o)
                0x00017e34                _wcsnrtombs_l
 .text._wcsnrtombs_r
                0x00017f24       0x24 C:/PROGRA~2/ARMGNU~1/142BCE~1.3RE/bin/../lib/gcc/arm-none-eabi/14.3.1/../../../../arm-none-eabi/lib/thumb/v7e-m+fp/hard\libc.a(libc_a-wcsnrtombs.o)
                0x00017f24                _wcsnrtombs_r
 .text._sbrk    0x00017f48       0x38 output/Build_Platforms/nRF52840-DK/lib/chelpers/libchelpers.a(libc_hooks.c.obj)
                0x00017f48                _sbrk
 .text._write   0x00017f80        0xe output/Build_Platforms/nRF52840-DK/lib/qio/librtt_io.a(rtt_io.c.obj)
                0x00017f80                _write
 .text._read    0x00017f8e       0x1c output/Build_Platforms/nRF52840-DK/lib/qio/librtt_io.a(rtt_io.c.obj)
                0x00017f8e                _read
 *fill*         0x00017faa        0x2 
 .text.__assert_func
                0x00017fac       0xa8 output/Build_Platforms/nRF52840-DK/lib/qio/librtt_io.a(rtt_io.c.obj)
                0x00017fac                __assert_func
 .text._lseek   0x00018054        0x4 output/Build_Platforms/nRF52840-DK/lib/qio/librtt_io.a(common_libc_hooks.c.obj)
                0x00018054                _lseek
 .text._fstat   0x00018058        0xa output/Build_Platforms/nRF52840-DK/lib/qio/librtt_io.a(common_libc_hooks.c.obj)
                0x00018058                _fstat
 .text._isatty  0x00018062        0x4 output/Build_Platforms/nRF52840-DK/lib/qio/librtt_io.a(common_libc_hooks.c.obj)
                0x00018062                _isatty
 .text._close   0x00018066        0x6 output/Build_Platforms/nRF52840-DK/lib/qio/librtt_io.a(common_libc_hooks.c.obj)
                0x00018066                _close
 .text._GetAvailWriteSpace
                0x0001806c       0x18 output/Build_Platforms/nRF52840-DK/lib/rtt/libsegger_rtt.a(SEGGER_RTT.c.obj)
 .text._WriteNoCheck
                0x00018084       0x4c output/Build_Platforms/nRF52840-DK/lib/rtt/libsegger_rtt.a(SEGGER_RTT.c.obj)
 .text._WriteBlocking
                0x000180d0       0x62 output/Build_Platforms/nRF52840-DK/lib/rtt/libsegger_rtt.a(SEGGER_RTT.c.obj)
 *fill*         0x00018132        0x2 
 .text._DoInit  0x00018134       0x70 output/Build_Platforms/nRF52840-DK/lib/rtt/libsegger_rtt.a(SEGGER_RTT.c.obj)
 .text.SEGGER_RTT_ReadNoLock
                0x000181a4       0xa0 output/Build_Platforms/nRF52840-DK/lib/rtt/libsegger_rtt.a(SEGGER_RTT.c.obj)
                0x000181a4                SEGGER_RTT_ReadNoLock
 .text.SEGGER_RTT_Read
                0x00018244       0x1c output/Build_Platforms/nRF52840-DK/lib/rtt/libsegger_rtt.a(SEGGER_RTT.c.obj)
                0x00018244                SEGGER_RTT_Read
 .text.SEGGER_RTT_WriteNoLock
                0x00018260       0x6c output/Build_Platforms/nRF52840-DK/lib/rtt/libsegger_rtt.a(SEGGER_RTT.c.obj)
                0x00018260                SEGGER_RTT_WriteNoLock
 .text.SEGGER_RTT_Write
                0x000182cc       0x38 output/Build_Platforms/nRF52840-DK/lib/rtt/libsegger_rtt.a(SEGGER_RTT.c.obj)
                0x000182cc                SEGGER_RTT_Write
 .text.SEGGER_RTT_HasData
                0x00018304       0x20 output/Build_Platforms/nRF52840-DK/lib/rtt/libsegger_rtt.a(SEGGER_RTT.c.obj)
                0x00018304                SEGGER_RTT_HasData
 .text          0x00018324      0x378 C:/PROGRA~2/ARMGNU~1/142BCE~1.3RE/bin/../lib/gcc/arm-none-eabi/14.3.1/thumb/v7e-m+fp/hard\libgcc.a(_arm_addsubdf3.o)
                0x00018324                __aeabi_drsub
                0x0001832c                __aeabi_dsub
                0x0001832c                __subdf3
                0x00018330                __aeabi_dadd
                0x00018330                __adddf3
                0x000185a8                __floatunsidf
                0x000185a8                __aeabi_ui2d
                0x000185c8                __floatsidf
                0x000185c8                __aeabi_i2d
                0x000185ec                __aeabi_f2d
                0x000185ec                __extendsfdf2
                0x00018630                __floatundidf
                0x00018630                __aeabi_ul2d
                0x00018640                __floatdidf
                0x00018640                __aeabi_l2d
 .text          0x0001869c      0x424 C:/PROGRA~2/ARMGNU~1/142BCE~1.3RE/bin/../lib/gcc/arm-none-eabi/14.3.1/thumb/v7e-m+fp/hard\libgcc.a(_arm_muldivdf3.o)
                0x0001869c                __aeabi_dmul
                0x0001869c                __muldf3
                0x000188f0                __divdf3
                0x000188f0                __aeabi_ddiv
 .text          0x00018ac0      0x110 C:/PROGRA~2/ARMGNU~1/142BCE~1.3RE/bin/../lib/gcc/arm-none-eabi/14.3.1/thumb/v7e-m+fp/hard\libgcc.a(_arm_cmpdf2.o)
                0x00018ac0                __gtdf2
                0x00018ac0                __gedf2
                0x00018ac8                __ltdf2
                0x00018ac8                __ledf2
                0x00018ad0                __nedf2
                0x00018ad0                __eqdf2
                0x00018ad0                __cmpdf2
                0x00018b4c                __aeabi_cdrcmple
                0x00018b5c                __aeabi_cdcmpeq
                0x00018b5c                __aeabi_cdcmple
                0x00018b6c                __aeabi_dcmpeq
                0x00018b80                __aeabi_dcmplt
                0x00018b94                __aeabi_dcmple
                0x00018ba8                __aeabi_dcmpge
                0x00018bbc                __aeabi_dcmpgt
 .text          0x00018bd0       0x2c C:/PROGRA~2/ARMGNU~1/142BCE~1.3RE/bin/../lib/gcc/arm-none-eabi/14.3.1/thumb/v7e-m+fp/hard\libgcc.a(_arm_unorddf2.o)
                0x00018bd0                __unorddf2
                0x00018bd0                __aeabi_dcmpun
 .text          0x00018bfc       0x50 C:/PROGRA~2/ARMGNU~1/142BCE~1.3RE/bin/../lib/gcc/arm-none-eabi/14.3.1/thumb/v7e-m+fp/hard\libgcc.a(_arm_fixdfsi.o)
                0x00018bfc                __aeabi_d2iz
                0x00018bfc                __fixdfsi
                0x00018c4c                        __text_end__ = (__text_start__ + SIZEOF (.text))
                0x00006a98                        __text_size__ = SIZEOF (.text)
                0x00018c4c                        __text_load_end__ = __text_end__

.vfp11_veneer   0x00018c4c        0x0
 .vfp11_veneer  0x00018c4c        0x0 linker stubs

.v4_bx          0x00018c4c        0x0
 .v4_bx         0x00018c4c        0x0 linker stubs

.iplt           0x00018c4c        0x0
 .iplt          0x00018c4c        0x0 output/Src/tests/automated_tests/000-dummy/CMakeFiles/test_dummy.elf.dir/__/__/__/__/Build_Platforms/nRF52840-DK/sdk/modules/nrfx/mdk/system_nrf52840.c.obj
                0x00000001                        . = ASSERT (((__text_start__ == __text_end__) || ((__text_end__ - __FLASH_segment_start__) <= __FLASH_segment_size__)), error: .text is too large to fit in FLASH memory segment)
                0x00018c4c                        __log_const_data_load_start__ = ALIGN (__text_end__, 0x4)

.log_const_data
                0x00018c4c        0x0
                0x00018c4c                        __log_const_data_start__ = .
                0x00018c4c                        __start_log_const_data = __log_const_data_start__
 *(SORT_BY_NAME(.log_const_data*))
                0x00018c4c                        __log_const_data_end__ = (__log_const_data_start__ + SIZEOF (.log_const_data))
                0x00000000                        __log_const_data_size__ = SIZEOF (.log_const_data)
                0x00018c4c                        __stop_log_const_data = __log_const_data_end__
                0x00018c4c                        __log_const_data_load_end__ = __log_const_data_end__
                0x00000001                        . = ASSERT (((__log_const_data_start__ == __log_const_data_end__) || ((__log_const_data_end__ - __FLASH_segment_start__) <= __FLASH_segment_size__)), error: .log_const_data is too large to fit in FLASH memory segment)
                0x00018c4c                        __nrf_sections_load_start__ = ALIGN (__log_const_data_end__, 0x4)

.nrf_sections   0x00018c4c        0x0
                0x00018c4c                        __nrf_sections_start__ = .
                0x00018c4c                        __start_nrf_sections = __nrf_sections_start__
 *(.nrf_sections .nrf_sections.*)
                0x00018c4c                        __nrf_sections_end__ = (__nrf_sections_start__ + SIZEOF (.nrf_sections))
                0x00000000                        __nrf_sections_size__ = SIZEOF (.nrf_sections)
                0x00018c4c                        __nrf_sections_load_end__ = __nrf_sections_end__
                0x00000001                        . = ASSERT (((__nrf_sections_start__ == __nrf_sections_end__) || ((__nrf_sections_end__ - __FLASH_segment_start__) <= __FLASH_segment_size__)), error: .nrf_sections is too large to fit in FLASH memory segment)
                0x00018c4c                        __log_dynamic_data_load_start__ = ALIGN (__nrf_sections_end__, 0x4)

.log_dynamic_data
                0x20000000        0x0 load address 0x00018c4c
                0x20000000                        __log_dynamic_data_start__ = .
 *(SORT_BY_NAME(.log_dynamic_data*))
                0x20000000                        __log_dynamic_data_end__ = (__log_dynamic_data_start__ + SIZEOF (.log_dynamic_data))
                0x00000000                        __log_dynamic_data_size__ = SIZEOF (.log_dynamic_data)
                0x00018c4c                        __log_dynamic_data_load_end__ = (__log_dynamic_data_load_start__ + SIZEOF (.log_dynamic_data))
                0x00000001                        . = ASSERT (((__log_dynamic_data_load_start__ == __log_dynamic_data_load_end__) || ((__log_dynamic_data_load_end__ - __FLASH_segment_start__) <= __FLASH_segment_size__)), error: .log_dynamic_data is too large to fit in FLASH memory segment)

.log_dynamic_data_run
                0x20000000        0x0
                0x20000000                        __log_dynamic_data_run_start__ = .
                0x20000000                        __start_log_dynamic_data = __log_dynamic_data_run_start__
                0x20000000                        __log_dynamic_data_run_end__ = (__log_dynamic_data_run_start__ + SIZEOF (.log_dynamic_data))
                0x00000000                        __log_dynamic_data_run_size__ = (__log_dynamic_data_run_end__ - __log_dynamic_data_run_start__)
                0x20000000                        __stop_log_dynamic_data = __log_dynamic_data_run_end__
                0x20000000                        __log_dynamic_data_run_load_end__ = __log_dynamic_data_run_end__
                0x00000001                        . = ASSERT (((__log_dynamic_data_run_start__ == __log_dynamic_data_run_end__) || ((__log_dynamic_data_run_end__ - __RAM1_segment_start__) <= __RAM1_segment_size__)), error: .log_dynamic_data_run is too large to fit in RAM1 memory segment)
                0x20000000                        __nrf_sections_run_end_load_start__ = ALIGN (__log_dynamic_data_run_end__, 0x4)

.nrf_sections_run_end
                0x20000000        0x0
                0x20000000                        __nrf_sections_run_end_start__ = .
                0x20000000                        __end_nrf_sections_run = __nrf_sections_run_end_start__
 *(.nrf_sections_run_end .nrf_sections_run_end.*)
                0x20000000                        __nrf_sections_run_end_end__ = (__nrf_sections_run_end_start__ + SIZEOF (.nrf_sections_run_end))
                0x00000000                        __nrf_sections_run_end_size__ = SIZEOF (.nrf_sections_run_end)
                0x20000000                        __nrf_sections_run_end_load_end__ = __nrf_sections_run_end_end__
                0x00000001                        . = ASSERT (((__nrf_sections_run_end_start__ == __nrf_sections_run_end_end__) || ((__nrf_sections_run_end_end__ - __RAM1_segment_start__) <= __RAM1_segment_size__)), error: .nrf_sections_run_end is too large to fit in RAM1 memory segment)
                0x00018c4c                        __dtors_load_start__ = ALIGN ((__log_dynamic_data_load_start__ + SIZEOF (.log_dynamic_data)), 0x4)

.dtors          0x00018c4c        0x0
                0x00018c4c                        __dtors_start__ = .
 *(SORT_BY_NAME(.dtors.*))
 *(.dtors)
 *(.fini_array)
 *(SORT_BY_NAME(.fini_array.*))
                0x00018c4c                        __dtors_end__ = (__dtors_start__ + SIZEOF (.dtors))
                0x00000000                        __dtors_size__ = SIZEOF (.dtors)
                0x00018c4c                        __dtors_load_end__ = __dtors_end__
                0x00000001                        . = ASSERT (((__dtors_start__ == __dtors_end__) || ((__dtors_end__ - __FLASH_segment_start__) <= __FLASH_segment_size__)), error: .dtors is too large to fit in FLASH memory segment)
                0x00018c4c                        __ctors_load_start__ = ALIGN (__dtors_end__, 0x4)

.ctors          0x00018c4c        0x0
                0x00018c4c                        __ctors_start__ = .
 *(SORT_BY_NAME(.ctors.*))
 *(.ctors)
 *(.init_array)
 *(SORT_BY_NAME(.init_array.*))
                0x00018c4c                        __ctors_end__ = (__ctors_start__ + SIZEOF (.ctors))
                0x00000000                        __ctors_size__ = SIZEOF (.ctors)
                0x00018c4c                        __ctors_load_end__ = __ctors_end__
                0x00000001                        . = ASSERT (((__ctors_start__ == __ctors_end__) || ((__ctors_end__ - __FLASH_segment_start__) <= __FLASH_segment_size__)), error: .ctors is too large to fit in FLASH memory segment)
                0x00018c4c                        __rodata_load_start__ = ALIGN (__ctors_end__, 0x4)

.rodata         0x00018c4c      0x4a9
                0x00018c4c                        __rodata_start__ = .
 *(.rodata .rodata.* .gnu.linkonce.r.*)
 .rodata.main.str1.4
                0x00018c4c      0x269 output/Src/tests/automated_tests/000-dummy/CMakeFiles/test_dummy.elf.dir/main.c.obj
                                 0x1e (size before relaxing)
 .rodata._vfprintf_r.str1.4
                0x00018eb5       0x42 C:/PROGRA~2/ARMGNU~1/142BCE~1.3RE/bin/../lib/gcc/arm-none-eabi/14.3.1/../../../../arm-none-eabi/lib/thumb/v7e-m+fp/hard\libc.a(libc_a-vfprintf.o)
 *fill*         0x00018eb5        0x3 
 .rodata.zeroes.0
                0x00018eb8       0x10 C:/PROGRA~2/ARMGNU~1/142BCE~1.3RE/bin/../lib/gcc/arm-none-eabi/14.3.1/../../../../arm-none-eabi/lib/thumb/v7e-m+fp/hard\libc.a(libc_a-vfprintf.o)
 .rodata.blanks.1
                0x00018ec8       0x10 C:/PROGRA~2/ARMGNU~1/142BCE~1.3RE/bin/../lib/gcc/arm-none-eabi/14.3.1/../../../../arm-none-eabi/lib/thumb/v7e-m+fp/hard\libc.a(libc_a-vfprintf.o)
 .rodata.str1.4
                0x00018ed8       0x4c C:/PROGRA~2/ARMGNU~1/142BCE~1.3RE/bin/../lib/gcc/arm-none-eabi/14.3.1/../../../../arm-none-eabi/lib/thumb/v7e-m+fp/hard\libc.a(libc_a-locale.o)
 .rodata._dtoa_r.str1.4
                0x00018ed8       0x81 C:/PROGRA~2/ARMGNU~1/142BCE~1.3RE/bin/../lib/gcc/arm-none-eabi/14.3.1/../../../../arm-none-eabi/lib/thumb/v7e-m+fp/hard\libc.a(libc_a-dtoa.o)
 .rodata.__multadd.str1.4
                0x00018ed8       0x6e C:/PROGRA~2/ARMGNU~1/142BCE~1.3RE/bin/../lib/gcc/arm-none-eabi/14.3.1/../../../../arm-none-eabi/lib/thumb/v7e-m+fp/hard\libc.a(libc_a-mprec.o)
 .rodata.p05.0  0x00018ed8        0xc C:/PROGRA~2/ARMGNU~1/142BCE~1.3RE/bin/../lib/gcc/arm-none-eabi/14.3.1/../../../../arm-none-eabi/lib/thumb/v7e-m+fp/hard\libc.a(libc_a-mprec.o)
 *fill*         0x00018ee4        0x4 
 .rodata.__mprec_bigtens
                0x00018ee8       0x28 C:/PROGRA~2/ARMGNU~1/142BCE~1.3RE/bin/../lib/gcc/arm-none-eabi/14.3.1/../../../../arm-none-eabi/lib/thumb/v7e-m+fp/hard\libc.a(libc_a-mprec.o)
                0x00018ee8                __mprec_bigtens
 .rodata.__mprec_tens
                0x00018f10       0xc8 C:/PROGRA~2/ARMGNU~1/142BCE~1.3RE/bin/../lib/gcc/arm-none-eabi/14.3.1/../../../../arm-none-eabi/lib/thumb/v7e-m+fp/hard\libc.a(libc_a-mprec.o)
                0x00018f10                __mprec_tens
 .rodata._ctype_
                0x00018fd8      0x101 C:/PROGRA~2/ARMGNU~1/142BCE~1.3RE/bin/../lib/gcc/arm-none-eabi/14.3.1/../../../../arm-none-eabi/lib/thumb/v7e-m+fp/hard\libc.a(libc_a-ctype_.o)
                0x00018fd8                _ctype_
 .rodata._sbrk.str1.4
                0x000190d9       0x88 output/Build_Platforms/nRF52840-DK/lib/chelpers/libchelpers.a(libc_hooks.c.obj)
 *fill*         0x000190d9        0x3 
 .rodata.__func__.0
                0x000190dc        0x6 output/Build_Platforms/nRF52840-DK/lib/chelpers/libchelpers.a(libc_hooks.c.obj)
 .rodata.__assert_func.str1.4
                0x000190e2       0x4e output/Build_Platforms/nRF52840-DK/lib/qio/librtt_io.a(rtt_io.c.obj)
 .rodata._DoInit.str1.4
                0x000190e2        0x9 output/Build_Platforms/nRF52840-DK/lib/rtt/libsegger_rtt.a(SEGGER_RTT.c.obj)
 *fill*         0x000190e2        0x2 
 .rodata._aInitStr.0
                0x000190e4       0x11 output/Build_Platforms/nRF52840-DK/lib/rtt/libsegger_rtt.a(SEGGER_RTT.c.obj)
                0x000190f5                        __rodata_end__ = (__rodata_start__ + SIZEOF (.rodata))
                0x000004a9                        __rodata_size__ = SIZEOF (.rodata)
                0x000190f5                        __rodata_load_end__ = __rodata_end__
                0x00000001                        . = ASSERT (((__rodata_start__ == __rodata_end__) || ((__rodata_end__ - __FLASH_segment_start__) <= __FLASH_segment_size__)), error: .rodata is too large to fit in FLASH memory segment)
                0x000190f8                        __ARM.exidx_load_start__ = ALIGN (__rodata_end__, 0x4)

.ARM.exidx      0x000190f8        0x8
                0x000190f8                        __ARM.exidx_start__ = .
                0x000190f8                        __exidx_start = __ARM.exidx_start__
 *(.ARM.exidx .ARM.exidx.*)
 .ARM.exidx     0x000190f8        0x8 C:/PROGRA~2/ARMGNU~1/142BCE~1.3RE/bin/../lib/gcc/arm-none-eabi/14.3.1/../../../../arm-none-eabi/lib/thumb/v7e-m+fp/hard\libc.a(libc_a-memchr.o)
 .ARM.exidx     0x00019100        0x0 C:/PROGRA~2/ARMGNU~1/142BCE~1.3RE/bin/../lib/gcc/arm-none-eabi/14.3.1/../../../../arm-none-eabi/lib/thumb/v7e-m+fp/hard\libc.a(libc_a-memcpy.o)
                                  0x8 (size before relaxing)
 .ARM.exidx     0x00019100        0x0 C:/PROGRA~2/ARMGNU~1/142BCE~1.3RE/bin/../lib/gcc/arm-none-eabi/14.3.1/../../../../arm-none-eabi/lib/thumb/v7e-m+fp/hard\libc.a(libc_a-strlen.o)
                                  0x8 (size before relaxing)
                0x00019100                        __ARM.exidx_end__ = (__ARM.exidx_start__ + SIZEOF (.ARM.exidx))
                0x00000008                        __ARM.exidx_size__ = SIZEOF (.ARM.exidx)
                0x00019100                        __exidx_end = __ARM.exidx_end__
                0x00019100                        __ARM.exidx_load_end__ = __ARM.exidx_end__

.rel.dyn        0x00019100        0x0
 .rel.iplt      0x00019100        0x0 output/Src/tests/automated_tests/000-dummy/CMakeFiles/test_dummy.elf.dir/__/__/__/__/Build_Platforms/nRF52840-DK/sdk/modules/nrfx/mdk/system_nrf52840.c.obj
                0x00000001                        . = ASSERT (((__ARM.exidx_start__ == __ARM.exidx_end__) || ((__ARM.exidx_end__ - __FLASH_segment_start__) <= __FLASH_segment_size__)), error: .ARM.exidx is too large to fit in FLASH memory segment)
                0x00019100                        __fast_load_start__ = ALIGN (__ARM.exidx_end__, 0x4)

.fast           0x20000000        0x0 load address 0x00019100
                0x20000000                        __fast_start__ = .
 *(.fast .fast.*)
                0x20000000                        __fast_end__ = (__fast_start__ + SIZEOF (.fast))
                0x00000000                        __fast_size__ = SIZEOF (.fast)
                0x00019100                        __fast_load_end__ = (__fast_load_start__ + SIZEOF (.fast))
                0x00000001                        . = ASSERT (((__fast_load_start__ == __fast_load_end__) || ((__fast_load_end__ - __FLASH_segment_start__) <= __FLASH_segment_size__)), error: .fast is too large to fit in FLASH memory segment)

.fast_run       0x20000000        0x0
                0x20000000                        __fast_run_start__ = .
                0x20000000                        __fast_run_end__ = (__fast_run_start__ + SIZEOF (.fast))
                0x00000000                        __fast_run_size__ = (__fast_run_end__ - __fast_run_start__)
                0x20000000                        __fast_run_load_end__ = __fast_run_end__
                0x00000001                        . = ASSERT (((__fast_run_start__ == __fast_run_end__) || ((__fast_run_end__ - __RAM1_segment_start__) <= __RAM1_segment_size__)), error: .fast_run is too large to fit in RAM1 memory segment)
                0x00019100                        __data_load_start__ = ALIGN ((__fast_load_start__ + SIZEOF (.fast)), 0x4)

.data           0x20000000      0x87c load address 0x00019100
                0x20000000                        __data_start__ = .
 *(.data .data.* .gnu.linkonce.d.*)
 .data.SystemCoreClock
                0x20000000        0x4 output/Src/tests/automated_tests/000-dummy/CMakeFiles/test_dummy.elf.dir/__/__/__/__/Build_Platforms/nRF52840-DK/sdk/modules/nrfx/mdk/system_nrf52840.c.obj
                0x20000000                SystemCoreClock
 .data._impure_ptr
                0x20000004        0x4 C:/PROGRA~2/ARMGNU~1/142BCE~1.3RE/bin/../lib/gcc/arm-none-eabi/14.3.1/../../../../arm-none-eabi/lib/thumb/v7e-m+fp/hard\libc.a(libc_a-impure.o)
                0x20000004                _impure_ptr
 .data._impure_data
                0x20000008      0x200 C:/PROGRA~2/ARMGNU~1/142BCE~1.3RE/bin/../lib/gcc/arm-none-eabi/14.3.1/../../../../arm-none-eabi/lib/thumb/v7e-m+fp/hard\libc.a(libc_a-impure.o)
                0x20000008                _impure_data
 .data.__sglue  0x20000208        0xc C:/PROGRA~2/ARMGNU~1/142BCE~1.3RE/bin/../lib/gcc/arm-none-eabi/14.3.1/../../../../arm-none-eabi/lib/thumb/v7e-m+fp/hard\libc.a(libc_a-findfp.o)
                0x20000208                __sglue
 .data.__global_locale
                0x20000214      0x254 C:/PROGRA~2/ARMGNU~1/142BCE~1.3RE/bin/../lib/gcc/arm-none-eabi/14.3.1/../../../../arm-none-eabi/lib/thumb/v7e-m+fp/hard\libc.a(libc_a-locale.o)
                0x20000214                __global_locale
 .data.__malloc_sbrk_base
                0x20000468        0x4 C:/PROGRA~2/ARMGNU~1/142BCE~1.3RE/bin/../lib/gcc/arm-none-eabi/14.3.1/../../../../arm-none-eabi/lib/thumb/v7e-m+fp/hard\libc.a(libc_a-mallocr.o)
                0x20000468                __malloc_sbrk_base
 .data.__malloc_trim_threshold
                0x2000046c        0x4 C:/PROGRA~2/ARMGNU~1/142BCE~1.3RE/bin/../lib/gcc/arm-none-eabi/14.3.1/../../../../arm-none-eabi/lib/thumb/v7e-m+fp/hard\libc.a(libc_a-mallocr.o)
                0x2000046c                __malloc_trim_threshold
 .data.__malloc_av_
                0x20000470      0x408 C:/PROGRA~2/ARMGNU~1/142BCE~1.3RE/bin/../lib/gcc/arm-none-eabi/14.3.1/../../../../arm-none-eabi/lib/thumb/v7e-m+fp/hard\libc.a(libc_a-mallocr.o)
                0x20000470                __malloc_av_
 .data.current_top.1
                0x20000878        0x4 output/Build_Platforms/nRF52840-DK/lib/chelpers/libchelpers.a(libc_hooks.c.obj)
                0x2000087c                        __data_end__ = (__data_start__ + SIZEOF (.data))
                0x0000087c                        __data_size__ = SIZEOF (.data)
                0x0001997c                        __data_load_end__ = (__data_load_start__ + SIZEOF (.data))

.igot.plt       0x2000087c        0x0 load address 0x0001997c
 .igot.plt      0x2000087c        0x0 output/Src/tests/automated_tests/000-dummy/CMakeFiles/test_dummy.elf.dir/__/__/__/__/Build_Platforms/nRF52840-DK/sdk/modules/nrfx/mdk/system_nrf52840.c.obj
                0x00000001                        . = ASSERT (((__data_load_start__ == __data_load_end__) || ((__data_load_end__ - __FLASH_segment_start__) <= __FLASH_segment_size__)), error: .data is too large to fit in FLASH memory segment)

.data_run       0x20000000        0x0
                0x20000000                        __data_run_start__ = .
                0x2000087c                        __data_run_end__ = (__data_run_start__ + SIZEOF (.data))
                0x0000087c                        __data_run_size__ = (__data_run_end__ - __data_run_start__)
                0x2000087c                        __data_run_load_end__ = __data_run_end__
                0x00000001                        . = ASSERT (((__data_run_start__ == __data_run_end__) || ((__data_run_end__ - __RAM1_segment_start__) <= __RAM1_segment_size__)), error: .data_run is too large to fit in RAM1 memory segment)
                0x0001997c                        __tdata_load_start__ = ALIGN ((__data_load_start__ + SIZEOF (.data)), 0x4)

.tdata          0x2000087c        0x0 load address 0x0001997c
                0x2000087c                        __tdata_start__ = .
 *(.tdata .tdata.*)
                0x2000087c                        __tdata_end__ = (__tdata_start__ + SIZEOF (.tdata))
                0x00000000                        __tdata_size__ = SIZEOF (.tdata)
                0x0001997c                        __tdata_load_end__ = (__tdata_load_start__ + SIZEOF (.tdata))
                0x0001997c                        __FLASH_segment_used_end__ = (ALIGN ((__data_load_start__ + SIZEOF (.data)), 0x4) + SIZEOF (.tdata))
                0x0001997c                        __FLASH_segment_used_size__ = (__FLASH_segment_used_end__ - __FLASH_segment_start__)
                0x00000001                        . = ASSERT (((__tdata_load_start__ == __tdata_load_end__) || ((__tdata_load_end__ - __FLASH_segment_start__) <= __FLASH_segment_size__)), error: .tdata is too large to fit in FLASH memory segment)

.tdata_run      0x2000087c        0x0
                0x2000087c                        __tdata_run_start__ = .
                0x2000087c                        __tdata_run_end__ = (__tdata_run_start__ + SIZEOF (.tdata))
                0x00000000                        __tdata_run_size__ = (__tdata_run_end__ - __tdata_run_start__)
                0x2000087c                        __tdata_run_load_end__ = __tdata_run_end__
                0x00000001                        . = ASSERT (((__tdata_run_start__ == __tdata_run_end__) || ((__tdata_run_end__ - __RAM1_segment_start__) <= __RAM1_segment_size__)), error: .tdata_run is too large to fit in RAM1 memory segment)
                0x2000087c                        __bss_load_start__ = ALIGN (__tdata_run_end__, 0x4)

.bss            0x2000087c      0x724
                0x2000087c                        __bss_start__ = .
 *(.bss .bss.* .gnu.linkonce.b.*)
 .bss.__sf      0x2000087c      0x138 C:/PROGRA~2/ARMGNU~1/142BCE~1.3RE/bin/../lib/gcc/arm-none-eabi/14.3.1/../../../../arm-none-eabi/lib/thumb/v7e-m+fp/hard\libc.a(libc_a-findfp.o)
                0x2000087c                __sf
 .bss.__stdio_exit_handler
                0x200009b4        0x4 C:/PROGRA~2/ARMGNU~1/142BCE~1.3RE/bin/../lib/gcc/arm-none-eabi/14.3.1/../../../../arm-none-eabi/lib/thumb/v7e-m+fp/hard\libc.a(libc_a-findfp.o)
                0x200009b4                __stdio_exit_handler
 .bss.errno     0x200009b8        0x4 C:/PROGRA~2/ARMGNU~1/142BCE~1.3RE/bin/../lib/gcc/arm-none-eabi/14.3.1/../../../../arm-none-eabi/lib/thumb/v7e-m+fp/hard\libc.a(libc_a-reent.o)
                0x200009b8                errno
 .bss.__lock___malloc_recursive_mutex
                0x200009bc        0x1 C:/PROGRA~2/ARMGNU~1/142BCE~1.3RE/bin/../lib/gcc/arm-none-eabi/14.3.1/../../../../arm-none-eabi/lib/thumb/v7e-m+fp/hard\libc.a(libc_a-lock.o)
                0x200009bc                __lock___malloc_recursive_mutex
 *fill*         0x200009bd        0x3 
 .bss.__lock___sfp_recursive_mutex
                0x200009c0        0x1 C:/PROGRA~2/ARMGNU~1/142BCE~1.3RE/bin/../lib/gcc/arm-none-eabi/14.3.1/../../../../arm-none-eabi/lib/thumb/v7e-m+fp/hard\libc.a(libc_a-lock.o)
                0x200009c0                __lock___sfp_recursive_mutex
 *fill*         0x200009c1        0x3 
 .bss.__malloc_current_mallinfo
                0x200009c4       0x28 C:/PROGRA~2/ARMGNU~1/142BCE~1.3RE/bin/../lib/gcc/arm-none-eabi/14.3.1/../../../../arm-none-eabi/lib/thumb/v7e-m+fp/hard\libc.a(libc_a-mallocr.o)
                0x200009c4                __malloc_current_mallinfo
 .bss.__malloc_max_total_mem
                0x200009ec        0x4 C:/PROGRA~2/ARMGNU~1/142BCE~1.3RE/bin/../lib/gcc/arm-none-eabi/14.3.1/../../../../arm-none-eabi/lib/thumb/v7e-m+fp/hard\libc.a(libc_a-mallocr.o)
                0x200009ec                __malloc_max_total_mem
 .bss.__malloc_max_sbrked_mem
                0x200009f0        0x4 C:/PROGRA~2/ARMGNU~1/142BCE~1.3RE/bin/../lib/gcc/arm-none-eabi/14.3.1/../../../../arm-none-eabi/lib/thumb/v7e-m+fp/hard\libc.a(libc_a-mallocr.o)
                0x200009f0                __malloc_max_sbrked_mem
 .bss.__malloc_top_pad
                0x200009f4        0x4 C:/PROGRA~2/ARMGNU~1/142BCE~1.3RE/bin/../lib/gcc/arm-none-eabi/14.3.1/../../../../arm-none-eabi/lib/thumb/v7e-m+fp/hard\libc.a(libc_a-mallocr.o)
                0x200009f4                __malloc_top_pad
 .bss._acDownBuffer
                0x200009f8      0x100 output/Build_Platforms/nRF52840-DK/lib/rtt/libsegger_rtt.a(SEGGER_RTT.c.obj)
 .bss._acUpBuffer
                0x20000af8      0x400 output/Build_Platforms/nRF52840-DK/lib/rtt/libsegger_rtt.a(SEGGER_RTT.c.obj)
 .bss._SEGGER_RTT
                0x20000ef8       0xa8 output/Build_Platforms/nRF52840-DK/lib/rtt/libsegger_rtt.a(SEGGER_RTT.c.obj)
                0x20000ef8                _SEGGER_RTT
 *(COMMON)
                0x20000fa0                        __bss_end__ = (__bss_start__ + SIZEOF (.bss))
                0x00000724                        __bss_size__ = SIZEOF (.bss)
                0x20000fa0                        __bss_load_end__ = __bss_end__
                0x00000001                        . = ASSERT (((__bss_start__ == __bss_end__) || ((__bss_end__ - __RAM1_segment_start__) <= __RAM1_segment_size__)), error: .bss is too large to fit in RAM1 memory segment)
                0x20000fa0                        __tbss_load_start__ = ALIGN (__bss_end__, 0x4)

.tbss           0x20000fa0        0x0
                0x20000fa0                        __tbss_start__ = .
 *(.tbss .tbss.*)
                0x20000fa0                        __tbss_end__ = (__tbss_start__ + SIZEOF (.tbss))
                0x00000000                        __tbss_size__ = SIZEOF (.tbss)
                0x20000fa0                        __tbss_load_end__ = __tbss_end__
                0x00000001                        . = ASSERT (((__tbss_start__ == __tbss_end__) || ((__tbss_end__ - __RAM1_segment_start__) <= __RAM1_segment_size__)), error: .tbss is too large to fit in RAM1 memory segment)
                0x20000fa0                        __nrf_balloc_load_start__ = ALIGN (__tbss_end__, 0x4)

.nrf_balloc     0x20000fa0        0x0
                0x20000fa0                        __nrf_balloc_start__ = .
 *(.nrf_balloc .nrf_balloc.*)
                0x20000fa0                        __nrf_balloc_end__ = (__nrf_balloc_start__ + SIZEOF (.nrf_balloc))
                0x00000000                        __nrf_balloc_size__ = SIZEOF (.nrf_balloc)
                0x20000fa0                        __nrf_balloc_load_end__ = __nrf_balloc_end__
                0x00000001                        . = ASSERT (((__nrf_balloc_start__ == __nrf_balloc_end__) || ((__nrf_balloc_end__ - __RAM1_segment_start__) <= __RAM1_segment_size__)), error: .nrf_balloc is too large to fit in RAM1 memory segment)
                0x20000fa0                        __heap_load_start__ = ALIGN (__nrf_balloc_end__, 0x4)

.heap           0x20000fa0     0x2000
                0x20000fa0                        __heap_start__ = .
 *(.heap .heap.*)
                0x20002fa0                        . = ALIGN (MAX ((__heap_start__ + __HEAPSIZE__), .), 0x4)
 *fill*         0x20000fa0     0x2000 
                0x20002fa0                        __heap_end__ = (__heap_start__ + SIZEOF (.heap))
                0x00002000                        __heap_size__ = SIZEOF (.heap)
                0x20002fa0                        __heap_load_end__ = __heap_end__
                0x00000001                        . = ASSERT (((__heap_start__ == __heap_end__) || ((__heap_end__ - __RAM1_segment_start__) <= __RAM1_segment_size__)), error: .heap is too large to fit in RAM1 memory segment)
                0x00000001                        . = ASSERT ((__heap_size__ <= __HEAPSIZE__), error: .heap is larger than specified size)
                0x20002fa0                        __stack_load_start__ = __heap_end__

.stack          0x20002fa0     0x2000
                0x20002fa0                        __stack_start__ = .
                0x20002fa0                        __StackLimit = __stack_start__
 *(.stack .stack.*)
                0x20004fa0                        . = ALIGN (MAX ((__stack_start__ + __STACKSIZE__), .), 0x8)
 *fill*         0x20002fa0     0x2000 
                0x20004fa0                        __stack_end__ = (__stack_start__ + SIZEOF (.stack))
                0x00002000                        __stack_size__ = SIZEOF (.stack)
                0x20004fa0                        __StackTop = __stack_end__
                0x20004fa0                        __stack_load_end__ = __stack_end__
                0x00000001                        . = ASSERT (((__stack_start__ == __stack_end__) || ((__stack_end__ - __RAM1_segment_start__) <= __RAM1_segment_size__)), error: .stack is too large to fit in RAM1 memory segment)
                0x00000001                        . = ASSERT ((__stack_size__ <= __STACKSIZE__), error: .stack is larger than specified size)
                0x00000001                        . = ASSERT ((__heap_end__ <= __stack_start__), error: section .heap overlaps absolute placed section .stack)
                0x20004fa0                        __stack_process_load_start__ = ALIGN (__stack_end__, 0x8)

.stack_process  0x20004fa0        0x0
                0x20004fa0                        __stack_process_start__ = .
 *(.stack_process .stack_process.*)
                0x20004fa0                        . = ALIGN (MAX ((__stack_process_start__ + __STACKSIZE_PROCESS__), .), 0x8)
                0x20004fa0                        __stack_process_end__ = (__stack_process_start__ + SIZEOF (.stack_process))
                0x00000000                        __stack_process_size__ = SIZEOF (.stack_process)
                0x20004fa0                        __stack_process_load_end__ = __stack_process_end__
                0x20004fa0                        __RAM1_segment_used_end__ = (ALIGN (__stack_end__, 0x8) + SIZEOF (.stack_process))
                0x00004fa0                        __RAM1_segment_used_size__ = (__RAM1_segment_used_end__ - __RAM1_segment_start__)
                0x00000001                        . = ASSERT (((__stack_process_start__ == __stack_process_end__) || ((__stack_process_end__ - __RAM1_segment_start__) <= __RAM1_segment_size__)), error: .stack_process is too large to fit in RAM1 memory segment)
                0x00000001                        . = ASSERT ((__stack_process_size__ <= __STACKSIZE_PROCESS__), error: .stack_process is larger than specified size)
OUTPUT(output\Src\tests\automated_tests\000-dummy\test_dummy.elf elf32-littlearm)
LOAD linker stubs

.debug_info     0x00000000     0x3b0b
 .debug_info    0x00000000     0x1276 output/Src/tests/automated_tests/000-dummy/CMakeFiles/test_dummy.elf.dir/__/__/__/__/Build_Platforms/nRF52840-DK/sdk/modules/nrfx/mdk/system_nrf52840.c.obj
 .debug_info    0x00001276       0x48 output/Src/tests/automated_tests/000-dummy/CMakeFiles/test_dummy.elf.dir/dummy.c.obj
 .debug_info    0x000012be      0x117 output/Src/tests/automated_tests/000-dummy/CMakeFiles/test_dummy.elf.dir/main.c.obj
 .debug_info    0x000013d5       0x24 output/Build_Platforms/nRF52840-DK/Startup/libnrf52840_startup.a(ses_startup_nrf_common.s.obj)
 .debug_info    0x000013f9       0x23 output/Build_Platforms/nRF52840-DK/Startup/libnrf52840_startup.a(thumb_crt0.s.obj)
 .debug_info    0x0000141c       0x24 output/Build_Platforms/nRF52840-DK/Startup/libnrf52840_startup.a(ses_startup_nrf52840.s.obj)
 .debug_info    0x00001440      0x194 output/Build_Platforms/nRF52840-DK/lib/chelpers/libchelpers.a(libc_hooks.c.obj)
 .debug_info    0x000015d4      0x409 output/Build_Platforms/nRF52840-DK/lib/qio/librtt_io.a(rtt_io.c.obj)
 .debug_info    0x000019dd      0x357 output/Build_Platforms/nRF52840-DK/lib/qio/librtt_io.a(common_libc_hooks.c.obj)
 .debug_info    0x00001d34     0x1dd7 output/Build_Platforms/nRF52840-DK/lib/rtt/libsegger_rtt.a(SEGGER_RTT.c.obj)

.debug_abbrev   0x00000000      0x8bc
 .debug_abbrev  0x00000000      0x1d0 output/Src/tests/automated_tests/000-dummy/CMakeFiles/test_dummy.elf.dir/__/__/__/__/Build_Platforms/nRF52840-DK/sdk/modules/nrfx/mdk/system_nrf52840.c.obj
 .debug_abbrev  0x000001d0       0x3c output/Src/tests/automated_tests/000-dummy/CMakeFiles/test_dummy.elf.dir/dummy.c.obj
 .debug_abbrev  0x0000020c       0xd0 output/Src/tests/automated_tests/000-dummy/CMakeFiles/test_dummy.elf.dir/main.c.obj
 .debug_abbrev  0x000002dc       0x14 output/Build_Platforms/nRF52840-DK/Startup/libnrf52840_startup.a(ses_startup_nrf_common.s.obj)
 .debug_abbrev  0x000002f0       0x12 output/Build_Platforms/nRF52840-DK/Startup/libnrf52840_startup.a(thumb_crt0.s.obj)
 .debug_abbrev  0x00000302       0x14 output/Build_Platforms/nRF52840-DK/Startup/libnrf52840_startup.a(ses_startup_nrf52840.s.obj)
 .debug_abbrev  0x00000316      0x10d output/Build_Platforms/nRF52840-DK/lib/chelpers/libchelpers.a(libc_hooks.c.obj)
 .debug_abbrev  0x00000423      0x15a output/Build_Platforms/nRF52840-DK/lib/qio/librtt_io.a(rtt_io.c.obj)
 .debug_abbrev  0x0000057d       0xda output/Build_Platforms/nRF52840-DK/lib/qio/librtt_io.a(common_libc_hooks.c.obj)
 .debug_abbrev  0x00000657      0x265 output/Build_Platforms/nRF52840-DK/lib/rtt/libsegger_rtt.a(SEGGER_RTT.c.obj)

.debug_loclists
                0x00000000     0x1bb6
 .debug_loclists
                0x00000000       0xe6 output/Src/tests/automated_tests/000-dummy/CMakeFiles/test_dummy.elf.dir/__/__/__/__/Build_Platforms/nRF52840-DK/sdk/modules/nrfx/mdk/system_nrf52840.c.obj
 .debug_loclists
                0x000000e6       0x20 output/Src/tests/automated_tests/000-dummy/CMakeFiles/test_dummy.elf.dir/main.c.obj
 .debug_loclists
                0x00000106       0x48 output/Build_Platforms/nRF52840-DK/lib/chelpers/libchelpers.a(libc_hooks.c.obj)
 .debug_loclists
                0x0000014e      0x131 output/Build_Platforms/nRF52840-DK/lib/qio/librtt_io.a(rtt_io.c.obj)
 .debug_loclists
                0x0000027f       0x80 output/Build_Platforms/nRF52840-DK/lib/qio/librtt_io.a(common_libc_hooks.c.obj)
 .debug_loclists
                0x000002ff     0x18b7 output/Build_Platforms/nRF52840-DK/lib/rtt/libsegger_rtt.a(SEGGER_RTT.c.obj)

.debug_aranges  0x00000000      0x2f8
 .debug_aranges
                0x00000000       0x60 output/Src/tests/automated_tests/000-dummy/CMakeFiles/test_dummy.elf.dir/__/__/__/__/Build_Platforms/nRF52840-DK/sdk/modules/nrfx/mdk/system_nrf52840.c.obj
 .debug_aranges
                0x00000060       0x20 output/Src/tests/automated_tests/000-dummy/CMakeFiles/test_dummy.elf.dir/dummy.c.obj
 .debug_aranges
                0x00000080       0x20 output/Src/tests/automated_tests/000-dummy/CMakeFiles/test_dummy.elf.dir/main.c.obj
 .debug_aranges
                0x000000a0       0x20 output/Build_Platforms/nRF52840-DK/Startup/libnrf52840_startup.a(ses_startup_nrf_common.s.obj)
 .debug_aranges
                0x000000c0       0x50 output/Build_Platforms/nRF52840-DK/Startup/libnrf52840_startup.a(thumb_crt0.s.obj)
 .debug_aranges
                0x00000110       0x20 output/Build_Platforms/nRF52840-DK/Startup/libnrf52840_startup.a(ses_startup_nrf52840.s.obj)
 .debug_aranges
                0x00000130       0x20 output/Build_Platforms/nRF52840-DK/lib/chelpers/libchelpers.a(libc_hooks.c.obj)
 .debug_aranges
                0x00000150       0x38 output/Build_Platforms/nRF52840-DK/lib/qio/librtt_io.a(rtt_io.c.obj)
 .debug_aranges
                0x00000188       0x38 output/Build_Platforms/nRF52840-DK/lib/qio/librtt_io.a(common_libc_hooks.c.obj)
 .debug_aranges
                0x000001c0      0x138 output/Build_Platforms/nRF52840-DK/lib/rtt/libsegger_rtt.a(SEGGER_RTT.c.obj)

.debug_rnglists
                0x00000000      0x30d
 .debug_rnglists
                0x00000000       0x44 output/Src/tests/automated_tests/000-dummy/CMakeFiles/test_dummy.elf.dir/__/__/__/__/Build_Platforms/nRF52840-DK/sdk/modules/nrfx/mdk/system_nrf52840.c.obj
 .debug_rnglists
                0x00000044       0x13 output/Src/tests/automated_tests/000-dummy/CMakeFiles/test_dummy.elf.dir/dummy.c.obj
 .debug_rnglists
                0x00000057       0x13 output/Src/tests/automated_tests/000-dummy/CMakeFiles/test_dummy.elf.dir/main.c.obj
 .debug_rnglists
                0x0000006a       0x38 output/Build_Platforms/nRF52840-DK/Startup/libnrf52840_startup.a(thumb_crt0.s.obj)
 .debug_rnglists
                0x000000a2       0x13 output/Build_Platforms/nRF52840-DK/lib/chelpers/libchelpers.a(libc_hooks.c.obj)
 .debug_rnglists
                0x000000b5       0x26 output/Build_Platforms/nRF52840-DK/lib/qio/librtt_io.a(rtt_io.c.obj)
 .debug_rnglists
                0x000000db       0x25 output/Build_Platforms/nRF52840-DK/lib/qio/librtt_io.a(common_libc_hooks.c.obj)
 .debug_rnglists
                0x00000100      0x20d output/Build_Platforms/nRF52840-DK/lib/rtt/libsegger_rtt.a(SEGGER_RTT.c.obj)

.debug_macro    0x00000000    0x16f40
 .debug_macro   0x00000000      0x132 output/Src/tests/automated_tests/000-dummy/CMakeFiles/test_dummy.elf.dir/__/__/__/__/Build_Platforms/nRF52840-DK/sdk/modules/nrfx/mdk/system_nrf52840.c.obj
 .debug_macro   0x00000132      0xade output/Src/tests/automated_tests/000-dummy/CMakeFiles/test_dummy.elf.dir/__/__/__/__/Build_Platforms/nRF52840-DK/sdk/modules/nrfx/mdk/system_nrf52840.c.obj
 .debug_macro   0x00000c10       0x22 output/Src/tests/automated_tests/000-dummy/CMakeFiles/test_dummy.elf.dir/__/__/__/__/Build_Platforms/nRF52840-DK/sdk/modules/nrfx/mdk/system_nrf52840.c.obj
 .debug_macro   0x00000c32       0x56 output/Src/tests/automated_tests/000-dummy/CMakeFiles/test_dummy.elf.dir/__/__/__/__/Build_Platforms/nRF52840-DK/sdk/modules/nrfx/mdk/system_nrf52840.c.obj
 .debug_macro   0x00000c88       0x51 output/Src/tests/automated_tests/000-dummy/CMakeFiles/test_dummy.elf.dir/__/__/__/__/Build_Platforms/nRF52840-DK/sdk/modules/nrfx/mdk/system_nrf52840.c.obj
 .debug_macro   0x00000cd9      0x103 output/Src/tests/automated_tests/000-dummy/CMakeFiles/test_dummy.elf.dir/__/__/__/__/Build_Platforms/nRF52840-DK/sdk/modules/nrfx/mdk/system_nrf52840.c.obj
 .debug_macro   0x00000ddc       0x6a output/Src/tests/automated_tests/000-dummy/CMakeFiles/test_dummy.elf.dir/__/__/__/__/Build_Platforms/nRF52840-DK/sdk/modules/nrfx/mdk/system_nrf52840.c.obj
 .debug_macro   0x00000e46      0x1df output/Src/tests/automated_tests/000-dummy/CMakeFiles/test_dummy.elf.dir/__/__/__/__/Build_Platforms/nRF52840-DK/sdk/modules/nrfx/mdk/system_nrf52840.c.obj
 .debug_macro   0x00001025       0x22 output/Src/tests/automated_tests/000-dummy/CMakeFiles/test_dummy.elf.dir/__/__/__/__/Build_Platforms/nRF52840-DK/sdk/modules/nrfx/mdk/system_nrf52840.c.obj
 .debug_macro   0x00001047       0x22 output/Src/tests/automated_tests/000-dummy/CMakeFiles/test_dummy.elf.dir/__/__/__/__/Build_Platforms/nRF52840-DK/sdk/modules/nrfx/mdk/system_nrf52840.c.obj
 .debug_macro   0x00001069       0x3b output/Src/tests/automated_tests/000-dummy/CMakeFiles/test_dummy.elf.dir/__/__/__/__/Build_Platforms/nRF52840-DK/sdk/modules/nrfx/mdk/system_nrf52840.c.obj
 .debug_macro   0x000010a4       0x1c output/Src/tests/automated_tests/000-dummy/CMakeFiles/test_dummy.elf.dir/__/__/__/__/Build_Platforms/nRF52840-DK/sdk/modules/nrfx/mdk/system_nrf52840.c.obj
 .debug_macro   0x000010c0       0x22 output/Src/tests/automated_tests/000-dummy/CMakeFiles/test_dummy.elf.dir/__/__/__/__/Build_Platforms/nRF52840-DK/sdk/modules/nrfx/mdk/system_nrf52840.c.obj
 .debug_macro   0x000010e2       0xfb output/Src/tests/automated_tests/000-dummy/CMakeFiles/test_dummy.elf.dir/__/__/__/__/Build_Platforms/nRF52840-DK/sdk/modules/nrfx/mdk/system_nrf52840.c.obj
 .debug_macro   0x000011dd     0x1011 output/Src/tests/automated_tests/000-dummy/CMakeFiles/test_dummy.elf.dir/__/__/__/__/Build_Platforms/nRF52840-DK/sdk/modules/nrfx/mdk/system_nrf52840.c.obj
 .debug_macro   0x000021ee      0x11f output/Src/tests/automated_tests/000-dummy/CMakeFiles/test_dummy.elf.dir/__/__/__/__/Build_Platforms/nRF52840-DK/sdk/modules/nrfx/mdk/system_nrf52840.c.obj
 .debug_macro   0x0000230d      0x402 output/Src/tests/automated_tests/000-dummy/CMakeFiles/test_dummy.elf.dir/__/__/__/__/Build_Platforms/nRF52840-DK/sdk/modules/nrfx/mdk/system_nrf52840.c.obj
 .debug_macro   0x0000270f    0x10cfd output/Src/tests/automated_tests/000-dummy/CMakeFiles/test_dummy.elf.dir/__/__/__/__/Build_Platforms/nRF52840-DK/sdk/modules/nrfx/mdk/system_nrf52840.c.obj
 .debug_macro   0x0001340c      0xa65 output/Src/tests/automated_tests/000-dummy/CMakeFiles/test_dummy.elf.dir/__/__/__/__/Build_Platforms/nRF52840-DK/sdk/modules/nrfx/mdk/system_nrf52840.c.obj
 .debug_macro   0x00013e71       0x96 output/Src/tests/automated_tests/000-dummy/CMakeFiles/test_dummy.elf.dir/__/__/__/__/Build_Platforms/nRF52840-DK/sdk/modules/nrfx/mdk/system_nrf52840.c.obj
 .debug_macro   0x00013f07       0x40 output/Src/tests/automated_tests/000-dummy/CMakeFiles/test_dummy.elf.dir/__/__/__/__/Build_Platforms/nRF52840-DK/sdk/modules/nrfx/mdk/system_nrf52840.c.obj
 .debug_macro   0x00013f47       0x1e output/Src/tests/automated_tests/000-dummy/CMakeFiles/test_dummy.elf.dir/dummy.c.obj
 .debug_macro   0x00013f65      0x107 output/Src/tests/automated_tests/000-dummy/CMakeFiles/test_dummy.elf.dir/main.c.obj
 .debug_macro   0x0001406c       0x75 output/Src/tests/automated_tests/000-dummy/CMakeFiles/test_dummy.elf.dir/main.c.obj
 .debug_macro   0x000140e1       0x2a output/Src/tests/automated_tests/000-dummy/CMakeFiles/test_dummy.elf.dir/main.c.obj
 .debug_macro   0x0001410b       0x5c output/Src/tests/automated_tests/000-dummy/CMakeFiles/test_dummy.elf.dir/main.c.obj
 .debug_macro   0x00014167       0x3c output/Src/tests/automated_tests/000-dummy/CMakeFiles/test_dummy.elf.dir/main.c.obj
 .debug_macro   0x000141a3       0x34 output/Src/tests/automated_tests/000-dummy/CMakeFiles/test_dummy.elf.dir/main.c.obj
 .debug_macro   0x000141d7       0x16 output/Src/tests/automated_tests/000-dummy/CMakeFiles/test_dummy.elf.dir/main.c.obj
 .debug_macro   0x000141ed       0x57 output/Src/tests/automated_tests/000-dummy/CMakeFiles/test_dummy.elf.dir/main.c.obj
 .debug_macro   0x00014244       0x9e output/Src/tests/automated_tests/000-dummy/CMakeFiles/test_dummy.elf.dir/main.c.obj
 .debug_macro   0x000142e2      0x364 output/Src/tests/automated_tests/000-dummy/CMakeFiles/test_dummy.elf.dir/main.c.obj
 .debug_macro   0x00014646      0x112 output/Src/tests/automated_tests/000-dummy/CMakeFiles/test_dummy.elf.dir/main.c.obj
 .debug_macro   0x00014758       0x10 output/Src/tests/automated_tests/000-dummy/CMakeFiles/test_dummy.elf.dir/main.c.obj
 .debug_macro   0x00014768       0x16 output/Src/tests/automated_tests/000-dummy/CMakeFiles/test_dummy.elf.dir/main.c.obj
 .debug_macro   0x0001477e       0x4a output/Src/tests/automated_tests/000-dummy/CMakeFiles/test_dummy.elf.dir/main.c.obj
 .debug_macro   0x000147c8       0x34 output/Src/tests/automated_tests/000-dummy/CMakeFiles/test_dummy.elf.dir/main.c.obj
 .debug_macro   0x000147fc       0x10 output/Src/tests/automated_tests/000-dummy/CMakeFiles/test_dummy.elf.dir/main.c.obj
 .debug_macro   0x0001480c       0x58 output/Src/tests/automated_tests/000-dummy/CMakeFiles/test_dummy.elf.dir/main.c.obj
 .debug_macro   0x00014864      0x1e5 output/Src/tests/automated_tests/000-dummy/CMakeFiles/test_dummy.elf.dir/main.c.obj
 .debug_macro   0x00014a49       0x16 output/Src/tests/automated_tests/000-dummy/CMakeFiles/test_dummy.elf.dir/main.c.obj
 .debug_macro   0x00014a5f       0x16 output/Src/tests/automated_tests/000-dummy/CMakeFiles/test_dummy.elf.dir/main.c.obj
 .debug_macro   0x00014a75      0x12a output/Src/tests/automated_tests/000-dummy/CMakeFiles/test_dummy.elf.dir/main.c.obj
 .debug_macro   0x00014b9f      0x10e output/Build_Platforms/nRF52840-DK/lib/chelpers/libchelpers.a(libc_hooks.c.obj)
 .debug_macro   0x00014cad      0xad8 output/Build_Platforms/nRF52840-DK/lib/chelpers/libchelpers.a(libc_hooks.c.obj)
 .debug_macro   0x00015785       0x7b output/Build_Platforms/nRF52840-DK/lib/chelpers/libchelpers.a(libc_hooks.c.obj)
 .debug_macro   0x00015800       0x1c output/Build_Platforms/nRF52840-DK/lib/chelpers/libchelpers.a(libc_hooks.c.obj)
 .debug_macro   0x0001581c      0x190 output/Build_Platforms/nRF52840-DK/lib/chelpers/libchelpers.a(libc_hooks.c.obj)
 .debug_macro   0x000159ac       0x10 output/Build_Platforms/nRF52840-DK/lib/chelpers/libchelpers.a(libc_hooks.c.obj)
 .debug_macro   0x000159bc       0xac output/Build_Platforms/nRF52840-DK/lib/chelpers/libchelpers.a(libc_hooks.c.obj)
 .debug_macro   0x00015a68      0x165 output/Build_Platforms/nRF52840-DK/lib/qio/librtt_io.a(rtt_io.c.obj)
 .debug_macro   0x00015bcd      0xaf0 output/Build_Platforms/nRF52840-DK/lib/qio/librtt_io.a(rtt_io.c.obj)
 .debug_macro   0x000166bd       0x16 output/Build_Platforms/nRF52840-DK/lib/qio/librtt_io.a(rtt_io.c.obj)
 .debug_macro   0x000166d3      0x11c output/Build_Platforms/nRF52840-DK/lib/qio/librtt_io.a(rtt_io.c.obj)
 .debug_macro   0x000167ef       0x9b output/Build_Platforms/nRF52840-DK/lib/qio/librtt_io.a(rtt_io.c.obj)
 .debug_macro   0x0001688a       0x22 output/Build_Platforms/nRF52840-DK/lib/qio/librtt_io.a(rtt_io.c.obj)
 .debug_macro   0x000168ac       0x16 output/Build_Platforms/nRF52840-DK/lib/qio/librtt_io.a(rtt_io.c.obj)
 .debug_macro   0x000168c2       0x3c output/Build_Platforms/nRF52840-DK/lib/qio/librtt_io.a(rtt_io.c.obj)
 .debug_macro   0x000168fe       0x2a output/Build_Platforms/nRF52840-DK/lib/qio/librtt_io.a(rtt_io.c.obj)
 .debug_macro   0x00016928       0x35 output/Build_Platforms/nRF52840-DK/lib/qio/librtt_io.a(rtt_io.c.obj)
 .debug_macro   0x0001695d       0x58 output/Build_Platforms/nRF52840-DK/lib/qio/librtt_io.a(rtt_io.c.obj)
 .debug_macro   0x000169b5      0x138 output/Build_Platforms/nRF52840-DK/lib/qio/librtt_io.a(rtt_io.c.obj)
 .debug_macro   0x00016aed      0x13c output/Build_Platforms/nRF52840-DK/lib/qio/librtt_io.a(common_libc_hooks.c.obj)
 .debug_macro   0x00016c29       0x10 output/Build_Platforms/nRF52840-DK/lib/qio/librtt_io.a(common_libc_hooks.c.obj)
 .debug_macro   0x00016c39       0x10 output/Build_Platforms/nRF52840-DK/lib/qio/librtt_io.a(common_libc_hooks.c.obj)
 .debug_macro   0x00016c49       0x10 output/Build_Platforms/nRF52840-DK/lib/qio/librtt_io.a(common_libc_hooks.c.obj)
 .debug_macro   0x00016c59       0x2e output/Build_Platforms/nRF52840-DK/lib/qio/librtt_io.a(common_libc_hooks.c.obj)
 .debug_macro   0x00016c87      0x102 output/Build_Platforms/nRF52840-DK/lib/qio/librtt_io.a(common_libc_hooks.c.obj)
 .debug_macro   0x00016d89      0x1b7 output/Build_Platforms/nRF52840-DK/lib/rtt/libsegger_rtt.a(SEGGER_RTT.c.obj)

.debug_line     0x00000000     0x2acd
 .debug_line    0x00000000      0x71b output/Src/tests/automated_tests/000-dummy/CMakeFiles/test_dummy.elf.dir/__/__/__/__/Build_Platforms/nRF52840-DK/sdk/modules/nrfx/mdk/system_nrf52840.c.obj
 .debug_line    0x0000071b       0xe3 output/Src/tests/automated_tests/000-dummy/CMakeFiles/test_dummy.elf.dir/dummy.c.obj
 .debug_line    0x000007fe      0x27e output/Src/tests/automated_tests/000-dummy/CMakeFiles/test_dummy.elf.dir/main.c.obj
 .debug_line    0x00000a7c       0x60 output/Build_Platforms/nRF52840-DK/Startup/libnrf52840_startup.a(ses_startup_nrf_common.s.obj)
 .debug_line    0x00000adc      0x14a output/Build_Platforms/nRF52840-DK/Startup/libnrf52840_startup.a(thumb_crt0.s.obj)
 .debug_line    0x00000c26       0x57 output/Build_Platforms/nRF52840-DK/Startup/libnrf52840_startup.a(ses_startup_nrf52840.s.obj)
 .debug_line    0x00000c7d      0x312 output/Build_Platforms/nRF52840-DK/lib/chelpers/libchelpers.a(libc_hooks.c.obj)
 .debug_line    0x00000f8f      0x41e output/Build_Platforms/nRF52840-DK/lib/qio/librtt_io.a(rtt_io.c.obj)
 .debug_line    0x000013ad      0x300 output/Build_Platforms/nRF52840-DK/lib/qio/librtt_io.a(common_libc_hooks.c.obj)
 .debug_line    0x000016ad     0x1420 output/Build_Platforms/nRF52840-DK/lib/rtt/libsegger_rtt.a(SEGGER_RTT.c.obj)

.debug_str      0x00000000    0x7a0e6
 .debug_str     0x00000000    0x7a0e6 output/Src/tests/automated_tests/000-dummy/CMakeFiles/test_dummy.elf.dir/__/__/__/__/Build_Platforms/nRF52840-DK/sdk/modules/nrfx/mdk/system_nrf52840.c.obj
                              0x75c73 (size before relaxing)
 .debug_str     0x0007a0e6     0x2f30 output/Src/tests/automated_tests/000-dummy/CMakeFiles/test_dummy.elf.dir/dummy.c.obj
 .debug_str     0x0007a0e6     0x6646 output/Src/tests/automated_tests/000-dummy/CMakeFiles/test_dummy.elf.dir/main.c.obj
 .debug_str     0x0007a0e6       0xb3 output/Build_Platforms/nRF52840-DK/Startup/libnrf52840_startup.a(ses_startup_nrf_common.s.obj)
 .debug_str     0x0007a0e6       0x9a output/Build_Platforms/nRF52840-DK/Startup/libnrf52840_startup.a(thumb_crt0.s.obj)
 .debug_str     0x0007a0e6       0xb1 output/Build_Platforms/nRF52840-DK/Startup/libnrf52840_startup.a(ses_startup_nrf52840.s.obj)
 .debug_str     0x0007a0e6     0x5dd9 output/Build_Platforms/nRF52840-DK/lib/chelpers/libchelpers.a(libc_hooks.c.obj)
 .debug_str     0x0007a0e6     0x79f8 output/Build_Platforms/nRF52840-DK/lib/qio/librtt_io.a(rtt_io.c.obj)
 .debug_str     0x0007a0e6     0x6aa4 output/Build_Platforms/nRF52840-DK/lib/qio/librtt_io.a(common_libc_hooks.c.obj)
 .debug_str     0x0007a0e6     0x8120 output/Build_Platforms/nRF52840-DK/lib/rtt/libsegger_rtt.a(SEGGER_RTT.c.obj)

.comment        0x00000000       0x46
 .comment       0x00000000       0x46 output/Src/tests/automated_tests/000-dummy/CMakeFiles/test_dummy.elf.dir/__/__/__/__/Build_Platforms/nRF52840-DK/sdk/modules/nrfx/mdk/system_nrf52840.c.obj
                                 0x47 (size before relaxing)
 .comment       0x00000046       0x47 output/Src/tests/automated_tests/000-dummy/CMakeFiles/test_dummy.elf.dir/dummy.c.obj
 .comment       0x00000046       0x47 output/Src/tests/automated_tests/000-dummy/CMakeFiles/test_dummy.elf.dir/main.c.obj
 .comment       0x00000046       0x47 output/Build_Platforms/nRF52840-DK/lib/chelpers/libchelpers.a(libc_hooks.c.obj)
 .comment       0x00000046       0x47 output/Build_Platforms/nRF52840-DK/lib/qio/librtt_io.a(rtt_io.c.obj)
 .comment       0x00000046       0x47 output/Build_Platforms/nRF52840-DK/lib/qio/librtt_io.a(common_libc_hooks.c.obj)
 .comment       0x00000046       0x47 output/Build_Platforms/nRF52840-DK/lib/rtt/libsegger_rtt.a(SEGGER_RTT.c.obj)

.ARM.attributes
                0x00000000       0x32
 .ARM.attributes
                0x00000000       0x34 output/Src/tests/automated_tests/000-dummy/CMakeFiles/test_dummy.elf.dir/__/__/__/__/Build_Platforms/nRF52840-DK/sdk/modules/nrfx/mdk/system_nrf52840.c.obj
 .ARM.attributes
                0x00000034       0x34 output/Src/tests/automated_tests/000-dummy/CMakeFiles/test_dummy.elf.dir/dummy.c.obj
 .ARM.attributes
                0x00000068       0x34 output/Src/tests/automated_tests/000-dummy/CMakeFiles/test_dummy.elf.dir/main.c.obj
 .ARM.attributes
                0x0000009c       0x20 output/Build_Platforms/nRF52840-DK/Startup/libnrf52840_startup.a(ses_startup_nrf_common.s.obj)
 .ARM.attributes
                0x000000bc       0x20 output/Build_Platforms/nRF52840-DK/Startup/libnrf52840_startup.a(thumb_crt0.s.obj)
 .ARM.attributes
                0x000000dc       0x20 output/Build_Platforms/nRF52840-DK/Startup/libnrf52840_startup.a(ses_startup_nrf52840.s.obj)
 .ARM.attributes
                0x000000fc       0x34 C:/PROGRA~2/ARMGNU~1/142BCE~1.3RE/bin/../lib/gcc/arm-none-eabi/14.3.1/../../../../arm-none-eabi/lib/thumb/v7e-m+fp/hard\libc.a(libc_a-printf.o)
 .ARM.attributes
                0x00000130       0x34 C:/PROGRA~2/ARMGNU~1/142BCE~1.3RE/bin/../lib/gcc/arm-none-eabi/14.3.1/../../../../arm-none-eabi/lib/thumb/v7e-m+fp/hard\libc.a(libc_a-impure.o)
 .ARM.attributes
                0x00000164       0x34 C:/PROGRA~2/ARMGNU~1/142BCE~1.3RE/bin/../lib/gcc/arm-none-eabi/14.3.1/../../../../arm-none-eabi/lib/thumb/v7e-m+fp/hard\libc.a(libc_a-vfprintf.o)
 .ARM.attributes
                0x00000198       0x34 C:/PROGRA~2/ARMGNU~1/142BCE~1.3RE/bin/../lib/gcc/arm-none-eabi/14.3.1/../../../../arm-none-eabi/lib/thumb/v7e-m+fp/hard\libc.a(libc_a-sprint_r.o)
 .ARM.attributes
                0x000001cc       0x34 C:/PROGRA~2/ARMGNU~1/142BCE~1.3RE/bin/../lib/gcc/arm-none-eabi/14.3.1/../../../../arm-none-eabi/lib/thumb/v7e-m+fp/hard\libc.a(libc_a-fflush.o)
 .ARM.attributes
                0x00000200       0x34 C:/PROGRA~2/ARMGNU~1/142BCE~1.3RE/bin/../lib/gcc/arm-none-eabi/14.3.1/../../../../arm-none-eabi/lib/thumb/v7e-m+fp/hard\libc.a(libc_a-findfp.o)
 .ARM.attributes
                0x00000234       0x34 C:/PROGRA~2/ARMGNU~1/142BCE~1.3RE/bin/../lib/gcc/arm-none-eabi/14.3.1/../../../../arm-none-eabi/lib/thumb/v7e-m+fp/hard\libc.a(libc_a-fvwrite.o)
 .ARM.attributes
                0x00000268       0x34 C:/PROGRA~2/ARMGNU~1/142BCE~1.3RE/bin/../lib/gcc/arm-none-eabi/14.3.1/../../../../arm-none-eabi/lib/thumb/v7e-m+fp/hard\libc.a(libc_a-fwalk.o)
 .ARM.attributes
                0x0000029c       0x34 C:/PROGRA~2/ARMGNU~1/142BCE~1.3RE/bin/../lib/gcc/arm-none-eabi/14.3.1/../../../../arm-none-eabi/lib/thumb/v7e-m+fp/hard\libc.a(libc_a-stdio.o)
 .ARM.attributes
                0x000002d0       0x34 C:/PROGRA~2/ARMGNU~1/142BCE~1.3RE/bin/../lib/gcc/arm-none-eabi/14.3.1/../../../../arm-none-eabi/lib/thumb/v7e-m+fp/hard\libc.a(libc_a-wsetup.o)
 .ARM.attributes
                0x00000304       0x34 C:/PROGRA~2/ARMGNU~1/142BCE~1.3RE/bin/../lib/gcc/arm-none-eabi/14.3.1/../../../../arm-none-eabi/lib/thumb/v7e-m+fp/hard\libc.a(libc_a-memmove.o)
 .ARM.attributes
                0x00000338       0x34 C:/PROGRA~2/ARMGNU~1/142BCE~1.3RE/bin/../lib/gcc/arm-none-eabi/14.3.1/../../../../arm-none-eabi/lib/thumb/v7e-m+fp/hard\libc.a(libc_a-memset.o)
 .ARM.attributes
                0x0000036c       0x34 C:/PROGRA~2/ARMGNU~1/142BCE~1.3RE/bin/../lib/gcc/arm-none-eabi/14.3.1/../../../../arm-none-eabi/lib/thumb/v7e-m+fp/hard\libc.a(libc_a-strncpy.o)
 .ARM.attributes
                0x000003a0       0x34 C:/PROGRA~2/ARMGNU~1/142BCE~1.3RE/bin/../lib/gcc/arm-none-eabi/14.3.1/../../../../arm-none-eabi/lib/thumb/v7e-m+fp/hard\libc.a(libc_a-locale.o)
 .ARM.attributes
                0x000003d4       0x34 C:/PROGRA~2/ARMGNU~1/142BCE~1.3RE/bin/../lib/gcc/arm-none-eabi/14.3.1/../../../../arm-none-eabi/lib/thumb/v7e-m+fp/hard\libc.a(libc_a-localeconv.o)
 .ARM.attributes
                0x00000408       0x34 C:/PROGRA~2/ARMGNU~1/142BCE~1.3RE/bin/../lib/gcc/arm-none-eabi/14.3.1/../../../../arm-none-eabi/lib/thumb/v7e-m+fp/hard\libc.a(libc_a-closer.o)
 .ARM.attributes
                0x0000043c       0x34 C:/PROGRA~2/ARMGNU~1/142BCE~1.3RE/bin/../lib/gcc/arm-none-eabi/14.3.1/../../../../arm-none-eabi/lib/thumb/v7e-m+fp/hard\libc.a(libc_a-reent.o)
 .ARM.attributes
                0x00000470       0x34 C:/PROGRA~2/ARMGNU~1/142BCE~1.3RE/bin/../lib/gcc/arm-none-eabi/14.3.1/../../../../arm-none-eabi/lib/thumb/v7e-m+fp/hard\libc.a(libc_a-lseekr.o)
 .ARM.attributes
                0x000004a4       0x34 C:/PROGRA~2/ARMGNU~1/142BCE~1.3RE/bin/../lib/gcc/arm-none-eabi/14.3.1/../../../../arm-none-eabi/lib/thumb/v7e-m+fp/hard\libc.a(libc_a-readr.o)
 .ARM.attributes
                0x000004d8       0x34 C:/PROGRA~2/ARMGNU~1/142BCE~1.3RE/bin/../lib/gcc/arm-none-eabi/14.3.1/../../../../arm-none-eabi/lib/thumb/v7e-m+fp/hard\libc.a(libc_a-writer.o)
 .ARM.attributes
                0x0000050c       0x34 C:/PROGRA~2/ARMGNU~1/142BCE~1.3RE/bin/../lib/gcc/arm-none-eabi/14.3.1/../../../../arm-none-eabi/lib/thumb/v7e-m+fp/hard\libc.a(libc_a-lock.o)
 .ARM.attributes
                0x00000540       0x1c C:/PROGRA~2/ARMGNU~1/142BCE~1.3RE/bin/../lib/gcc/arm-none-eabi/14.3.1/../../../../arm-none-eabi/lib/thumb/v7e-m+fp/hard\libc.a(libc_a-memchr.o)
 .ARM.attributes
                0x0000055c       0x20 C:/PROGRA~2/ARMGNU~1/142BCE~1.3RE/bin/../lib/gcc/arm-none-eabi/14.3.1/../../../../arm-none-eabi/lib/thumb/v7e-m+fp/hard\libc.a(libc_a-memcpy.o)
 .ARM.attributes
                0x0000057c       0x1c C:/PROGRA~2/ARMGNU~1/142BCE~1.3RE/bin/../lib/gcc/arm-none-eabi/14.3.1/../../../../arm-none-eabi/lib/thumb/v7e-m+fp/hard\libc.a(libc_a-strlen.o)
 .ARM.attributes
                0x00000598       0x34 C:/PROGRA~2/ARMGNU~1/142BCE~1.3RE/bin/../lib/gcc/arm-none-eabi/14.3.1/../../../../arm-none-eabi/lib/thumb/v7e-m+fp/hard\libc.a(libm_a-s_frexp.o)
 .ARM.attributes
                0x000005cc       0x34 C:/PROGRA~2/ARMGNU~1/142BCE~1.3RE/bin/../lib/gcc/arm-none-eabi/14.3.1/../../../../arm-none-eabi/lib/thumb/v7e-m+fp/hard\libc.a(libc_a-dtoa.o)
 .ARM.attributes
                0x00000600       0x34 C:/PROGRA~2/ARMGNU~1/142BCE~1.3RE/bin/../lib/gcc/arm-none-eabi/14.3.1/../../../../arm-none-eabi/lib/thumb/v7e-m+fp/hard\libc.a(libc_a-freer.o)