Archive member included to satisfy reference by file (symbol)

output/Build_Platforms/nRF52840-DK/Startup/libnrf52840_startup.a(ses_startup_nrf_common.s.obj)
                              (Reset_Handler)
output/Build_Platforms/nRF52840-DK/Startup/libnrf52840_startup.a(thumb_crt0.s.obj)
                              output/Build_Platforms/nRF52840-DK/Startup/libnrf52840_startup.a(ses_startup_nrf_common.s.obj) (_start)
output/Build_Platforms/nRF52840-DK/Startup/libnrf52840_startup.a(ses_startup_nrf52840.s.obj)
                              output/Build_Platforms/nRF52840-DK/Startup/libnrf52840_startup.a(ses_startup_nrf_common.s.obj) (nRFInitialize)
C:/PROGRA~2/ARMGNU~1/142BCE~1.3RE/bin/../lib/gcc/arm-none-eabi/14.3.1/../../../../arm-none-eabi/lib/thumb/v7e-m+fp/hard\libc.a(libc_a-printf.o)
                              output/Src/tests/automated_tests/test_pll_cal/CMakeFiles/test_pll_cal.elf.dir/__/test_common.c.obj (printf)
C:/PROGRA~2/ARMGNU~1/142BCE~1.3RE/bin/../lib/gcc/arm-none-eabi/14.3.1/../../../../arm-none-eabi/lib/thumb/v7e-m+fp/hard\libc.a(libc_a-memset.o)
                              output/Src/tests/automated_tests/test_pll_cal/CMakeFiles/test_pll_cal.elf.dir/__/__/__/__/Build_Platforms/nRF52840-DK/Source/platform/deca_spi.c.obj (memset)
C:/PROGRA~2/ARMGNU~1/142BCE~1.3RE/bin/../lib/gcc/arm-none-eabi/14.3.1/../../../../arm-none-eabi/lib/thumb/v7e-m+fp/hard\libc.a(libc_a-impure.o)
                              C:/PROGRA~2/ARMGNU~1/142BCE~1.3RE/bin/../lib/gcc/arm-none-eabi/14.3.1/../../../../arm-none-eabi/lib/thumb/v7e-m+fp/hard\libc.a(libc_a-printf.o) (_impure_ptr)
C:/PROGRA~2/ARMGNU~1/142BCE~1.3RE/bin/../lib/gcc/arm-none-eabi/14.3.1/../../../../arm-none-eabi/lib/thumb/v7e-m+fp/hard\libc.a(libc_a-memcpy.o)
                              output/Src/tests/automated_tests/test_pll_cal/CMakeFiles/test_pll_cal.elf.dir/__/__/__/__/Build_Platforms/nRF52840-DK/Source/platform/deca_spi.c.obj (memcpy)
C:/PROGRA~2/ARMGNU~1/142BCE~1.3RE/bin/../lib/gcc/arm-none-eabi/14.3.1/../../../../arm-none-eabi/lib/thumb/v7e-m+fp/hard\libc.a(libc_a-strlen.o)
                              output/Src/tests/automated_tests/test_pll_cal/CMakeFiles/test_pll_cal.elf.dir/__/__/__/__/Build_Platforms/nRF52840-DK/sdk/components/libraries/log/src/nrf_log_frontend.c.obj (strlen)
C:/PROGRA~2/ARMGNU~1/142BCE~1.3RE/bin/../lib/gcc/arm-none-eabi/14.3.1/../../../../arm-none-eabi/lib/thumb/v7e-m+fp/hard\libc.a(libc_a-vfprintf.o)
                              C:/PROGRA~2/ARMGNU~1/142BCE~1.3RE/bin/../lib/gcc/arm-none-eabi/14.3.1/../../../../arm-none-eabi/lib/thumb/v7e-m+fp/hard\libc.a(libc_a-printf.o) (_vfprintf_r)
C:/PROGRA~2/ARMGNU~1/142BCE~1.3RE/bin/../lib/gcc/arm-none-eabi/14.3.1/../../../../arm-none-eabi/lib/thumb/v7e-m+fp/hard\libc.a(libc_a-sprint_r.o)
                              C:/PROGRA~2/ARMGNU~1/142BCE~1.3RE/bin/../lib/gcc/arm-none-eabi/14.3.1/../../../../arm-none-eabi/lib/thumb/v7e-m+fp/hard\libc.a(libc_a-vfprintf.o) (__sprint_r)
C:/PROGRA~2/ARMGNU~1/142BCE~1.3RE/bin/../lib/gcc/arm-none-eabi/14.3.1/../../../../arm-none-eabi/lib/thumb/v7e-m+fp/hard\libc.a(libc_a-fflush.o)
                              C:/PROGRA~2/ARMGNU~1/142BCE~1.3RE/bin/../lib/gcc/arm-none-eabi/14.3.1/../../../../arm-none-eabi/lib/thumb/v7e-m+fp/hard\libc.a(libc_a-vfprintf.o) (_fflush_r)
C:/PROGRA~2/ARMGNU~1/142BCE~1.3RE/bin/../lib/gcc/arm-none-eabi/14.3.1/../../../../arm-none-eabi/lib/thumb/v7e-m+fp/hard\libc.a(libc_a-findfp.o)
                              C:/PROGRA~2/ARMGNU~1/142BCE~1.3RE/bin/../lib/gcc/arm-none-eabi/14.3.1/../../../../arm-none-eabi/lib/thumb/v7e-m+fp/hard\libc.a(libc_a-fflush.o) (__sglue)
C:/PROGRA~2/ARMGNU~1/142BCE~1.3RE/bin/../lib/gcc/arm-none-eabi/14.3.1/../../../../arm-none-eabi/lib/thumb/v7e-m+fp/hard\libc.a(libc_a-fvwrite.o)
                              C:/PROGRA~2/ARMGNU~1/142BCE~1.3RE/bin/../lib/gcc/arm-none-eabi/14.3.1/../../../../arm-none-eabi/lib/thumb/v7e-m+fp/hard\libc.a(libc_a-sprint_r.o) (__sfvwrite_r)
C:/PROGRA~2/ARMGNU~1/142BCE~1.3RE/bin/../lib/gcc/arm-none-eabi/14.3.1/../../../../arm-none-eabi/lib/thumb/v7e-m+fp/hard\libc.a(libc_a-fwalk.o)
                              C:/PROGRA~2/ARMGNU~1/142BCE~1.3RE/bin/../lib/gcc/arm-none-eabi/14.3.1/../../../../arm-none-eabi/lib/thumb/v7e-m+fp/hard\libc.a(libc_a-fflush.o) (_fwalk_sglue)
C:/PROGRA~2/ARMGNU~1/142BCE~1.3RE/bin/../lib/gcc/arm-none-eabi/14.3.1/../../../../arm-none-eabi/lib/thumb/v7e-m+fp/hard\libc.a(libc_a-stdio.o)
                              C:/PROGRA~2/ARMGNU~1/142BCE~1.3RE/bin/../lib/gcc/arm-none-eabi/14.3.1/../../../../arm-none-eabi/lib/thumb/v7e-m+fp/hard\libc.a(libc_a-findfp.o) (__sread)
C:/PROGRA~2/ARMGNU~1/142BCE~1.3RE/bin/../lib/gcc/arm-none-eabi/14.3.1/../../../../arm-none-eabi/lib/thumb/v7e-m+fp/hard\libc.a(libc_a-wsetup.o)
                              C:/PROGRA~2/ARMGNU~1/142BCE~1.3RE/bin/../lib/gcc/arm-none-eabi/14.3.1/../../../../arm-none-eabi/lib/thumb/v7e-m+fp/hard\libc.a(libc_a-vfprintf.o) (__swsetup_r)
[...]
Memory Configuration

Name             Origin             Length             Attributes
RAM1             0x20000000         0x00040000         xw
FLASH            0x00000000         0x00100000         xw
*default*        0x00000000         0xffffffff

Linker script and memory map

LOAD output/Src/tests/automated_tests/test_pll_cal/CMakeFiles/test_pll_cal.elf.dir/__/test_common.c.obj
LOAD output/Src/tests/automated_tests/test_pll_cal/CMakeFiles/test_pll_cal.elf.dir/test_pll_cal.c.obj
LOAD output/Src/tests/automated_tests/test_pll_cal/CMakeFiles/test_pll_cal.elf.dir/__/__/__/__/Build_Platforms/nRF52840-DK/Source/platform/deca_mutex.c.obj
LOAD output/Src/tests/automated_tests/test_pll_cal/CMakeFiles/test_pll_cal.elf.dir/__/__/__/__/Build_Platforms/nRF52840-DK/Source/platform/deca_probe_interface.c.obj
LOAD output/Src/tests/automated_tests/test_pll_cal/CMakeFiles/test_pll_cal.elf.dir/__/__/__/__/Build_Platforms/nRF52840-DK/Source/platform/deca_sleep.c.obj
LOAD output/Src/tests/automated_tests/test_pll_cal/CMakeFiles/test_pll_cal.elf.dir/__/__/__/__/Build_Platforms/nRF52840-DK/Source/platform/deca_spi.c.obj
LOAD output/Src/tests/automated_tests/test_pll_cal/CMakeFiles/test_pll_cal.elf.dir/__/__/__/__/Build_Platforms/nRF52840-DK/Source/platform/port.c.obj
LOAD output/Src/tests/automated_tests/test_pll_cal/CMakeFiles/test_pll_cal.elf.dir/__/__/__/__/Build_Platforms/nRF52840-DK/sdk/modules/nrfx/mdk/system_nrf52840.c.obj
LOAD output/Src/tests/automated_tests/test_pll_cal/CMakeFiles/test_pll_cal.elf.dir/__/__/__/__/Build_Platforms/nRF52840-DK/sdk/integration/nrfx/legacy/nrf_drv_spi.c.obj
LOAD output/Src/tests/automated_tests/test_pll_cal/CMakeFiles/test_pll_cal.elf.dir/__/__/__/__/Build_Platforms/nRF52840-DK/sdk/modules/nrfx/drivers/src/nrfx_gpiote.c.obj
LOAD output/Src/tests/automated_tests/test_pll_cal/CMakeFiles/test_pll_cal.elf.dir/__/__/__/__/Build_Platforms/nRF52840-DK/sdk/modules/nrfx/drivers/src/prs/nrfx_prs.c.obj
LOAD output/Src/tests/automated_tests/test_pll_cal/CMakeFiles/test_pll_cal.elf.dir/__/__/__/__/Build_Platforms/nRF52840-DK/sdk/modules/nrfx/drivers/src/nrfx_spim.c.obj
LOAD output/Src/tests/automated_tests/test_pll_cal/CMakeFiles/test_pll_cal.elf.dir/__/__/__/__/Build_Platforms/nRF52840-DK/sdk/components/libraries/util/app_error.c.obj
LOAD output/Src/tests/automated_tests/test_pll_cal/CMakeFiles/test_pll_cal.elf.dir/__/__/__/__/Build_Platforms/nRF52840-DK/sdk/components/libraries/util/app_error_handler_gcc.c.obj
LOAD output/Src/tests/automated_tests/test_pll_cal/CMakeFiles/test_pll_cal.elf.dir/__/__/__/__/Build_Platforms/nRF52840-DK/sdk/components/libraries/util/app_error_weak.c.obj
LOAD output/Src/tests/automated_tests/test_pll_cal/CMakeFiles/test_pll_cal.elf.dir/__/__/__/__/Build_Platforms/nRF52840-DK/sdk/components/libraries/util/app_util_platform.c.obj
LOAD output/Src/tests/automated_tests/test_pll_cal/CMakeFiles/test_pll_cal.elf.dir/__/__/__/__/Build_Platforms/nRF52840-DK/sdk/components/libraries/atomic/nrf_atomic.c.obj
LOAD output/Src/tests/automated_tests/test_pll_cal/CMakeFiles/test_pll_cal.elf.dir/__/__/__/__/Build_Platforms/nRF52840-DK/sdk/components/libraries/balloc/nrf_balloc.c.obj
LOAD output/Src/tests/automated_tests/test_pll_cal/CMakeFiles/test_pll_cal.elf.dir/__/__/__/__/Build_Platforms/nRF52840-DK/sdk/components/libraries/log/src/nrf_log_frontend.c.obj
LOAD output/Src/tests/automated_tests/test_pll_cal/CMakeFiles/test_pll_cal.elf.dir/__/__/__/__/Build_Platforms/nRF52840-DK/sdk/components/libraries/memobj/nrf_memobj.c.obj
LOAD output/Src/tests/automated_tests/test_pll_cal/CMakeFiles/test_pll_cal.elf.dir/__/__/__/__/Build_Platforms/nRF52840-DK/sdk/components/libraries/strerror/nrf_strerror.c.obj
LOAD output/Src/tests/automated_tests/test_pll_cal/CMakeFiles/test_pll_cal.elf.dir/__/__/__/__/Build_Platforms/nRF52840-DK/sdk/components/boards/boards.c.obj
LOAD output/Build_Platforms/nRF52840-DK/Startup/libnrf52840_startup.a
LOAD C:/PROGRA~2/ARMGNU~1/142BCE~1.3RE/bin/../lib/gcc/arm-none-eabi/14.3.1/../../../../arm-none-eabi/lib/thumb/v7e-m+fp/hard\libc.a
LOAD output/Build_Platforms/nRF52840-DK/lib/chelpers/libchelpers.a
LOAD output/Build_Platforms/nRF52840-DK/lib/qio/librtt_io.a
LOAD API/Shared/dwt_uwb_driver/libuwb_driver.a
LOAD output/Build_Platforms/nRF52840-DK/lib/rtt/libsegger_rtt.a
LOAD C:/PROGRA~2/ARMGNU~1/142BCE~1.3RE/bin/../lib/gcc/arm-none-eabi/14.3.1/../../../../arm-none-eabi/lib/thumb/v7e-m+fp/hard\libc.a
LOAD API/Shared/dwt_uwb_driver/dw3000/libdw3000_uwb_driver.a
LOAD API/Shared/dwt_uwb_driver/dw3720/libdw3720_uwb_driver.a
LOAD API/Shared/dwt_uwb_driver/libuwb_driver.a
LOAD API/Shared/dwt_uwb_driver/dw3000/libdw3000_uwb_driver.a
LOAD API/Shared/dwt_uwb_driver/dw3720/libdw3720_uwb_driver.a
LOAD API/Shared/dwt_uwb_driver/lib/qmath/libqmath.a
START GROUP
LOAD C:/PROGRA~2/ARMGNU~1/142BCE~1.3RE/bin/../lib/gcc/arm-none-eabi/14.3.1/thumb/v7e-m+fp/hard\libgcc.a
LOAD C:/PROGRA~2/ARMGNU~1/142BCE~1.3RE/bin/../lib/gcc/arm-none-eabi/14.3.1/../../../../arm-none-eabi/lib/thumb/v7e-m+fp/hard\libg.a
LOAD C:/PROGRA~2/ARMGNU~1/142BCE~1.3RE/bin/../lib/gcc/arm-none-eabi/14.3.1/../../../../arm-none-eabi/lib/thumb/v7e-m+fp/hard\libc.a
END GROUP
                0x20000000                        __RAM1_segment_start__ = 0x20000000
                0x20040000                        __RAM1_segment_end__ = 0x20040000
                0x00040000                        __RAM1_segment_size__ = 0x40000
                0x00000000                        __FLASH_segment_start__ = 0x0
                0x00100000                        __FLASH_segment_end__ = 0x100000
                0x00100000                        __FLASH_segment_size__ = 0x100000
                0x00002000                        __HEAPSIZE__ = 0x2000
                0x00000000                        __STACKSIZE_PROCESS__ = 0x0
                0x00002000                        __STACKSIZE__ = 0x2000
                0x20000000                        __vectors_ram_load_start__ = 0x20000000

.vectors_ram    0x20000000        0x0
                0x20000000                        __vectors_ram_start__ = .
                0x20000000                        __app_ram_start__ = __vectors_ram_start__
 *(.vectors_ram .vectors_ram.*)
                0x20000000                        __vectors_ram_end__ = (__vectors_ram_start__ + SIZEOF (.vectors_ram))
                0x00000000                        __vectors_ram_size__ = SIZEOF (.vectors_ram)
                0x20000000                        __vectors_ram_load_end__ = __vectors_ram_end__
                0x00000001                        . = ASSERT (((__vectors_ram_start__ == __vectors_ram_end__) || ((__vectors_ram_end__ - __RAM1_segment_start__) <= __RAM1_segment_size__)), error: .vectors_ram is too large to fit in RAM1 memory segment)
                0x20000000                        __nrf_sections_run_load_start__ = ALIGN (__vectors_ram_end__, 0x4)

.nrf_sections_run
                0x20000000        0x0
                0x20000000                        __nrf_sections_run_start__ = .
                0x20000000                        __start_nrf_sections_run = __nrf_sections_run_start__
 *(.nrf_sections_run .nrf_sections_run.*)
                0x20000000                        __nrf_sections_run_end__ = (__nrf_sections_run_start__ + SIZEOF (.nrf_sections_run))
                0x00000000                        __nrf_sections_run_size__ = SIZEOF (.nrf_sections_run)
                0x20000000                        __nrf_sections_run_load_end__ = __nrf_sections_run_end__
                0x00000001                        . = ASSERT (((__nrf_sections_run_start__ == __nrf_sections_run_end__) || ((__nrf_sections_run_end__ - __RAM1_segment_start__) <= __RAM1_segment_size__)), error: .nrf_sections_run is too large to fit in RAM1 memory segment)
                0x00000000                        __vectors_load_start__ = 0x0

.vectors        0x00000000      0x200
                0x00000000                        __vectors_start__ = .
 *(.vectors .vectors.*)
 .vectors       0x00000000      0x200 output/Build_Platforms/nRF52840-DK/Startup/libnrf52840_startup.a(ses_startup_nrf52840.s.obj)
                0x00000000                _vectors
                0x00000200                        __vectors_end__ = (__vectors_start__ + SIZEOF (.vectors))
                0x00000200                        __vectors_size__ = SIZEOF (.vectors)
                0x00000200                        __vectors_load_end__ = __vectors_end__
                0x00000001                        . = ASSERT (((__vectors_start__ == __vectors_end__) || ((__vectors_end__ - __FLASH_segment_start__) <= __FLASH_segment_size__)), error: .vectors is too large to fit in FLASH memory segment)
                0x00010000                        __fConfig_load_start__ = 0x10000

.fConfig        0x00010000      0x400
                0x00010000                        __fConfig_start__ = .
 *(.fConfig .fConfig.*)
                0x00010400                        . = ALIGN (MAX ((__fConfig_start__ + 0x400), .), 0x100)
 *fill*         0x00010000      0x400 
                0x00010400                        __fConfig_end__ = (__fConfig_start__ + SIZEOF (.fConfig))
                0x00000400                        __fConfig_size__ = SIZEOF (.fConfig)
                0x00010400                        __fConfig_load_end__ = __fConfig_end__
                0x00000001                        . = ASSERT (((__fConfig_start__ == __fConfig_end__) || ((__fConfig_end__ - __FLASH_segment_start__) <= __FLASH_segment_size__)), error: .fConfig is too large to fit in FLASH memory segment)
                0x00000001                        . = ASSERT ((__vectors_end__ <= __fConfig_start__), error: section .vectors overlaps absolute placed section .fConfig)
                0x00000001                        . = ASSERT ((__fConfig_size__ <= 0x400), error: .fConfig is larger than specified size)
                0x00010500                        __default_config_load_start__ = 0x10500

.default_config
                0x00010500      0x400
                0x00010500                        __default_config_start__ = .
 *(.default_config .default_config.*)
                0x00010900                        . = ALIGN (MAX ((__default_config_start__ + 0x400), .), 0x100)
 *fill*         0x00010500      0x400 
                0x00010900                        __default_config_end__ = (__default_config_start__ + SIZEOF (.default_config))
                0x00000400                        __default_config_size__ = SIZEOF (.default_config)
                0x00010900                        __default_config_load_end__ = __default_config_end__
                0x00000001                        . = ASSERT (((__default_config_start__ == __default_config_end__) || ((__default_config_end__ - __FLASH_segment_start__) <= __FLASH_segment_size__)), error: .default_config is too large to fit in FLASH memory segment)
                0x00000001                        . = ASSERT ((__fConfig_end__ <= __default_config_start__), error: section .fConfig overlaps absolute placed section .default_config)
                0x00000001                        . = ASSERT ((__default_config_size__ <= 0x400), error: .default_config is larger than specified size)
                0x00012000                        __init_load_start__ = 0x12000

.init           0x00012000      0x1b4
                0x00012000                        __init_start__ = .
 *(.init .init.*)
 .init          0x00012000       0x2c output/Build_Platforms/nRF52840-DK/Startup/libnrf52840_startup.a(ses_startup_nrf_common.s.obj)
                0x00012000                Reset_Handler
                0x00012004                afterInitialize
 .init          0x0001202c      0x170 output/Build_Platforms/nRF52840-DK/Startup/libnrf52840_startup.a(thumb_crt0.s.obj)
                0x0001202c                _start
                0x000120f6                exit
 .init          0x0001219c       0x18 output/Build_Platforms/nRF52840-DK/Startup/libnrf52840_startup.a(ses_startup_nrf52840.s.obj)
                0x0001219c                NMI_Handler
                0x0001219e                HardFault_Handler
                0x000121a0                MemoryManagement_Handler
                0x000121a2                BusFault_Handler
                0x000121a4                UsageFault_Handler
                0x000121a6                SVC_Handler
                0x000121a8                DebugMon_Handler
                0x000121aa                PendSV_Handler
                0x000121ac                SysTick_Handler
                0x000121ae                PWM1_IRQHandler
                0x000121ae                RTC0_IRQHandler
                0x000121ae                POWER_CLOCK_IRQHandler
                0x000121ae                RADIO_IRQHandler
                0x000121ae                PDM_IRQHandler
                0x000121ae                TEMP_IRQHandler
                0x000121ae                QDEC_IRQHandler
                0x000121ae                TIMER3_IRQHandler
                0x000121ae                PWM3_IRQHandler
                0x000121ae                FPU_IRQHandler
                0x000121ae                USBD_IRQHandler
                0x000121ae                QSPI_IRQHandler
                0x000121ae                TIMER4_IRQHandler
                0x000121ae                SWI2_EGU2_IRQHandler
                0x000121ae                I2S_IRQHandler
                0x000121ae                SWI4_EGU4_IRQHandler
                0x000121ae                TIMER0_IRQHandler
                0x000121ae                UARTE1_IRQHandler
                0x000121ae                Dummy_Handler
                0x000121ae                TIMER1_IRQHandler
                0x000121ae                PWM2_IRQHandler
                0x000121ae                ECB_IRQHandler
                0x000121ae                SPIM1_SPIS1_TWIM1_TWIS1_SPI1_TWI1_IRQHandler
                0x000121ae                SAADC_IRQHandler
                0x000121ae                CCM_AAR_IRQHandler
                0x000121ae                WDT_IRQHandler
                0x000121ae                SWI0_EGU0_IRQHandler
                0x000121ae                SWI5_EGU5_IRQHandler
                0x000121ae                RNG_IRQHandler
                0x000121ae                RTC2_IRQHandler
                0x000121ae                PWM0_IRQHandler
                0x000121ae                SWI3_EGU3_IRQHandler
                0x000121ae                RTC1_IRQHandler
                0x000121ae                SWI1_EGU1_IRQHandler
                0x000121ae                NFCT_IRQHandler
                0x000121ae                CRYPTOCELL_IRQHandler
                0x000121ae                MWU_IRQHandler
                0x000121ae                TIMER2_IRQHandler
                0x000121ae                COMP_LPCOMP_IRQHandler
                0x000121b0                nRFInitialize
                0x000121b4                        __init_end__ = (__init_start__ + SIZEOF (.init))
                0x000001b4                        __init_size__ = SIZEOF (.init)
                0x000121b4                        __init_load_end__ = __init_end__
                0x00000001                        . = ASSERT (((__init_start__ == __init_end__) || ((__init_end__ - __FLASH_segment_start__) <= __FLASH_segment_size__)), error: .init is too large to fit in FLASH memory segment)
                0x00000001                        . = ASSERT ((__default_config_end__ <= __init_start__), error: section .default_config overlaps absolute placed section .init)
                0x000121b4                        __init_rodata_load_start__ = ALIGN (__init_end__, 0x4)

.init_rodata    0x000121b4        0x0
                0x000121b4                        __init_rodata_start__ = .
 *(.init_rodata .init_rodata.*)
                0x000121b4                        __init_rodata_end__ = (__init_rodata_start__ + SIZEOF (.init_rodata))
                0x00000000                        __init_rodata_size__ = SIZEOF (.init_rodata)
                0x000121b4                        __init_rodata_load_end__ = __init_rodata_end__
                0x00000001                        . = ASSERT (((__init_rodata_start__ == __init_rodata_end__) || ((__init_rodata_end__ - __FLASH_segment_start__) <= __FLASH_segment_size__)), error: .init_rodata is too large to fit in FLASH memory segment)
                0x000121b4                        __text_load_start__ = ALIGN (__init_rodata_end__, 0x4)

.text           0x000121b4    0x1625c
                0x000121b4                        __text_start__ = .
 *(.text .text.* .gnu.linkonce.t.* .glue_7t .glue_7 .gcc_except_table .ARM.extab* .gnu.linkonce.armextab.*)
 .glue_7        0x000121b4        0x0 linker stubs
 .glue_7t       0x000121b4        0x0 linker stubs
 .text.test_init
                0x000121b4       0x54 output/Src/tests/automated_tests/test_pll_cal/CMakeFiles/test_pll_cal.elf.dir/__/test_common.c.obj
                0x000121b4                test_init
 .text.print_test_info
                0x00012208       0x5c output/Src/tests/automated_tests/test_pll_cal/CMakeFiles/test_pll_cal.elf.dir/__/test_common.c.obj
                0x00012208                print_test_info
 .text.get_arm_timestamp
                0x00012264        0xc output/Src/tests/automated_tests/test_pll_cal/CMakeFiles/test_pll_cal.elf.dir/__/test_common.c.obj
                0x00012264                get_arm_timestamp
 .text.test_pll_cal
                0x00012270       0xf4 output/Src/tests/automated_tests/test_pll_cal/CMakeFiles/test_pll_cal.elf.dir/test_pll_cal.c.obj
                0x00012270                test_pll_cal
 .text.main     0x00012364       0x34 output/Src/tests/automated_tests/test_pll_cal/CMakeFiles/test_pll_cal.elf.dir/test_pll_cal.c.obj
                0x00012364                main
 .text.decamutexon
                0x00012398       0x20 output/Src/tests/automated_tests/test_pll_cal/CMakeFiles/test_pll_cal.elf.dir/__/__/__/__/Build_Platforms/nRF52840-DK/Source/platform/deca_mutex.c.obj
                0x00012398                decamutexon
 .text.decamutexoff
                0x000123b8       0x18 output/Src/tests/automated_tests/test_pll_cal/CMakeFiles/test_pll_cal.elf.dir/__/__/__/__/Build_Platforms/nRF52840-DK/Source/platform/deca_mutex.c.obj
                0x000123b8                decamutexoff
 .text.deca_sleep
                0x000123d0        0x8 output/Src/tests/automated_tests/test_pll_cal/CMakeFiles/test_pll_cal.elf.dir/__/__/__/__/Build_Platforms/nRF52840-DK/Source/platform/deca_sleep.c.obj
                0x000123d0                deca_sleep
 .text.deca_usleep
                0x000123d8       0x18 output/Src/tests/automated_tests/test_pll_cal/CMakeFiles/test_pll_cal.elf.dir/__/__/__/__/Build_Platforms/nRF52840-DK/Source/platform/deca_sleep.c.obj
                0x000123d8                deca_usleep
 .text.openspi  0x000123f0        0xc output/Src/tests/automated_tests/test_pll_cal/CMakeFiles/test_pll_cal.elf.dir/__/__/__/__/Build_Platforms/nRF52840-DK/Source/platform/deca_spi.c.obj
 .text.closespi
                0x000123fc        0xa output/Src/tests/automated_tests/test_pll_cal/CMakeFiles/test_pll_cal.elf.dir/__/__/__/__/Build_Platforms/nRF52840-DK/Source/platform/deca_spi.c.obj
 *fill*         0x00012406        0x2 
 .text.spi2_init
                0x00012408       0xb8 output/Src/tests/automated_tests/test_pll_cal/CMakeFiles/test_pll_cal.elf.dir/__/__/__/__/Build_Platforms/nRF52840-DK/Source/platform/deca_spi.c.obj
                0x00012408                spi2_init
 .text.nrf52840_dk_spi_init
                0x000124c0       0x80 output/Src/tests/automated_tests/test_pll_cal/CMakeFiles/test_pll_cal.elf.dir/__/__/__/__/Build_Platforms/nRF52840-DK/Source/platform/deca_spi.c.obj
                0x000124c0                nrf52840_dk_spi_init
 .text.port_set_dw_ic_spi_slowrate
                0x00012540       0x4c output/Src/tests/automated_tests/test_pll_cal/CMakeFiles/test_pll_cal.elf.dir/__/__/__/__/Build_Platforms/nRF52840-DK/Source/platform/deca_spi.c.obj
                0x00012540                port_set_dw_ic_spi_slowrate
 .text.port_set_dw_ic_spi_fastrate
                0x0001258c       0x94 output/Src/tests/automated_tests/test_pll_cal/CMakeFiles/test_pll_cal.elf.dir/__/__/__/__/Build_Platforms/nRF52840-DK/Source/platform/deca_spi.c.obj
                0x0001258c                port_set_dw_ic_spi_fastrate
 .text.writetospiwithcrc
                0x00012620       0xb4 output/Src/tests/automated_tests/test_pll_cal/CMakeFiles/test_pll_cal.elf.dir/__/__/__/__/Build_Platforms/nRF52840-DK/Source/platform/deca_spi.c.obj
                0x00012620                writetospiwithcrc
 .text.writetospi
                0x000126d4       0xa8 output/Src/tests/automated_tests/test_pll_cal/CMakeFiles/test_pll_cal.elf.dir/__/__/__/__/Build_Platforms/nRF52840-DK/Source/platform/deca_spi.c.obj
                0x000126d4                writetospi
 .text.readfromspi
                0x0001277c       0xc4 output/Src/tests/automated_tests/test_pll_cal/CMakeFiles/test_pll_cal.elf.dir/__/__/__/__/Build_Platforms/nRF52840-DK/Source/platform/deca_spi.c.obj
                0x0001277c                readfromspi
 .text.nrf_delay_ms
                0x00012840       0x1c output/Src/tests/automated_tests/test_pll_cal/CMakeFiles/test_pll_cal.elf.dir/__/__/__/__/Build_Platforms/nRF52840-DK/Source/platform/port.c.obj
 .text.Sleep    0x0001285c        0x8 output/Src/tests/automated_tests/test_pll_cal/CMakeFiles/test_pll_cal.elf.dir/__/__/__/__/Build_Platforms/nRF52840-DK/Source/platform/port.c.obj
                0x0001285c                Sleep
 .text.gpio_init
                0x00012864       0x18 output/Src/tests/automated_tests/test_pll_cal/CMakeFiles/test_pll_cal.elf.dir/__/__/__/__/Build_Platforms/nRF52840-DK/Source/platform/port.c.obj
                0x00012864                gpio_init
 .text.reset_DWIC
                0x0001287c       0x44 output/Src/tests/automated_tests/test_pll_cal/CMakeFiles/test_pll_cal.elf.dir/__/__/__/__/Build_Platforms/nRF52840-DK/Source/platform/port.c.obj
                0x0001287c                reset_DWIC
 .text.wakeup_device_with_io
                0x000128c0       0x28 output/Src/tests/automated_tests/test_pll_cal/CMakeFiles/test_pll_cal.elf.dir/__/__/__/__/Build_Platforms/nRF52840-DK/Source/platform/port.c.obj
                0x000128c0                wakeup_device_with_io
 .text.nrf52_errata_36
                0x000128e8       0x14 output/Src/tests/automated_tests/test_pll_cal/CMakeFiles/test_pll_cal.elf.dir/__/__/__/__/Build_Platforms/nRF52840-DK/sdk/modules/nrfx/mdk/system_nrf52840.c.obj
 .text.nrf52_errata_66
                0x000128fc       0x14 output/Src/tests/automated_tests/test_pll_cal/CMakeFiles/test_pll_cal.elf.dir/__/__/__/__/Build_Platforms/nRF52840-DK/sdk/modules/nrfx/mdk/system_nrf52840.c.obj
 .text.nrf52_errata_98
                0x00012910       0x26 output/Src/tests/automated_tests/test_pll_cal/CMakeFiles/test_pll_cal.elf.dir/__/__/__/__/Build_Platforms/nRF52840-DK/sdk/modules/nrfx/mdk/system_nrf52840.c.obj
 .text.nrf52_errata_103
                0x00012936       0x26 output/Src/tests/automated_tests/test_pll_cal/CMakeFiles/test_pll_cal.elf.dir/__/__/__/__/Build_Platforms/nRF52840-DK/sdk/modules/nrfx/mdk/system_nrf52840.c.obj
 .text.nrf52_errata_115
                0x0001295c       0x26 output/Src/tests/automated_tests/test_pll_cal/CMakeFiles/test_pll_cal.elf.dir/__/__/__/__/Build_Platforms/nRF52840-DK/sdk/modules/nrfx/mdk/system_nrf52840.c.obj
 .text.nrf52_errata_120
                0x00012982       0x26 output/Src/tests/automated_tests/test_pll_cal/CMakeFiles/test_pll_cal.elf.dir/__/__/__/__/Build_Platforms/nRF52840-DK/sdk/modules/nrfx/mdk/system_nrf52840.c.obj
 .text.nrf52_errata_136
                0x000129a8       0x14 output/Src/tests/automated_tests/test_pll_cal/CMakeFiles/test_pll_cal.elf.dir/__/__/__/__/Build_Platforms/nRF52840-DK/sdk/modules/nrfx/mdk/system_nrf52840.c.obj
 .text.SystemCoreClockUpdate
                0x000129bc       0x10 output/Src/tests/automated_tests/test_pll_cal/CMakeFiles/test_pll_cal.elf.dir/__/__/__/__/Build_Platforms/nRF52840-DK/sdk/modules/nrfx/mdk/system_nrf52840.c.obj
                0x000129bc                SystemCoreClockUpdate
 .text.SystemInit
                0x000129cc      0x154 output/Src/tests/automated_tests/test_pll_cal/CMakeFiles/test_pll_cal.elf.dir/__/__/__/__/Build_Platforms/nRF52840-DK/sdk/modules/nrfx/mdk/system_nrf52840.c.obj
                0x000129cc                SystemInit
 .text.spim_evt_handler
                0x00012b20       0x3c output/Src/tests/automated_tests/test_pll_cal/CMakeFiles/test_pll_cal.elf.dir/__/__/__/__/Build_Platforms/nRF52840-DK/sdk/integration/nrfx/legacy/nrf_drv_spi.c.obj
 .text.nrf_drv_spi_init
                0x00012b5c       0x90 output/Src/tests/automated_tests/test_pll_cal/CMakeFiles/test_pll_cal.elf.dir/__/__/__/__/Build_Platforms/nRF52840-DK/sdk/integration/nrfx/legacy/nrf_drv_spi.c.obj
                0x00012b5c                nrf_drv_spi_init
 .text.__NVIC_EnableIRQ
                0x00012bec       0x1c output/Src/tests/automated_tests/test_pll_cal/CMakeFiles/test_pll_cal.elf.dir/__/__/__/__/Build_Platforms/nRF52840-DK/sdk/modules/nrfx/drivers/src/nrfx_gpiote.c.obj
 .text.__NVIC_SetPriority
                0x00012c08       0x28 output/Src/tests/automated_tests/test_pll_cal/CMakeFiles/test_pll_cal.elf.dir/__/__/__/__/Build_Platforms/nRF52840-DK/sdk/modules/nrfx/drivers/src/nrfx_gpiote.c.obj
 .text.nrf_gpiote_event_configure
                0x00012c30       0x3c output/Src/tests/automated_tests/test_pll_cal/CMakeFiles/test_pll_cal.elf.dir/__/__/__/__/Build_Platforms/nRF52840-DK/sdk/modules/nrfx/drivers/src/nrfx_gpiote.c.obj
 .text.nrf_gpiote_task_configure
                0x00012c6c       0x40 output/Src/tests/automated_tests/test_pll_cal/CMakeFiles/test_pll_cal.elf.dir/__/__/__/__/Build_Platforms/nRF52840-DK/sdk/modules/nrfx/drivers/src/nrfx_gpiote.c.obj
 .text.nrf_gpio_cfg_sense_set
                0x00012cac       0x34 output/Src/tests/automated_tests/test_pll_cal/CMakeFiles/test_pll_cal.elf.dir/__/__/__/__/Build_Platforms/nRF52840-DK/sdk/modules/nrfx/drivers/src/nrfx_gpiote.c.obj
 .text.nrf_gpio_pin_toggle
                0x00012ce0       0x30 output/Src/tests/automated_tests/test_pll_cal/CMakeFiles/test_pll_cal.elf.dir/__/__/__/__/Build_Platforms/nRF52840-DK/sdk/modules/nrfx/drivers/src/nrfx_gpiote.c.obj
 .text.nrf_gpio_latches_read_and_clear
                0x00012d10       0x44 output/Src/tests/automated_tests/test_pll_cal/CMakeFiles/test_pll_cal.elf.dir/__/__/__/__/Build_Platforms/nRF52840-DK/sdk/modules/nrfx/drivers/src/nrfx_gpiote.c.obj
 .text.port_handler_pin_get
                0x00012d54       0x14 output/Src/tests/automated_tests/test_pll_cal/CMakeFiles/test_pll_cal.elf.dir/__/__/__/__/Build_Platforms/nRF52840-DK/sdk/modules/nrfx/drivers/src/nrfx_gpiote.c.obj
 .text.port_handler_polarity_get
                0x00012d68       0x14 output/Src/tests/automated_tests/test_pll_cal/CMakeFiles/test_pll_cal.elf.dir/__/__/__/__/Build_Platforms/nRF52840-DK/sdk/modules/nrfx/drivers/src/nrfx_gpiote.c.obj
 .text.channel_port_alloc
                0x00012d7c       0x50 output/Src/tests/automated_tests/test_pll_cal/CMakeFiles/test_pll_cal.elf.dir/__/__/__/__/Build_Platforms/nRF52840-DK/sdk/modules/nrfx/drivers/src/nrfx_gpiote.c.obj
 .text.channel_free
                0x00012dcc       0x20 output/Src/tests/automated_tests/test_pll_cal/CMakeFiles/test_pll_cal.elf.dir/__/__/__/__/Build_Platforms/nRF52840-DK/sdk/modules/nrfx/drivers/src/nrfx_gpiote.c.obj
 .text.latch_pending_read_and_check
                0x00012dec       0x26 output/Src/tests/automated_tests/test_pll_cal/CMakeFiles/test_pll_cal.elf.dir/__/__/__/__/Build_Platforms/nRF52840-DK/sdk/modules/nrfx/drivers/src/nrfx_gpiote.c.obj
 *fill*         0x00012e12        0x2 
 .text.port_event_handle
                0x00012e14       0xc0 output/Src/tests/automated_tests/test_pll_cal/CMakeFiles/test_pll_cal.elf.dir/__/__/__/__/Build_Platforms/nRF52840-DK/sdk/modules/nrfx/drivers/src/nrfx_gpiote.c.obj
 .text.nrfx_gpiote_init
                0x00012ed4       0xa0 output/Src/tests/automated_tests/test_pll_cal/CMakeFiles/test_pll_cal.elf.dir/__/__/__/__/Build_Platforms/nRF52840-DK/sdk/modules/nrfx/drivers/src/nrfx_gpiote.c.obj
                0x00012ed4                nrfx_gpiote_init
 .text.nrfx_gpiote_out_init
                0x00012f74       0xc0 output/Src/tests/automated_tests/test_pll_cal/CMakeFiles/test_pll_cal.elf.dir/__/__/__/__/Build_Platforms/nRF52840-DK/sdk/modules/nrfx/drivers/src/nrfx_gpiote.c.obj
                0x00012f74                nrfx_gpiote_out_init
 .text.nrfx_gpiote_out_toggle
                0x00013034        0x8 output/Src/tests/automated_tests/test_pll_cal/CMakeFiles/test_pll_cal.elf.dir/__/__/__/__/Build_Platforms/nRF52840-DK/sdk/modules/nrfx/drivers/src/nrfx_gpiote.c.obj
                0x00013034                nrfx_gpiote_out_toggle
 .text.nrfx_gpiote_in_init
                0x0001303c       0xc8 output/Src/tests/automated_tests/test_pll_cal/CMakeFiles/test_pll_cal.elf.dir/__/__/__/__/Build_Platforms/nRF52840-DK/sdk/modules/nrfx/drivers/src/nrfx_gpiote.c.obj
                0x0001303c                nrfx_gpiote_in_init
 .text.nrfx_gpiote_in_event_enable
                0x00013104       0xb4 output/Src/tests/automated_tests/test_pll_cal/CMakeFiles/test_pll_cal.elf.dir/__/__/__/__/Build_Platforms/nRF52840-DK/sdk/modules/nrfx/drivers/src/nrfx_gpiote.c.obj
                0x00013104                nrfx_gpiote_in_event_enable
 .text.nrfx_gpiote_in_event_disable
                0x000131b8       0x44 output/Src/tests/automated_tests/test_pll_cal/CMakeFiles/test_pll_cal.elf.dir/__/__/__/__/Build_Platforms/nRF52840-DK/sdk/modules/nrfx/drivers/src/nrfx_gpiote.c.obj
                0x000131b8                nrfx_gpiote_in_event_disable
 .text.nrfx_gpiote_in_is_set
                0x000131fc       0x24 output/Src/tests/automated_tests/test_pll_cal/CMakeFiles/test_pll_cal.elf.dir/__/__/__/__/Build_Platforms/nRF52840-DK/sdk/modules/nrfx/drivers/src/nrfx_gpiote.c.obj
                0x000131fc                nrfx_gpiote_in_is_set
 .text.GPIOTE_IRQHandler
                0x00013220       0xc4 output/Src/tests/automated_tests/test_pll_cal/CMakeFiles/test_pll_cal.elf.dir/__/__/__/__/Build_Platforms/nRF52840-DK/sdk/modules/nrfx/drivers/src/nrfx_gpiote.c.obj
                0x00013220                GPIOTE_IRQHandler
 .text.prs_box_get
                0x000132e4       0x18 output/Src/tests/automated_tests/test_pll_cal/CMakeFiles/test_pll_cal.elf.dir/__/__/__/__/Build_Platforms/nRF52840-DK/sdk/modules/nrfx/drivers/src/prs/nrfx_prs.c.obj
 .text.UARTE0_UART0_IRQHandler
                0x000132fc       0x10 output/Src/tests/automated_tests/test_pll_cal/CMakeFiles/test_pll_cal.elf.dir/__/__/__/__/Build_Platforms/nRF52840-DK/sdk/modules/nrfx/drivers/src/prs/nrfx_prs.c.obj
                0x000132fc                UARTE0_UART0_IRQHandler
 .text.nrfx_prs_acquire
                0x0001330c       0x30 output/Src/tests/automated_tests/test_pll_cal/CMakeFiles/test_pll_cal.elf.dir/__/__/__/__/Build_Platforms/nRF52840-DK/sdk/modules/nrfx/drivers/src/prs/nrfx_prs.c.obj
                0x0001330c                nrfx_prs_acquire
 .text.nrfx_prs_release
                0x0001333c       0x10 output/Src/tests/automated_tests/test_pll_cal/CMakeFiles/test_pll_cal.elf.dir/__/__/__/__/Build_Platforms/nRF52840-DK/sdk/modules/nrfx/drivers/src/prs/nrfx_prs.c.obj
                0x0001333c                nrfx_prs_release
 .text.__NVIC_EnableIRQ
                0x0001334c       0x1c output/Src/tests/automated_tests/test_pll_cal/CMakeFiles/test_pll_cal.elf.dir/__/__/__/__/Build_Platforms/nRF52840-DK/sdk/modules/nrfx/drivers/src/nrfx_spim.c.obj
 .text.__NVIC_DisableIRQ
                0x00013368       0x24 output/Src/tests/automated_tests/test_pll_cal/CMakeFiles/test_pll_cal.elf.dir/__/__/__/__/Build_Platforms/nRF52840-DK/sdk/modules/nrfx/drivers/src/nrfx_spim.c.obj
 .text.__NVIC_SetPriority
                0x0001338c       0x28 output/Src/tests/automated_tests/test_pll_cal/CMakeFiles/test_pll_cal.elf.dir/__/__/__/__/Build_Platforms/nRF52840-DK/sdk/modules/nrfx/drivers/src/nrfx_spim.c.obj
 .text.nrf_spim_configure
                0x000133b4       0x28 output/Src/tests/automated_tests/test_pll_cal/CMakeFiles/test_pll_cal.elf.dir/__/__/__/__/Build_Platforms/nRF52840-DK/sdk/modules/nrfx/drivers/src/nrfx_spim.c.obj
 .text.anomaly_198_enable
                0x000133dc       0x58 output/Src/tests/automated_tests/test_pll_cal/CMakeFiles/test_pll_cal.elf.dir/__/__/__/__/Build_Platforms/nRF52840-DK/sdk/modules/nrfx/drivers/src/nrfx_spim.c.obj
 .text.anomaly_198_disable
                0x00013434       0x14 output/Src/tests/automated_tests/test_pll_cal/CMakeFiles/test_pll_cal.elf.dir/__/__/__/__/Build_Platforms/nRF52840-DK/sdk/modules/nrfx/drivers/src/nrfx_spim.c.obj
 .text.finish_transfer
                0x00013448       0x5c output/Src/tests/automated_tests/test_pll_cal/CMakeFiles/test_pll_cal.elf.dir/__/__/__/__/Build_Platforms/nRF52840-DK/sdk/modules/nrfx/drivers/src/nrfx_spim.c.obj
 .text.spim_xfer
                0x000134a4      0x118 output/Src/tests/automated_tests/test_pll_cal/CMakeFiles/test_pll_cal.elf.dir/__/__/__/__/Build_Platforms/nRF52840-DK/sdk/modules/nrfx/drivers/src/nrfx_spim.c.obj
 .text.irq_handler
                0x000135bc       0x38 output/Src/tests/automated_tests/test_pll_cal/CMakeFiles/test_pll_cal.elf.dir/__/__/__/__/Build_Platforms/nRF52840-DK/sdk/modules/nrfx/drivers/src/nrfx_spim.c.obj
 .text.SPIM0_SPIS0_TWIM0_TWIS0_SPI0_TWI0_IRQHandler
                0x000135f4       0x14 output/Src/tests/automated_tests/test_pll_cal/CMakeFiles/test_pll_cal.elf.dir/__/__/__/__/Build_Platforms/nRF52840-DK/sdk/modules/nrfx/drivers/src/nrfx_spim.c.obj
                0x000135f4                SPIM0_SPIS0_TWIM0_TWIS0_SPI0_TWI0_IRQHandler
 .text.SPIM2_SPIS2_SPI2_IRQHandler
                0x00013608       0x14 output/Src/tests/automated_tests/test_pll_cal/CMakeFiles/test_pll_cal.elf.dir/__/__/__/__/Build_Platforms/nRF52840-DK/sdk/modules/nrfx/drivers/src/nrfx_spim.c.obj
                0x00013608                SPIM2_SPIS2_SPI2_IRQHandler
 .text.SPIM3_IRQHandler
                0x0001361c       0x14 output/Src/tests/automated_tests/test_pll_cal/CMakeFiles/test_pll_cal.elf.dir/__/__/__/__/Build_Platforms/nRF52840-DK/sdk/modules/nrfx/drivers/src/nrfx_spim.c.obj
                0x0001361c                SPIM3_IRQHandler
 .text.nrfx_spim_init
                0x00013630      0x210 output/Src/tests/automated_tests/test_pll_cal/CMakeFiles/test_pll_cal.elf.dir/__/__/__/__/Build_Platforms/nRF52840-DK/sdk/modules/nrfx/drivers/src/nrfx_spim.c.obj
                0x00013630                nrfx_spim_init
 .text.nrfx_spim_uninit
                0x00013840       0xc0 output/Src/tests/automated_tests/test_pll_cal/CMakeFiles/test_pll_cal.elf.dir/__/__/__/__/Build_Platforms/nRF52840-DK/sdk/modules/nrfx/drivers/src/nrfx_spim.c.obj
                0x00013840                nrfx_spim_uninit
 .text.nrfx_spim_xfer
                0x00013900       0xa8 output/Src/tests/automated_tests/test_pll_cal/CMakeFiles/test_pll_cal.elf.dir/__/__/__/__/Build_Platforms/nRF52840-DK/sdk/modules/nrfx/drivers/src/nrfx_spim.c.obj
                0x00013900                nrfx_spim_xfer
 .text.app_error_save_and_stop
                0x000139a8       0x60 output/Src/tests/automated_tests/test_pll_cal/CMakeFiles/test_pll_cal.elf.dir/__/__/__/__/Build_Platforms/nRF52840-DK/sdk/components/libraries/util/app_error.c.obj
                0x000139a8                app_error_save_and_stop
 .text.app_error_handler
                0x00013a08       0x1a output/Src/tests/automated_tests/test_pll_cal/CMakeFiles/test_pll_cal.elf.dir/__/__/__/__/Build_Platforms/nRF52840-DK/sdk/components/libraries/util/app_error_handler_gcc.c.obj
                0x00013a08                app_error_handler
 *fill*         0x00013a22        0x2 
 .text.app_error_fault_handler
                0x00013a24       0xcc output/Src/tests/automated_tests/test_pll_cal/CMakeFiles/test_pll_cal.elf.dir/__/__/__/__/Build_Platforms/nRF52840-DK/sdk/components/libraries/util/app_error_weak.c.obj
                0x00013a24                app_error_fault_handler
 .text.app_util_disable_irq
                0x00013af0       0x10 output/Src/tests/automated_tests/test_pll_cal/CMakeFiles/test_pll_cal.elf.dir/__/__/__/__/Build_Platforms/nRF52840-DK/sdk/components/libraries/util/app_util_platform.c.obj
                0x00013af0                app_util_disable_irq
 .text.app_util_enable_irq
                0x00013b00       0x14 output/Src/tests/automated_tests/test_pll_cal/CMakeFiles/test_pll_cal.elf.dir/__/__/__/__/Build_Platforms/nRF52840-DK/sdk/components/libraries/util/app_util_platform.c.obj
                0x00013b00                app_util_enable_irq
 .text.app_util_critical_region_enter
                0x00013b14        0x8 output/Src/tests/automated_tests/test_pll_cal/CMakeFiles/test_pll_cal.elf.dir/__/__/__/__/Build_Platforms/nRF52840-DK/sdk/components/libraries/util/app_util_platform.c.obj
                0x00013b14                app_util_critical_region_enter
 .text.app_util_critical_region_exit
                0x00013b1c        0x8 output/Src/tests/automated_tests/test_pll_cal/CMakeFiles/test_pll_cal.elf.dir/__/__/__/__/Build_Platforms/nRF52840-DK/sdk/components/libraries/util/app_util_platform.c.obj
                0x00013b1c                app_util_critical_region_exit
 .text.nrf_atomic_u32_fetch_store
                0x00013b24       0x14 output/Src/tests/automated_tests/test_pll_cal/CMakeFiles/test_pll_cal.elf.dir/__/__/__/__/Build_Platforms/nRF52840-DK/sdk/components/libraries/atomic/nrf_atomic.c.obj
                0x00013b24                nrf_atomic_u32_fetch_store
 .text.nrf_atomic_u32_or
                0x00013b38       0x16 output/Src/tests/automated_tests/test_pll_cal/CMakeFiles/test_pll_cal.elf.dir/__/__/__/__/Build_Platforms/nRF52840-DK/sdk/components/libraries/atomic/nrf_atomic.c.obj
                0x00013b38                nrf_atomic_u32_or
 .text.nrf_atomic_u32_fetch_and
                0x00013b4e       0x16 output/Src/tests/automated_tests/test_pll_cal/CMakeFiles/test_pll_cal.elf.dir/__/__/__/__/Build_Platforms/nRF52840-DK/sdk/components/libraries/atomic/nrf_atomic.c.obj
                0x00013b4e                nrf_atomic_u32_fetch_and
 .text.nrf_atomic_u32_add
                0x00013b64       0x16 output/Src/tests/automated_tests/test_pll_cal/CMakeFiles/test_pll_cal.elf.dir/__/__/__/__/Build_Platforms/nRF52840-DK/sdk/components/libraries/atomic/nrf_atomic.c.obj
                0x00013b64                nrf_atomic_u32_add
 .text.nrf_atomic_u32_sub
                0x00013b7a       0x16 output/Src/tests/automated_tests/test_pll_cal/CMakeFiles/test_pll_cal.elf.dir/__/__/__/__/Build_Platforms/nRF52840-DK/sdk/components/libraries/atomic/nrf_atomic.c.obj
                0x00013b7a                nrf_atomic_u32_sub
 .text.nrf_atomic_flag_set
                0x00013b90        0xa output/Src/tests/automated_tests/test_pll_cal/CMakeFiles/test_pll_cal.elf.dir/__/__/__/__/Build_Platforms/nRF52840-DK/sdk/components/libraries/atomic/nrf_atomic.c.obj
                0x00013b90                nrf_atomic_flag_set
 .text.nrf_atomic_flag_clear_fetch
                0x00013b9a        0xa output/Src/tests/automated_tests/test_pll_cal/CMakeFiles/test_pll_cal.elf.dir/__/__/__/__/Build_Platforms/nRF52840-DK/sdk/components/libraries/atomic/nrf_atomic.c.obj
                0x00013b9a                nrf_atomic_flag_clear_fetch
 .text.nrf_balloc_idx2block
                0x00013ba4        0xa output/Src/tests/automated_tests/test_pll_cal/CMakeFiles/test_pll_cal.elf.dir/__/__/__/__/Build_Platforms/nRF52840-DK/sdk/components/libraries/balloc/nrf_balloc.c.obj
 .text.nrf_balloc_block2idx
                0x00013bae        0xe output/Src/tests/automated_tests/test_pll_cal/CMakeFiles/test_pll_cal.elf.dir/__/__/__/__/Build_Platforms/nRF52840-DK/sdk/components/libraries/balloc/nrf_balloc.c.obj
 .text.nrf_balloc_alloc
                0x00013bbc       0x44 output/Src/tests/automated_tests/test_pll_cal/CMakeFiles/test_pll_cal.elf.dir/__/__/__/__/Build_Platforms/nRF52840-DK/sdk/components/libraries/balloc/nrf_balloc.c.obj
                0x00013bbc                nrf_balloc_alloc
 .text.nrf_balloc_free
                0x00013c00       0x26 output/Src/tests/automated_tests/test_pll_cal/CMakeFiles/test_pll_cal.elf.dir/__/__/__/__/Build_Platforms/nRF52840-DK/sdk/components/libraries/balloc/nrf_balloc.c.obj
                0x00013c00                nrf_balloc_free
 .text.invalid_packets_omit
                0x00013c26       0x40 output/Src/tests/automated_tests/test_pll_cal/CMakeFiles/test_pll_cal.elf.dir/__/__/__/__/Build_Platforms/nRF52840-DK/sdk/components/libraries/log/src/nrf_log_frontend.c.obj
 *fill*         0x00013c66        0x2 
 .text.log_skip
                0x00013c68       0xbc output/Src/tests/automated_tests/test_pll_cal/CMakeFiles/test_pll_cal.elf.dir/__/__/__/__/Build_Platforms/nRF52840-DK/sdk/components/libraries/log/src/nrf_log_frontend.c.obj
 .text.buf_prealloc
                0x00013d24       0x90 output/Src/tests/automated_tests/test_pll_cal/CMakeFiles/test_pll_cal.elf.dir/__/__/__/__/Build_Platforms/nRF52840-DK/sdk/components/libraries/log/src/nrf_log_frontend.c.obj
 .text.std_header_set
                0x00013db4       0x74 output/Src/tests/automated_tests/test_pll_cal/CMakeFiles/test_pll_cal.elf.dir/__/__/__/__/Build_Platforms/nRF52840-DK/sdk/components/libraries/log/src/nrf_log_frontend.c.obj
 .text.buffer_is_empty
                0x00013e28       0x14 output/Src/tests/automated_tests/test_pll_cal/CMakeFiles/test_pll_cal.elf.dir/__/__/__/__/Build_Platforms/nRF52840-DK/sdk/components/libraries/log/src/nrf_log_frontend.c.obj
                0x00013e28                buffer_is_empty
 .text.nrf_log_frontend_dequeue
                0x00013e3c      0x25c output/Src/tests/automated_tests/test_pll_cal/CMakeFiles/test_pll_cal.elf.dir/__/__/__/__/Build_Platforms/nRF52840-DK/sdk/components/libraries/log/src/nrf_log_frontend.c.obj
                0x00013e3c                nrf_log_frontend_dequeue
 .text.std_n    0x00014098       0x68 output/Src/tests/automated_tests/test_pll_cal/CMakeFiles/test_pll_cal.elf.dir/__/__/__/__/Build_Platforms/nRF52840-DK/sdk/components/libraries/log/src/nrf_log_frontend.c.obj
 .text.nrf_log_frontend_std_0
                0x00014100        0xc output/Src/tests/automated_tests/test_pll_cal/CMakeFiles/test_pll_cal.elf.dir/__/__/__/__/Build_Platforms/nRF52840-DK/sdk/components/libraries/log/src/nrf_log_frontend.c.obj
                0x00014100                nrf_log_frontend_std_0
 .text.nrf_log_frontend_std_1
                0x0001410c       0x14 output/Src/tests/automated_tests/test_pll_cal/CMakeFiles/test_pll_cal.elf.dir/__/__/__/__/Build_Platforms/nRF52840-DK/sdk/components/libraries/log/src/nrf_log_frontend.c.obj
                0x0001410c                nrf_log_frontend_std_1
 .text.nrf_log_frontend_std_2
                0x00014120       0x16 output/Src/tests/automated_tests/test_pll_cal/CMakeFiles/test_pll_cal.elf.dir/__/__/__/__/Build_Platforms/nRF52840-DK/sdk/components/libraries/log/src/nrf_log_frontend.c.obj
                0x00014120                nrf_log_frontend_std_2
 .text.nrf_log_frontend_std_5
                0x00014136       0x22 output/Src/tests/automated_tests/test_pll_cal/CMakeFiles/test_pll_cal.elf.dir/__/__/__/__/Build_Platforms/nRF52840-DK/sdk/components/libraries/log/src/nrf_log_frontend.c.obj
                0x00014136                nrf_log_frontend_std_5
 .text.nrf_log_panic
                0x00014158       0x2c output/Src/tests/automated_tests/test_pll_cal/CMakeFiles/test_pll_cal.elf.dir/__/__/__/__/Build_Platforms/nRF52840-DK/sdk/components/libraries/log/src/nrf_log_frontend.c.obj
                0x00014158                nrf_log_panic
 .text.memobj_op
                0x00014184       0x7e output/Src/tests/automated_tests/test_pll_cal/CMakeFiles/test_pll_cal.elf.dir/__/__/__/__/Build_Platforms/nRF52840-DK/sdk/components/libraries/memobj/nrf_memobj.c.obj
 .text.nrf_memobj_free
                0x00014202       0x2e output/Src/tests/automated_tests/test_pll_cal/CMakeFiles/test_pll_cal.elf.dir/__/__/__/__/Build_Platforms/nRF52840-DK/sdk/components/libraries/memobj/nrf_memobj.c.obj
                0x00014202                nrf_memobj_free
 .text.nrf_memobj_alloc
                0x00014230       0x60 output/Src/tests/automated_tests/test_pll_cal/CMakeFiles/test_pll_cal.elf.dir/__/__/__/__/Build_Platforms/nRF52840-DK/sdk/components/libraries/memobj/nrf_memobj.c.obj
                0x00014230                nrf_memobj_alloc
 .text.nrf_memobj_get
                0x00014290        0xc output/Src/tests/automated_tests/test_pll_cal/CMakeFiles/test_pll_cal.elf.dir/__/__/__/__/Build_Platforms/nRF52840-DK/sdk/components/libraries/memobj/nrf_memobj.c.obj
                0x00014290                nrf_memobj_get
 .text.nrf_memobj_put
                0x0001429c       0x1c output/Src/tests/automated_tests/test_pll_cal/CMakeFiles/test_pll_cal.elf.dir/__/__/__/__/Build_Platforms/nRF52840-DK/sdk/components/libraries/memobj/nrf_memobj.c.obj
                0x0001429c                nrf_memobj_put
 .text.nrf_memobj_write
                0x000142b8       0x16 output/Src/tests/automated_tests/test_pll_cal/CMakeFiles/test_pll_cal.elf.dir/__/__/__/__/Build_Platforms/nRF52840-DK/sdk/components/libraries/memobj/nrf_memobj.c.obj
                0x000142b8                nrf_memobj_write
 *fill*         0x000142ce        0x2 
 .text.nrf_strerror_find
                0x000142d0       0x40 output/Src/tests/automated_tests/test_pll_cal/CMakeFiles/test_pll_cal.elf.dir/__/__/__/__/Build_Platforms/nRF52840-DK/sdk/components/libraries/strerror/nrf_strerror.c.obj
                0x000142d0                nrf_strerror_find
 .text.nrf_strerror_get
                0x00014310       0x14 output/Src/tests/automated_tests/test_pll_cal/CMakeFiles/test_pll_cal.elf.dir/__/__/__/__/Build_Platforms/nRF52840-DK/sdk/components/libraries/strerror/nrf_strerror.c.obj
                0x00014310                nrf_strerror_get
 .text.bsp_board_buttons_init
                0x00014324       0x34 output/Src/tests/automated_tests/test_pll_cal/CMakeFiles/test_pll_cal.elf.dir/__/__/__/__/Build_Platforms/nRF52840-DK/sdk/components/boards/boards.c.obj
 .text.bsp_board_led_off
                0x00014358       0x28 output/Src/tests/automated_tests/test_pll_cal/CMakeFiles/test_pll_cal.elf.dir/__/__/__/__/Build_Platforms/nRF52840-DK/sdk/components/boards/boards.c.obj
                0x00014358                bsp_board_led_off
 .text.bsp_board_leds_off
                0x00014380       0x14 output/Src/tests/automated_tests/test_pll_cal/CMakeFiles/test_pll_cal.elf.dir/__/__/__/__/Build_Platforms/nRF52840-DK/sdk/components/boards/boards.c.obj
                0x00014380                bsp_board_leds_off
 .text.bsp_board_leds_init
                0x00014394       0x3c output/Src/tests/automated_tests/test_pll_cal/CMakeFiles/test_pll_cal.elf.dir/__/__/__/__/Build_Platforms/nRF52840-DK/sdk/components/boards/boards.c.obj
 .text.bsp_board_init
                0x000143d0       0x1e output/Src/tests/automated_tests/test_pll_cal/CMakeFiles/test_pll_cal.elf.dir/__/__/__/__/Build_Platforms/nRF52840-DK/sdk/components/boards/boards.c.obj
                0x000143d0                bsp_board_init
 *fill*         0x000143ee        0x2 
 .text.printf   0x000143f0       0x28 C:/PROGRA~2/ARMGNU~1/142BCE~1.3RE/bin/../lib/gcc/arm-none-eabi/14.3.1/../../../../arm-none-eabi/lib/thumb/v7e-m+fp/hard\libc.a(libc_a-printf.o)
                0x000143f0                printf
 .text.memset   0x00014418       0x9c C:/PROGRA~2/ARMGNU~1/142BCE~1.3RE/bin/../lib/gcc/arm-none-eabi/14.3.1/../../../../arm-none-eabi/lib/thumb/v7e-m+fp/hard\libc.a(libc_a-memset.o)
                0x00014418                memset
 .text          0x000144b4      0x134 C:/PROGRA~2/ARMGNU~1/142BCE~1.3RE/bin/../lib/gcc/arm-none-eabi/14.3.1/../../../../arm-none-eabi/lib/thumb/v7e-m+fp/hard\libc.a(libc_a-memcpy.o)
                0x000144b4                memcpy
 *fill*         0x000145e8       0x18 
 .text          0x00014600       0xd8 C:/PROGRA~2/ARMGNU~1/142BCE~1.3RE/bin/../lib/gcc/arm-none-eabi/14.3.1/../../../../arm-none-eabi/lib/thumb/v7e-m+fp/hard\libc.a(libc_a-strlen.o)
                0x00014600                strlen
 .text._vfprintf_r
                0x000146d8     0x2320 C:/PROGRA~2/ARMGNU~1/142BCE~1.3RE/bin/../lib/gcc/arm-none-eabi/14.3.1/../../../../arm-none-eabi/lib/thumb/v7e-m+fp/hard\libc.a(libc_a-vfprintf.o)
                0x000146d8                _vfprintf_r
 .text.__sbprintf
                0x000169f8       0x84 C:/PROGRA~2/ARMGNU~1/142BCE~1.3RE/bin/../lib/gcc/arm-none-eabi/14.3.1/../../../../arm-none-eabi/lib/thumb/v7e-m+fp/hard\libc.a(libc_a-vfprintf.o)
 .text.__sprint_r
                0x00016a7c       0x20 C:/PROGRA~2/ARMGNU~1/142BCE~1.3RE/bin/../lib/gcc/arm-none-eabi/14.3.1/../../../../arm-none-eabi/lib/thumb/v7e-m+fp/hard\libc.a(libc_a-sprint_r.o)
                0x00016a7c                __sprint_r
 .text.__sflush_r
                0x00016a9c      0x138 C:/PROGRA~2/ARMGNU~1/142BCE~1.3RE/bin/../lib/gcc/arm-none-eabi/14.3.1/../../../../arm-none-eabi/lib/thumb/v7e-m+fp/hard\libc.a(libc_a-fflush.o)
                0x00016a9c                __sflush_r
 .text._fflush_r
                0x00016bd4       0x54 C:/PROGRA~2/ARMGNU~1/142BCE~1.3RE/bin/../lib/gcc/arm-none-eabi/14.3.1/../../../../arm-none-eabi/lib/thumb/v7e-m+fp/hard\libc.a(libc_a-fflush.o)
                0x00016bd4                _fflush_r
 .text.stdio_exit_handler
                0x00016c28       0x18 C:/PROGRA~2/ARMGNU~1/142BCE~1.3RE/bin/../lib/gcc/arm-none-eabi/14.3.1/../../../../arm-none-eabi/lib/thumb/v7e-m+fp/hard\libc.a(libc_a-findfp.o)
 .text.cleanup_stdio
                0x00016c40       0x40 C:/PROGRA~2/ARMGNU~1/142BCE~1.3RE/bin/../lib/gcc/arm-none-eabi/14.3.1/../../../../arm-none-eabi/lib/thumb/v7e-m+fp/hard\libc.a(libc_a-findfp.o)
 .text.global_stdio_init.part.0
                0x00016c80       0xf0 C:/PROGRA~2/ARMGNU~1/142BCE~1.3RE/bin/../lib/gcc/arm-none-eabi/14.3.1/../../../../arm-none-eabi/lib/thumb/v7e-m+fp/hard\libc.a(libc_a-findfp.o)
 .text.__sinit  0x00016d70       0x3c C:/PROGRA~2/ARMGNU~1/142BCE~1.3RE/bin/../lib/gcc/arm-none-eabi/14.3.1/../../../../arm-none-eabi/lib/thumb/v7e-m+fp/hard\libc.a(libc_a-findfp.o)
                0x00016d70                __sinit
 .text.__sfp_lock_acquire
                0x00016dac        0xc C:/PROGRA~2/ARMGNU~1/142BCE~1.3RE/bin/../lib/gcc/arm-none-eabi/14.3.1/../../../../arm-none-eabi/lib/thumb/v7e-m+fp/hard\libc.a(libc_a-findfp.o)
                0x00016dac                __sfp_lock_acquire
 .text.__sfp_lock_release
                0x00016db8        0xc C:/PROGRA~2/ARMGNU~1/142BCE~1.3RE/bin/../lib/gcc/arm-none-eabi/14.3.1/../../../../arm-none-eabi/lib/thumb/v7e-m+fp/hard\libc.a(libc_a-findfp.o)
                0x00016db8                __sfp_lock_release
 .text.__sfvwrite_r
                0x00016dc4      0x2ec C:/PROGRA~2/ARMGNU~1/142BCE~1.3RE/bin/../lib/gcc/arm-none-eabi/14.3.1/../../../../arm-none-eabi/lib/thumb/v7e-m+fp/hard\libc.a(libc_a-fvwrite.o)
                0x00016dc4                __sfvwrite_r
 .text._fwalk_sglue
                0x000170b0       0x44 C:/PROGRA~2/ARMGNU~1/142BCE~1.3RE/bin/../lib/gcc/arm-none-eabi/14.3.1/../../../../arm-none-eabi/lib/thumb/v7e-m+fp/hard\libc.a(libc_a-fwalk.o)
                0x000170b0                _fwalk_sglue
 .text.__sread  0x000170f4       0x24 C:/PROGRA~2/ARMGNU~1/142BCE~1.3RE/bin/../lib/gcc/arm-none-eabi/14.3.1/../../../../arm-none-eabi/lib/thumb/v7e-m+fp/hard\libc.a(libc_a-stdio.o)
                0x000170f4                __sread
 .text.__swrite
                0x00017118       0x40 C:/PROGRA~2/ARMGNU~1/142BCE~1.3RE/bin/../lib/gcc/arm-none-eabi/14.3.1/../../../../arm-none-eabi/lib/thumb/v7e-m+fp/hard\libc.a(libc_a-stdio.o)
                0x00017118                __swrite
 .text.__sseek  0x00017158       0x24 C:/PROGRA~2/ARMGNU~1/142BCE~1.3RE/bin/../lib/gcc/arm-none-eabi/14.3.1/../../../../arm-none-eabi/lib/thumb/v7e-m+fp/hard\libc.a(libc_a-stdio.o)
                0x00017158                __sseek
 .text.__sclose
                0x0001717c        0x8 C:/PROGRA~2/ARMGNU~1/142BCE~1.3RE/bin/../lib/gcc/arm-none-eabi/14.3.1/../../../../arm-none-eabi/lib/thumb/v7e-m+fp/hard\libc.a(libc_a-stdio.o)
                0x0001717c                __sclose
 .text.__swsetup_r
                0x00017184       0xfc C:/PROGRA~2/ARMGNU~1/142BCE~1.3RE/bin/../lib/gcc/arm-none-eabi/14.3.1/../../../../arm-none-eabi/lib/thumb/v7e-m+fp/hard\libc.a(libc_a-wsetup.o)
                0x00017184                __swsetup_r
 .text.memmove  0x00017280      0x130 C:/PROGRA~2/ARMGNU~1/142BCE~1.3RE/bin/../lib/gcc/arm-none-eabi/14.3.1/../../../../arm-none-eabi/lib/thumb/v7e-m+fp/hard\libc.a(libc_a-memmove.o)
                0x00017280                memmove
 .text.strncpy  0x000173b0       0x68 C:/PROGRA~2/ARMGNU~1/142BCE~1.3RE/bin/../lib/gcc/arm-none-eabi/14.3.1/../../../../arm-none-eabi/lib/thumb/v7e-m+fp/hard\libc.a(libc_a-strncpy.o)
                0x000173b0                strncpy
 .text.__locale_mb_cur_max
                0x00017418        0xc C:/PROGRA~2/ARMGNU~1/142BCE~1.3RE/bin/../lib/gcc/arm-none-eabi/14.3.1/../../../../arm-none-eabi/lib/thumb/v7e-m+fp/hard\libc.a(libc_a-locale.o)
                0x00017418                __locale_mb_cur_max
 .text._localeconv_r
                0x00017424        0x8 C:/PROGRA~2/ARMGNU~1/142BCE~1.3RE/bin/../lib/gcc/arm-none-eabi/14.3.1/../../../../arm-none-eabi/lib/thumb/v7e-m+fp/hard\libc.a(libc_a-localeconv.o)
                0x00017424                _localeconv_r
 .text._close_r
                0x0001742c       0x24 C:/PROGRA~2/ARMGNU~1/142BCE~1.3RE/bin/../lib/gcc/arm-none-eabi/14.3.1/../../../../arm-none-eabi/lib/thumb/v7e-m+fp/hard\libc.a(libc_a-closer.o)
                0x0001742c                _close_r
 .text._lseek_r
                0x00017450       0x2c C:/PROGRA~2/ARMGNU~1/142BCE~1.3RE/bin/../lib/gcc/arm-none-eabi/14.3.1/../../../../arm-none-eabi/lib/thumb/v7e-m+fp/hard\libc.a(libc_a-lseekr.o)
                0x00017450                _lseek_r
 .text._read_r  0x0001747c       0x2c C:/PROGRA~2/ARMGNU~1/142BCE~1.3RE/bin/../lib/gcc/arm-none-eabi/14.3.1/../../../../arm-none-eabi/lib/thumb/v7e-m+fp/hard\libc.a(libc_a-readr.o)
                0x0001747c                _read_r
 .text._write_r
                0x000174a8       0x2c C:/PROGRA~2/ARMGNU~1/142BCE~1.3RE/bin/../lib/gcc/arm-none-eabi/14.3.1/../../../../arm-none-eabi/lib/thumb/v7e-m+fp/hard\libc.a(libc_a-writer.o)
                0x000174a8                _write_r
 .text.__retarget_lock_init_recursive
                0x000174d4        0x4 C:/PROGRA~2/ARMGNU~1/142BCE~1.3RE/bin/../lib/gcc/arm-none-eabi/14.3.1/../../../../arm-none-eabi/lib/thumb/v7e-m+fp/hard\libc.a(libc_a-lock.o)
                0x000174d4                __retarget_lock_init_recursive
 .text.__retarget_lock_close_recursive
                0x000174d8        0x4 C:/PROGRA~2/ARMGNU~1/142BCE~1.3RE/bin/../lib/gcc/arm-none-eabi/14.3.1/../../../../arm-none-eabi/lib/thumb/v7e-m+fp/hard\libc.a(libc_a-lock.o)
                0x000174d8                __retarget_lock_close_recursive
 .text.__retarget_lock_acquire_recursive
                0x000174dc        0x4 C:/PROGRA~2/ARMGNU~1/142BCE~1.3RE/bin/../lib/gcc/arm-none-eabi/14.3.1/../../../../arm-none-eabi/lib/thumb/v7e-m+fp/hard\libc.a(libc_a-lock.o)
                0x000174dc                __retarget_lock_acquire_recursive
 .text.__retarget_lock_release_recursive
                0x000174e0        0x4 C:/PROGRA~2/ARMGNU~1/142BCE~1.3RE/bin/../lib/gcc/arm-none-eabi/14.3.1/../../../../arm-none-eabi/lib/thumb/v7e-m+fp/hard\libc.a(libc_a-lock.o)
                0x000174e0                __retarget_lock_release_recursive
 *fill*         0x000174e4        0xc 
 .text          0x000174f0       0xa0 C:/PROGRA~2/ARMGNU~1/142BCE~1.3RE/bin/../lib/gcc/arm-none-eabi/14.3.1/../../../../arm-none-eabi/lib/thumb/v7e-m+fp/hard\libc.a(libc_a-memchr.o)
                0x000174f0                memchr
 .text.frexp    0x00017590       0x64 C:/PROGRA~2/ARMGNU~1/142BCE~1.3RE/bin/../lib/gcc/arm-none-eabi/14.3.1/../../../../arm-none-eabi/lib/thumb/v7e-m+fp/hard\libc.a(libm_a-s_frexp.o)
                0x00017590                frexp
 .text.quorem   0x000175f4      0x12c C:/PROGRA~2/ARMGNU~1/142BCE~1.3RE/bin/../lib/gcc/arm-none-eabi/14.3.1/../../../../arm-none-eabi/lib/thumb/v7e-m+fp/hard\libc.a(libc_a-dtoa.o)
 .text._dtoa_r  0x00017720     0x1030 C:/PROGRA~2/ARMGNU~1/142BCE~1.3RE/bin/../lib/gcc/arm-none-eabi/14.3.1/../../../../arm-none-eabi/lib/thumb/v7e-m+fp/hard\libc.a(libc_a-dtoa.o)
                0x00017720                _dtoa_r
 .text._malloc_trim_r
                0x00018750       0xb8 C:/PROGRA~2/ARMGNU~1/142BCE~1.3RE/bin/../lib/gcc/arm-none-eabi/14.3.1/../../../../arm-none-eabi/lib/thumb/v7e-m+fp/hard\libc.a(libc_a-freer.o)
                0x00018750                _malloc_trim_r
 .text._free_r  0x00018808      0x1f0 C:/PROGRA~2/ARMGNU~1/142BCE~1.3RE/bin/../lib/gcc/arm-none-eabi/14.3.1/../../../../arm-none-eabi/lib/thumb/v7e-m+fp/hard\libc.a(libc_a-freer.o)
                0x00018808                _free_r
 .text._malloc_r
                0x000189f8      0x598 C:/PROGRA~2/ARMGNU~1/142BCE~1.3RE/bin/../lib/gcc/arm-none-eabi/14.3.1/../../../../arm-none-eabi/lib/thumb/v7e-m+fp/hard\libc.a(libc_a-mallocr.o)
                0x000189f8                _malloc_r
 .text.__ascii_mbtowc
                0x00018f90       0x2c C:/PROGRA~2/ARMGNU~1/142BCE~1.3RE/bin/../lib/gcc/arm-none-eabi/14.3.1/../../../../arm-none-eabi/lib/thumb/v7e-m+fp/hard\libc.a(libc_a-mbtowc_r.o)
                0x00018f90                __ascii_mbtowc
 .text.__malloc_lock
                0x00018fbc        0xc C:/PROGRA~2/ARMGNU~1/142BCE~1.3RE/bin/../lib/gcc/arm-none-eabi/14.3.1/../../../../arm-none-eabi/lib/thumb/v7e-m+fp/hard\libc.a(libc_a-mlock.o)
                0x00018fbc                __malloc_lock
 .text.__malloc_unlock
                0x00018fc8        0xc C:/PROGRA~2/ARMGNU~1/142BCE~1.3RE/bin/../lib/gcc/arm-none-eabi/14.3.1/../../../../arm-none-eabi/lib/thumb/v7e-m+fp/hard\libc.a(libc_a-mlock.o)
                0x00018fc8                __malloc_unlock
 .text._Balloc  0x00018fd4       0x4c C:/PROGRA~2/ARMGNU~1/142BCE~1.3RE/bin/../lib/gcc/arm-none-eabi/14.3.1/../../../../arm-none-eabi/lib/thumb/v7e-m+fp/hard\libc.a(libc_a-mprec.o)
                0x00018fd4                _Balloc
 .text._Bfree   0x00019020       0x14 C:/PROGRA~2/ARMGNU~1/142BCE~1.3RE/bin/../lib/gcc/arm-none-eabi/14.3.1/../../../../arm-none-eabi/lib/thumb/v7e-m+fp/hard\libc.a(libc_a-mprec.o)
                0x00019020                _Bfree
 .text.__multadd
                0x00019034       0xa0 C:/PROGRA~2/ARMGNU~1/142BCE~1.3RE/bin/../lib/gcc/arm-none-eabi/14.3.1/../../../../arm-none-eabi/lib/thumb/v7e-m+fp/hard\libc.a(libc_a-mprec.o)
                0x00019034                __multadd
 .text.__hi0bits
                0x000190d4       0x54 C:/PROGRA~2/ARMGNU~1/142BCE~1.3RE/bin/../lib/gcc/arm-none-eabi/14.3.1/../../../../arm-none-eabi/lib/thumb/v7e-m+fp/hard\libc.a(libc_a-mprec.o)
                0x000190d4                __hi0bits
 .text.__lo0bits
                0x00019128       0x80 C:/PROGRA~2/ARMGNU~1/142BCE~1.3RE/bin/../lib/gcc/arm-none-eabi/14.3.1/../../../../arm-none-eabi/lib/thumb/v7e-m+fp/hard\libc.a(libc_a-mprec.o)
                0x00019128                __lo0bits
 .text.__i2b    0x000191a8       0x5c C:/PROGRA~2/ARMGNU~1/142BCE~1.3RE/bin/../lib/gcc/arm-none-eabi/14.3.1/../../../../arm-none-eabi/lib/thumb/v7e-m+fp/hard\libc.a(libc_a-mprec.o)
                0x000191a8                __i2b
 .text.__multiply
                0x00019204      0x16c C:/PROGRA~2/ARMGNU~1/142BCE~1.3RE/bin/../lib/gcc/arm-none-eabi/14.3.1/../../../../arm-none-eabi/lib/thumb/v7e-m+fp/hard\libc.a(libc_a-mprec.o)
                0x00019204                __multiply
 .text.__pow5mult
                0x00019370       0xc0 C:/PROGRA~2/ARMGNU~1/142BCE~1.3RE/bin/../lib/gcc/arm-none-eabi/14.3.1/../../../../arm-none-eabi/lib/thumb/v7e-m+fp/hard\libc.a(libc_a-mprec.o)
                0x00019370                __pow5mult
 .text.__lshift
                0x00019430       0xe8 C:/PROGRA~2/ARMGNU~1/142BCE~1.3RE/bin/../lib/gcc/arm-none-eabi/14.3.1/../../../../arm-none-eabi/lib/thumb/v7e-m+fp/hard\libc.a(libc_a-mprec.o)
                0x00019430                __lshift
 .text.__mcmp   0x00019518       0x44 C:/PROGRA~2/ARMGNU~1/142BCE~1.3RE/bin/../lib/gcc/arm-none-eabi/14.3.1/../../../../arm-none-eabi/lib/thumb/v7e-m+fp/hard\libc.a(libc_a-mprec.o)
                0x00019518                __mcmp
 .text.__mdiff  0x0001955c      0x174 C:/PROGRA~2/ARMGNU~1/142BCE~1.3RE/bin/../lib/gcc/arm-none-eabi/14.3.1/../../../../arm-none-eabi/lib/thumb/v7e-m+fp/hard\libc.a(libc_a-mprec.o)
                0x0001955c                __mdiff
 .text.__d2b    0x000196d0       0xbc C:/PROGRA~2/ARMGNU~1/142BCE~1.3RE/bin/../lib/gcc/arm-none-eabi/14.3.1/../../../../arm-none-eabi/lib/thumb/v7e-m+fp/hard\libc.a(libc_a-mprec.o)
                0x000196d0                __d2b
 .text._realloc_r
                0x0001978c      0x348 C:/PROGRA~2/ARMGNU~1/142BCE~1.3RE/bin/../lib/gcc/arm-none-eabi/14.3.1/../../../../arm-none-eabi/lib/thumb/v7e-m+fp/hard\libc.a(libc_a-reallocr.o)
                0x0001978c                _realloc_r
 .text.__ascii_wctomb
                0x00019ad4       0x1c C:/PROGRA~2/ARMGNU~1/142BCE~1.3RE/bin/../lib/gcc/arm-none-eabi/14.3.1/../../../../arm-none-eabi/lib/thumb/v7e-m+fp/hard\libc.a(libc_a-wctomb_r.o)
                0x00019ad4                __ascii_wctomb
 .text._wcrtomb_r
                0x00019af0       0x4c C:/PROGRA~2/ARMGNU~1/142BCE~1.3RE/bin/../lib/gcc/arm-none-eabi/14.3.1/../../../../arm-none-eabi/lib/thumb/v7e-m+fp/hard\libc.a(libc_a-wcrtomb.o)
                0x00019af0                _wcrtomb_r
 .text._wcsrtombs_r
                0x00019b3c       0x18 C:/PROGRA~2/ARMGNU~1/142BCE~1.3RE/bin/../lib/gcc/arm-none-eabi/14.3.1/../../../../arm-none-eabi/lib/thumb/v7e-m+fp/hard\libc.a(libc_a-wcsrtombs.o)
                0x00019b3c                _wcsrtombs_r
 .text._fclose_r
                0x00019b54       0xc0 C:/PROGRA~2/ARMGNU~1/142BCE~1.3RE/bin/../lib/gcc/arm-none-eabi/14.3.1/../../../../arm-none-eabi/lib/thumb/v7e-m+fp/hard\libc.a(libc_a-fclose.o)
                0x00019b54                _fclose_r
 .text.__smakebuf_r
                0x00019c14       0xd0 C:/PROGRA~2/ARMGNU~1/142BCE~1.3RE/bin/../lib/gcc/arm-none-eabi/14.3.1/../../../../arm-none-eabi/lib/thumb/v7e-m+fp/hard\libc.a(libc_a-makebuf.o)
                0x00019c14                __smakebuf_r
 .text._fstat_r
                0x00019ce4       0x2c C:/PROGRA~2/ARMGNU~1/142BCE~1.3RE/bin/../lib/gcc/arm-none-eabi/14.3.1/../../../../arm-none-eabi/lib/thumb/v7e-m+fp/hard\libc.a(libc_a-fstatr.o)
                0x00019ce4                _fstat_r
 .text._isatty_r
                0x00019d10       0x24 C:/PROGRA~2/ARMGNU~1/142BCE~1.3RE/bin/../lib/gcc/arm-none-eabi/14.3.1/../../../../arm-none-eabi/lib/thumb/v7e-m+fp/hard\libc.a(libc_a-isattyr.o)
                0x00019d10                _isatty_r
 .text._sbrk_r  0x00019d34       0x24 C:/PROGRA~2/ARMGNU~1/142BCE~1.3RE/bin/../lib/gcc/arm-none-eabi/14.3.1/../../../../arm-none-eabi/lib/thumb/v7e-m+fp/hard\libc.a(libc_a-sbrkr.o)
                0x00019d34                _sbrk_r
 .text.__errno  0x00019d58        0xc C:/PROGRA~2/ARMGNU~1/142BCE~1.3RE/bin/../lib/gcc/arm-none-eabi/14.3.1/../../../../arm-none-eabi/lib/thumb/v7e-m+fp/hard\libc.a(libc_a-errno.o)
                0x00019d58                __errno
 .text.sysconf  0x00019d64       0x1c C:/PROGRA~2/ARMGNU~1/142BCE~1.3RE/bin/../lib/gcc/arm-none-eabi/14.3.1/../../../../arm-none-eabi/lib/thumb/v7e-m+fp/hard\libc.a(libc_a-sysconf.o)
                0x00019d64                sysconf
 .text._calloc_r
                0x00019d80       0x6c C:/PROGRA~2/ARMGNU~1/142BCE~1.3RE/bin/../lib/gcc/arm-none-eabi/14.3.1/../../../../arm-none-eabi/lib/thumb/v7e-m+fp/hard\libc.a(libc_a-callocr.o)
                0x00019d80                _calloc_r
 .text._wcsnrtombs_l
                0x00019dec       0xf0 C:/PROGRA~2/ARMGNU~1/142BCE~1.3RE/bin/../lib/gcc/arm-none-eabi/14.3.1/../../../../arm-none-eabi/lib/thumb/v7e-m+fp/hard\libc.a(libc_a-wcsnrtombs.o)
                0x00019dec                _wcsnrtombs_l
 .text._wcsnrtombs_r
                0x00019edc       0x24 C:/PROGRA~2/ARMGNU~1/142BCE~1.3RE/bin/../lib/gcc/arm-none-eabi/14.3.1/../../../../arm-none-eabi/lib/thumb/v7e-m+fp/hard\libc.a(libc_a-wcsnrtombs.o)
                0x00019edc                _wcsnrtombs_r
 .text._sbrk    0x00019f00       0x38 output/Build_Platforms/nRF52840-DK/lib/chelpers/libchelpers.a(libc_hooks.c.obj)
                0x00019f00                _sbrk
 .text._write   0x00019f38        0xe output/Build_Platforms/nRF52840-DK/lib/qio/librtt_io.a(rtt_io.c.obj)
                0x00019f38                _write
 .text._read    0x00019f46       0x1c output/Build_Platforms/nRF52840-DK/lib/qio/librtt_io.a(rtt_io.c.obj)
                0x00019f46                _read
 *fill*         0x00019f62        0x2 
 .text.__assert_func
                0x00019f64       0xa8 output/Build_Platforms/nRF52840-DK/lib/qio/librtt_io.a(rtt_io.c.obj)
                0x00019f64                __assert_func
 .text._lseek   0x0001a00c        0x4 output/Build_Platforms/nRF52840-DK/lib/qio/librtt_io.a(common_libc_hooks.c.obj)
                0x0001a00c                _lseek
 .text._fstat   0x0001a010        0xa output/Build_Platforms/nRF52840-DK/lib/qio/librtt_io.a(common_libc_hooks.c.obj)
                0x0001a010                _fstat
 .text._isatty  0x0001a01a        0x4 output/Build_Platforms/nRF52840-DK/lib/qio/librtt_io.a(common_libc_hooks.c.obj)
                0x0001a01a                _isatty
 .text._close   0x0001a01e        0x6 output/Build_Platforms/nRF52840-DK/lib/qio/librtt_io.a(common_libc_hooks.c.obj)
                0x0001a01e                _close
 .text.dwt_probe
                0x0001a024       0x9c API/Shared/dwt_uwb_driver/libuwb_driver.a(deca_compat.c.obj)
                0x0001a024                dwt_probe
 .text.dwt_version_string
                0x0001a0c0        0x8 API/Shared/dwt_uwb_driver/libuwb_driver.a(deca_compat.c.obj)
                0x0001a0c0                dwt_version_string
 .text.dwt_getpartid
                0x0001a0c8       0x24 API/Shared/dwt_uwb_driver/libuwb_driver.a(deca_compat.c.obj)
                0x0001a0c8                dwt_getpartid
 .text.dwt_getlotid
                0x0001a0ec       0x28 API/Shared/dwt_uwb_driver/libuwb_driver.a(deca_compat.c.obj)
                0x0001a0ec                dwt_getlotid
 .text.dwt_readdevid
                0x0001a114       0x24 API/Shared/dwt_uwb_driver/libuwb_driver.a(deca_compat.c.obj)
                0x0001a114                dwt_readdevid
 .text.dwt_initialise
                0x0001a138       0x18 API/Shared/dwt_uwb_driver/libuwb_driver.a(deca_compat.c.obj)
                0x0001a138                dwt_initialise
 .text.dwt_configure
                0x0001a150       0x18 API/Shared/dwt_uwb_driver/libuwb_driver.a(deca_compat.c.obj)
                0x0001a150                dwt_configure
 .text.dwt_checkidlerc
                0x0001a168       0x28 API/Shared/dwt_uwb_driver/libuwb_driver.a(deca_compat.c.obj)
                0x0001a168                dwt_checkidlerc
 .text.dwt_aon_read
                0x0001a190       0x2c API/Shared/dwt_uwb_driver/libuwb_driver.a(deca_compat.c.obj)
                0x0001a190                dwt_aon_read
 .text.dwt_aon_write
                0x0001a1bc       0x28 API/Shared/dwt_uwb_driver/libuwb_driver.a(deca_compat.c.obj)
                0x0001a1bc                dwt_aon_write
 .text.dwt_generatecrc8
                0x0001a1e4       0x28 API/Shared/dwt_uwb_driver/libuwb_driver.a(deca_compat.c.obj)
                0x0001a1e4                dwt_generatecrc8
 .text.dwt_readtempvbat
                0x0001a20c       0x28 API/Shared/dwt_uwb_driver/libuwb_driver.a(deca_compat.c.obj)
                0x0001a20c                dwt_readtempvbat
 .text.dwt_convertrawtemperature
                0x0001a234       0x2c API/Shared/dwt_uwb_driver/libuwb_driver.a(deca_compat.c.obj)
                0x0001a234                dwt_convertrawtemperature
 .text.dwt_setchannel
                0x0001a260       0x18 API/Shared/dwt_uwb_driver/libuwb_driver.a(deca_compat.c.obj)
                0x0001a260                dwt_setchannel
 .text._GetAvailWriteSpace
                0x0001a278       0x18 output/Build_Platforms/nRF52840-DK/lib/rtt/libsegger_rtt.a(SEGGER_RTT.c.obj)
 .text._WriteNoCheck
                0x0001a290       0x4c output/Build_Platforms/nRF52840-DK/lib/rtt/libsegger_rtt.a(SEGGER_RTT.c.obj)
 .text._WriteBlocking
                0x0001a2dc       0x62 output/Build_Platforms/nRF52840-DK/lib/rtt/libsegger_rtt.a(SEGGER_RTT.c.obj)
 *fill*         0x0001a33e        0x2 
 .text._DoInit  0x0001a340       0x70 output/Build_Platforms/nRF52840-DK/lib/rtt/libsegger_rtt.a(SEGGER_RTT.c.obj)
 .text.SEGGER_RTT_ReadNoLock
                0x0001a3b0       0xa0 output/Build_Platforms/nRF52840-DK/lib/rtt/libsegger_rtt.a(SEGGER_RTT.c.obj)
                0x0001a3b0                SEGGER_RTT_ReadNoLock
 .text.SEGGER_RTT_Read
                0x0001a450       0x1c output/Build_Platforms/nRF52840-DK/lib/rtt/libsegger_rtt.a(SEGGER_RTT.c.obj)
                0x0001a450                SEGGER_RTT_Read
 .text.SEGGER_RTT_WriteNoLock
                0x0001a46c       0x6c output/Build_Platforms/nRF52840-DK/lib/rtt/libsegger_rtt.a(SEGGER_RTT.c.obj)
                0x0001a46c                SEGGER_RTT_WriteNoLock
 .text.SEGGER_RTT_Write
                0x0001a4d8       0x38 output/Build_Platforms/nRF52840-DK/lib/rtt/libsegger_rtt.a(SEGGER_RTT.c.obj)
                0x0001a4d8                SEGGER_RTT_Write
 .text.SEGGER_RTT_HasData
                0x0001a510       0x20 output/Build_Platforms/nRF52840-DK/lib/rtt/libsegger_rtt.a(SEGGER_RTT.c.obj)
                0x0001a510                SEGGER_RTT_HasData
 .text.ull_update_ststhreshold
                0x0001a530       0x18 API/Shared/dwt_uwb_driver/dw3000/libdw3000_uwb_driver.a(dw3000_device.c.obj)
 .text.ull_wakeup_ic
                0x0001a548        0x8 API/Shared/dwt_uwb_driver/dw3000/libdw3000_uwb_driver.a(dw3000_device.c.obj)
 .text.dwt_localstruct_init
                0x0001a550       0x28 API/Shared/dwt_uwb_driver/dw3000/libdw3000_uwb_driver.a(dw3000_device.c.obj)
 .text.ull_otprevision
                0x0001a578        0x8 API/Shared/dwt_uwb_driver/dw3000/libdw3000_uwb_driver.a(dw3000_device.c.obj)
 .text.ull_geticrefvolt
                0x0001a580        0x8 API/Shared/dwt_uwb_driver/dw3000/libdw3000_uwb_driver.a(dw3000_device.c.obj)
 .text.ull_geticreftemp
                0x0001a588        0x8 API/Shared/dwt_uwb_driver/dw3000/libdw3000_uwb_driver.a(dw3000_device.c.obj)
 .text.ull_getpartid
                0x0001a590        0x4 API/Shared/dwt_uwb_driver/dw3000/libdw3000_uwb_driver.a(dw3000_device.c.obj)
 .text.ull_getlotid
                0x0001a594        0x8 API/Shared/dwt_uwb_driver/dw3000/libdw3000_uwb_driver.a(dw3000_device.c.obj)
 .text.get_sts_mnth
                0x0001a59c       0x28 API/Shared/dwt_uwb_driver/dw3000/libdw3000_uwb_driver.a(dw3000_device.c.obj)
 .text.ull_clear_cbData
                0x0001a5c4       0x10 API/Shared/dwt_uwb_driver/dw3000/libdw3000_uwb_driver.a(dw3000_device.c.obj)
 .text.ull_getxtaltrim
                0x0001a5d4        0x8 API/Shared/dwt_uwb_driver/dw3000/libdw3000_uwb_driver.a(dw3000_device.c.obj)
 .text.ull_convertrawtemperature
                0x0001a5dc       0x30 API/Shared/dwt_uwb_driver/dw3000/libdw3000_uwb_driver.a(dw3000_device.c.obj)
 .text.ull_convertrawvoltage
                0x0001a60c       0x44 API/Shared/dwt_uwb_driver/dw3000/libdw3000_uwb_driver.a(dw3000_device.c.obj)
 .text.ull_mic_size_from_bytes
                0x0001a650        0xc API/Shared/dwt_uwb_driver/dw3000/libdw3000_uwb_driver.a(dw3000_device.c.obj)
 .text.dwt_dbg_fn
                0x0001a65c       0x10 API/Shared/dwt_uwb_driver/dw3000/libdw3000_uwb_driver.a(dw3000_device.c.obj)
 .text.deinit   0x0001a66c        0x4 API/Shared/dwt_uwb_driver/dw3000/libdw3000_uwb_driver.a(dw3000_device.c.obj)
 .text.dwt_xfer3xxx
                0x0001a670      0x170 API/Shared/dwt_uwb_driver/dw3000/libdw3000_uwb_driver.a(dw3000_device.c.obj)
 .text.dwt_modify8bitoffsetreg
                0x0001a7e0       0x28 API/Shared/dwt_uwb_driver/dw3000/libdw3000_uwb_driver.a(dw3000_device.c.obj)
 .text.ull_setpllbiastrim
                0x0001a808       0x30 API/Shared/dwt_uwb_driver/dw3000/libdw3000_uwb_driver.a(dw3000_device.c.obj)
 .text.ull_enablespicrccheck
                0x0001a838       0x38 API/Shared/dwt_uwb_driver/dw3000/libdw3000_uwb_driver.a(dw3000_device.c.obj)
 .text.ull_configurestsloadiv
                0x0001a870       0x1c API/Shared/dwt_uwb_driver/dw3000/libdw3000_uwb_driver.a(dw3000_device.c.obj)
 .text.ull_stop_repeated_frames
                0x0001a88c       0x1c API/Shared/dwt_uwb_driver/dw3000/libdw3000_uwb_driver.a(dw3000_device.c.obj)
 .text.ull_setpllrxprebufen
                0x0001a8a8       0x38 API/Shared/dwt_uwb_driver/dw3000/libdw3000_uwb_driver.a(dw3000_device.c.obj)
 .text.ull_reset_system_counter
                0x0001a8e0       0x50 API/Shared/dwt_uwb_driver/dw3000/libdw3000_uwb_driver.a(dw3000_device.c.obj)
 .text.prs_ack_enable
                0x0001a930       0x20 API/Shared/dwt_uwb_driver/dw3000/libdw3000_uwb_driver.a(dw3000_device.c.obj)
 .text.dwt_modify16bitoffsetreg
                0x0001a950       0x34 API/Shared/dwt_uwb_driver/dw3000/libdw3000_uwb_driver.a(dw3000_device.c.obj)
 .text.dwt_prog_ldo_and_bias_tune
                0x0001a984       0x38 API/Shared/dwt_uwb_driver/dw3000/libdw3000_uwb_driver.a(dw3000_device.c.obj)
 .text.ull_configurestsmode
                0x0001a9bc       0x24 API/Shared/dwt_uwb_driver/dw3000/libdw3000_uwb_driver.a(dw3000_device.c.obj)
 .text.ull_setgpiovalue
                0x0001a9e0       0x30 API/Shared/dwt_uwb_driver/dw3000/libdw3000_uwb_driver.a(dw3000_device.c.obj)
 .text.ull_config_ostr_mode
                0x0001aa10       0x28 API/Shared/dwt_uwb_driver/dw3000/libdw3000_uwb_driver.a(dw3000_device.c.obj)
 .text.dwt_modify32bitoffsetreg
                0x0001aa38       0x50 API/Shared/dwt_uwb_driver/dw3000/libdw3000_uwb_driver.a(dw3000_device.c.obj)
 .text.ull_configuresfdtype
                0x0001aa88       0x24 API/Shared/dwt_uwb_driver/dw3000/libdw3000_uwb_driver.a(dw3000_device.c.obj)
 .text.ull_settxcode
                0x0001aaac       0x20 API/Shared/dwt_uwb_driver/dw3000/libdw3000_uwb_driver.a(dw3000_device.c.obj)
 .text.dwt_kick_dgc_on_wakeup
                0x0001aacc       0x3c API/Shared/dwt_uwb_driver/dw3000/libdw3000_uwb_driver.a(dw3000_device.c.obj)
 .text.ull_enablegpioclocks
                0x0001ab08       0x20 API/Shared/dwt_uwb_driver/dw3000/libdw3000_uwb_driver.a(dw3000_device.c.obj)
 .text.dwt_kick_ops_table_on_wakeup
                0x0001ab28       0x5c API/Shared/dwt_uwb_driver/dw3000/libdw3000_uwb_driver.a(dw3000_device.c.obj)
 .text.ull_enable_rftx_blocks
                0x0001ab84       0x24 API/Shared/dwt_uwb_driver/dw3000/libdw3000_uwb_driver.a(dw3000_device.c.obj)
 .text.ull_configure_rf_port
                0x0001aba8       0x30 API/Shared/dwt_uwb_driver/dw3000/libdw3000_uwb_driver.a(dw3000_device.c.obj)
 .text.ull_setgpiomode
                0x0001abd8       0x48 API/Shared/dwt_uwb_driver/dw3000/libdw3000_uwb_driver.a(dw3000_device.c.obj)
 .text.ull_wifi_coex_set
                0x0001ac20       0x78 API/Shared/dwt_uwb_driver/dw3000/libdw3000_uwb_driver.a(dw3000_device.c.obj)
 .text.ull_configure_and_set_antenna_selection_gpio
                0x0001ac98       0x80 API/Shared/dwt_uwb_driver/dw3000/libdw3000_uwb_driver.a(dw3000_device.c.obj)
 .text.prs_sys_status_and_or
                0x0001ad18       0x18 API/Shared/dwt_uwb_driver/dw3000/libdw3000_uwb_driver.a(dw3000_device.c.obj)
 .text.ull_readfromdevice
                0x0001ad30       0x14 API/Shared/dwt_uwb_driver/dw3000/libdw3000_uwb_driver.a(dw3000_device.c.obj)
 .text.dwt_read32bitoffsetreg
                0x0001ad44       0x30 API/Shared/dwt_uwb_driver/dw3000/libdw3000_uwb_driver.a(dw3000_device.c.obj)
 .text.ull_check_dev_id
                0x0001ad74       0x24 API/Shared/dwt_uwb_driver/dw3000/libdw3000_uwb_driver.a(dw3000_device.c.obj)
 .text.ull_enable_rf_tx
                0x0001ad98       0x9c API/Shared/dwt_uwb_driver/dw3000/libdw3000_uwb_driver.a(dw3000_device.c.obj)
 .text.ull_readtxtimestamphi32
                0x0001ae34        0xc API/Shared/dwt_uwb_driver/dw3000/libdw3000_uwb_driver.a(dw3000_device.c.obj)
 .text.ull_readtxtimestamplo32
                0x0001ae40        0xc API/Shared/dwt_uwb_driver/dw3000/libdw3000_uwb_driver.a(dw3000_device.c.obj)
 .text.ull_readrxtimestamphi32
                0x0001ae4c        0xc API/Shared/dwt_uwb_driver/dw3000/libdw3000_uwb_driver.a(dw3000_device.c.obj)
 .text.ull_readrxtimestamplo32
                0x0001ae58        0xc API/Shared/dwt_uwb_driver/dw3000/libdw3000_uwb_driver.a(dw3000_device.c.obj)
 .text.ull_readsystimehi32
                0x0001ae64        0xc API/Shared/dwt_uwb_driver/dw3000/libdw3000_uwb_driver.a(dw3000_device.c.obj)
 .text.ull_readpllstatus
                0x0001ae70       0x10 API/Shared/dwt_uwb_driver/dw3000/libdw3000_uwb_driver.a(dw3000_device.c.obj)
 .text.ull_readsysstatuslo
                0x0001ae80        0xc API/Shared/dwt_uwb_driver/dw3000/libdw3000_uwb_driver.a(dw3000_device.c.obj)
 .text.ull_nlos_ipdiag
                0x0001ae8c       0x30 API/Shared/dwt_uwb_driver/dw3000/libdw3000_uwb_driver.a(dw3000_device.c.obj)
 .text.dwt_read16bitoffsetreg
                0x0001aebc       0x24 API/Shared/dwt_uwb_driver/dw3000/libdw3000_uwb_driver.a(dw3000_device.c.obj)
 .text.ull_getrxantennadelay
                0x0001aee0       0x10 API/Shared/dwt_uwb_driver/dw3000/libdw3000_uwb_driver.a(dw3000_device.c.obj)
 .text.ull_gettxantennadelay
                0x0001aef0       0x10 API/Shared/dwt_uwb_driver/dw3000/libdw3000_uwb_driver.a(dw3000_device.c.obj)
 .text.ull_readclockoffset
                0x0001af00       0x4c API/Shared/dwt_uwb_driver/dw3000/libdw3000_uwb_driver.a(dw3000_device.c.obj)
 .text.ull_readpdoa
                0x0001af4c       0x54 API/Shared/dwt_uwb_driver/dw3000/libdw3000_uwb_driver.a(dw3000_device.c.obj)
 .text.ull_readstsquality
                0x0001afa0       0x30 API/Shared/dwt_uwb_driver/dw3000/libdw3000_uwb_driver.a(dw3000_device.c.obj)
 .text.ull_readstsstatus
                0x0001afd0       0x6c API/Shared/dwt_uwb_driver/dw3000/libdw3000_uwb_driver.a(dw3000_device.c.obj)
 .text.ull_checkidlerc
                0x0001b03c       0x10 API/Shared/dwt_uwb_driver/dw3000/libdw3000_uwb_driver.a(dw3000_device.c.obj)
 .text.ull_getgpiodir
                0x0001b04c       0x14 API/Shared/dwt_uwb_driver/dw3000/libdw3000_uwb_driver.a(dw3000_device.c.obj)
 .text.ull_readsysstatushi
                0x0001b060        0xc API/Shared/dwt_uwb_driver/dw3000/libdw3000_uwb_driver.a(dw3000_device.c.obj)
 .text.ull_readgpiovalue
                0x0001b06c       0x10 API/Shared/dwt_uwb_driver/dw3000/libdw3000_uwb_driver.a(dw3000_device.c.obj)
 .text.dwt_read8bitoffsetreg
                0x0001b07c       0x1c API/Shared/dwt_uwb_driver/dw3000/libdw3000_uwb_driver.a(dw3000_device.c.obj)
 .text.ull_readpgdelay
                0x0001b098       0x14 API/Shared/dwt_uwb_driver/dw3000/libdw3000_uwb_driver.a(dw3000_device.c.obj)
 .text.ull_increase_ch5_pll_ldo_tune
                0x0001b0ac       0x30 API/Shared/dwt_uwb_driver/dw3000/libdw3000_uwb_driver.a(dw3000_device.c.obj)
 .text.ull_writetxfctrl
                0x0001b0dc       0x4c API/Shared/dwt_uwb_driver/dw3000/libdw3000_uwb_driver.a(dw3000_device.c.obj)
 .text.ull_readwakeuptemp
                0x0001b128       0x10 API/Shared/dwt_uwb_driver/dw3000/libdw3000_uwb_driver.a(dw3000_device.c.obj)
 .text.ull_readwakeupvbat
                0x0001b138       0x10 API/Shared/dwt_uwb_driver/dw3000/libdw3000_uwb_driver.a(dw3000_device.c.obj)
 .text.ull_readeventcounters
                0x0001b148       0xc4 API/Shared/dwt_uwb_driver/dw3000/libdw3000_uwb_driver.a(dw3000_device.c.obj)
 .text.ull_checkirq
                0x0001b20c       0x10 API/Shared/dwt_uwb_driver/dw3000/libdw3000_uwb_driver.a(dw3000_device.c.obj)
 .text.ull_get_dgcdecision
                0x0001b21c       0x14 API/Shared/dwt_uwb_driver/dw3000/libdw3000_uwb_driver.a(dw3000_device.c.obj)
 .text.ull_nlos_alldiag
                0x0001b230      0x14c API/Shared/dwt_uwb_driver/dw3000/libdw3000_uwb_driver.a(dw3000_device.c.obj)
 .text.ull_readrdbstatus
                0x0001b37c        0xc API/Shared/dwt_uwb_driver/dw3000/libdw3000_uwb_driver.a(dw3000_device.c.obj)
 .text.ull_read_scratch_data
                0x0001b388       0x1c API/Shared/dwt_uwb_driver/dw3000/libdw3000_uwb_driver.a(dw3000_device.c.obj)
 .text.ull_readcarrierintegrator
                0x0001b3a4       0x3c API/Shared/dwt_uwb_driver/dw3000/libdw3000_uwb_driver.a(dw3000_device.c.obj)
 .text.ull_readdiagnostics
                0x0001b3e0      0x774 API/Shared/dwt_uwb_driver/dw3000/libdw3000_uwb_driver.a(dw3000_device.c.obj)
 .text.ull_readdiagnostics_acc
                0x0001bb54      0x380 API/Shared/dwt_uwb_driver/dw3000/libdw3000_uwb_driver.a(dw3000_device.c.obj)
 .text.ull_readtxtimestamp
                0x0001bed4       0x18 API/Shared/dwt_uwb_driver/dw3000/libdw3000_uwb_driver.a(dw3000_device.c.obj)
 .text.ull_readtdoa
                0x0001beec       0x24 API/Shared/dwt_uwb_driver/dw3000/libdw3000_uwb_driver.a(dw3000_device.c.obj)
 .text.ull_readsystime
                0x0001bf10       0x18 API/Shared/dwt_uwb_driver/dw3000/libdw3000_uwb_driver.a(dw3000_device.c.obj)
 .text.ull_geteui
                0x0001bf28       0x18 API/Shared/dwt_uwb_driver/dw3000/libdw3000_uwb_driver.a(dw3000_device.c.obj)
 .text.ull_readrxtimestamp
                0x0001bf40       0x44 API/Shared/dwt_uwb_driver/dw3000/libdw3000_uwb_driver.a(dw3000_device.c.obj)
 .text.ull_readrxtimestamp_ipatov
                0x0001bf84       0x48 API/Shared/dwt_uwb_driver/dw3000/libdw3000_uwb_driver.a(dw3000_device.c.obj)
 .text.ull_readrxtimestampunadj
                0x0001bfcc       0x1c API/Shared/dwt_uwb_driver/dw3000/libdw3000_uwb_driver.a(dw3000_device.c.obj)
 .text.ull_readrxtimestamp_sts
                0x0001bfe8       0x48 API/Shared/dwt_uwb_driver/dw3000/libdw3000_uwb_driver.a(dw3000_device.c.obj)
 .text.ull_writetodevice
                0x0001c030       0x18 API/Shared/dwt_uwb_driver/dw3000/libdw3000_uwb_driver.a(dw3000_device.c.obj)
 .text.dwt_write32bitoffsetreg
                0x0001c048       0x34 API/Shared/dwt_uwb_driver/dw3000/libdw3000_uwb_driver.a(dw3000_device.c.obj)
 .text.dwt_adjust_delaytime
                0x0001c07c       0x50 API/Shared/dwt_uwb_driver/dw3000/libdw3000_uwb_driver.a(dw3000_device.c.obj)
 .text.ull_setdelayedtrxtime
                0x0001c0cc       0x10 API/Shared/dwt_uwb_driver/dw3000/libdw3000_uwb_driver.a(dw3000_device.c.obj)
 .text.ull_set_keyreg_128
                0x0001c0dc       0x48 API/Shared/dwt_uwb_driver/dw3000/libdw3000_uwb_driver.a(dw3000_device.c.obj)
 .text.ull_settxpower
                0x0001c124       0x14 API/Shared/dwt_uwb_driver/dw3000/libdw3000_uwb_driver.a(dw3000_device.c.obj)
 .text.ull_setrxaftertxdelay
                0x0001c138       0x2c API/Shared/dwt_uwb_driver/dw3000/libdw3000_uwb_driver.a(dw3000_device.c.obj)
 .text.ull_setfinegraintxseq
                0x0001c164       0x28 API/Shared/dwt_uwb_driver/dw3000/libdw3000_uwb_driver.a(dw3000_device.c.obj)
 .text.ull_setlnapamode
                0x0001c18c       0x44 API/Shared/dwt_uwb_driver/dw3000/libdw3000_uwb_driver.a(dw3000_device.c.obj)
 .text.ull_configurestskey
                0x0001c1d0       0x48 API/Shared/dwt_uwb_driver/dw3000/libdw3000_uwb_driver.a(dw3000_device.c.obj)
 .text.ull_configurestsiv
                0x0001c218       0x48 API/Shared/dwt_uwb_driver/dw3000/libdw3000_uwb_driver.a(dw3000_device.c.obj)
 .text.ull_configmrxlut
                0x0001c260      0x104 API/Shared/dwt_uwb_driver/dw3000/libdw3000_uwb_driver.a(dw3000_device.c.obj)
 .text.ull_update_dgc_config
                0x0001c364       0x38 API/Shared/dwt_uwb_driver/dw3000/libdw3000_uwb_driver.a(dw3000_device.c.obj)
 .text.ull_setrxcode
                0x0001c39c       0x2c API/Shared/dwt_uwb_driver/dw3000/libdw3000_uwb_driver.a(dw3000_device.c.obj)
 .text.ull_readrxdata
                0x0001c3c8       0x6c API/Shared/dwt_uwb_driver/dw3000/libdw3000_uwb_driver.a(dw3000_device.c.obj)
 .text.ull_disable_rftx_blocks
                0x0001c434       0x14 API/Shared/dwt_uwb_driver/dw3000/libdw3000_uwb_driver.a(dw3000_device.c.obj)
 .text.ull_disable_rf_tx
                0x0001c448       0x58 API/Shared/dwt_uwb_driver/dw3000/libdw3000_uwb_driver.a(dw3000_device.c.obj)
 .text.ull_repeated_cw
                0x0001c4a0       0x48 API/Shared/dwt_uwb_driver/dw3000/libdw3000_uwb_driver.a(dw3000_device.c.obj)
 .text.ull_repeated_frames
                0x0001c4e8       0x34 API/Shared/dwt_uwb_driver/dw3000/libdw3000_uwb_driver.a(dw3000_device.c.obj)
 .text.ull_setrxtimeout
                0x0001c51c       0x3c API/Shared/dwt_uwb_driver/dw3000/libdw3000_uwb_driver.a(dw3000_device.c.obj)
 .text.ull_setleds
                0x0001c558       0x94 API/Shared/dwt_uwb_driver/dw3000/libdw3000_uwb_driver.a(dw3000_device.c.obj)
 .text.ull_setdblrxbuffmode
                0x0001c5ec       0x60 API/Shared/dwt_uwb_driver/dw3000/libdw3000_uwb_driver.a(dw3000_device.c.obj)
 .text.ull_setreferencetrxtime
                0x0001c64c       0x10 API/Shared/dwt_uwb_driver/dw3000/libdw3000_uwb_driver.a(dw3000_device.c.obj)
 .text.ull_writesysstatuslo
                0x0001c65c       0x10 API/Shared/dwt_uwb_driver/dw3000/libdw3000_uwb_driver.a(dw3000_device.c.obj)
 .text.ull_readcir
                0x0001c66c      0x160 API/Shared/dwt_uwb_driver/dw3000/libdw3000_uwb_driver.a(dw3000_device.c.obj)
 .text.ull_readaccdata
                0x0001c7cc       0xa0 API/Shared/dwt_uwb_driver/dw3000/libdw3000_uwb_driver.a(dw3000_device.c.obj)
 .text.dwt_write16bitoffsetreg
                0x0001c86c       0x20 API/Shared/dwt_uwb_driver/dw3000/libdw3000_uwb_driver.a(dw3000_device.c.obj)
 .text.ull_configure_le_address
                0x0001c88c       0x40 API/Shared/dwt_uwb_driver/dw3000/libdw3000_uwb_driver.a(dw3000_device.c.obj)
 .text.ull_setrxantennadelay
                0x0001c8cc       0x10 API/Shared/dwt_uwb_driver/dw3000/libdw3000_uwb_driver.a(dw3000_device.c.obj)
 .text.ull_settxantennadelay
                0x0001c8dc       0x14 API/Shared/dwt_uwb_driver/dw3000/libdw3000_uwb_driver.a(dw3000_device.c.obj)
 .text.ull_force_clocks
                0x0001c8f0       0x34 API/Shared/dwt_uwb_driver/dw3000/libdw3000_uwb_driver.a(dw3000_device.c.obj)
 .text.ull_configcwmode
                0x0001c924       0x28 API/Shared/dwt_uwb_driver/dw3000/libdw3000_uwb_driver.a(dw3000_device.c.obj)
 .text.ull_configcontinuousframemode
                0x0001c94c       0x28 API/Shared/dwt_uwb_driver/dw3000/libdw3000_uwb_driver.a(dw3000_device.c.obj)
 .text.ull_disablecontinuousframemode
                0x0001c974       0x20 API/Shared/dwt_uwb_driver/dw3000/libdw3000_uwb_driver.a(dw3000_device.c.obj)
 .text.ull_disablecontinuouswavemode
                0x0001c994       0x24 API/Shared/dwt_uwb_driver/dw3000/libdw3000_uwb_driver.a(dw3000_device.c.obj)
 .text.ull_calcbandwidthadj
                0x0001c9b8       0x80 API/Shared/dwt_uwb_driver/dw3000/libdw3000_uwb_driver.a(dw3000_device.c.obj)
 .text.dwt_otp_write_wdata_id_reg
                0x0001ca38       0x28 API/Shared/dwt_uwb_driver/dw3000/libdw3000_uwb_driver.a(dw3000_device.c.obj)
 .text.dwt_otpreadword32
                0x0001ca60       0x44 API/Shared/dwt_uwb_driver/dw3000/libdw3000_uwb_driver.a(dw3000_device.c.obj)
 .text.ull_otpread
                0x0001caa4       0x2c API/Shared/dwt_uwb_driver/dw3000/libdw3000_uwb_driver.a(dw3000_device.c.obj)
 .text.ull_configure_aes
                0x0001cad0       0x40 API/Shared/dwt_uwb_driver/dw3000/libdw3000_uwb_driver.a(dw3000_device.c.obj)
 .text.ull_setpreambledetecttimeout
                0x0001cb10       0x14 API/Shared/dwt_uwb_driver/dw3000/libdw3000_uwb_driver.a(dw3000_device.c.obj)
 .text.ull_setsniffmode
                0x0001cb24       0x2c API/Shared/dwt_uwb_driver/dw3000/libdw3000_uwb_driver.a(dw3000_device.c.obj)
 .text.ull_configureframefilter
                0x0001cb50       0x48 API/Shared/dwt_uwb_driver/dw3000/libdw3000_uwb_driver.a(dw3000_device.c.obj)
 .text.ull_setpanid
                0x0001cb98       0x10 API/Shared/dwt_uwb_driver/dw3000/libdw3000_uwb_driver.a(dw3000_device.c.obj)
 .text.ull_setaddress16
                0x0001cba8       0x10 API/Shared/dwt_uwb_driver/dw3000/libdw3000_uwb_driver.a(dw3000_device.c.obj)
 .text.ull_setgpiodir
                0x0001cbb8       0x14 API/Shared/dwt_uwb_driver/dw3000/libdw3000_uwb_driver.a(dw3000_device.c.obj)
 .text.ull_writesysstatushi
                0x0001cbcc       0x10 API/Shared/dwt_uwb_driver/dw3000/libdw3000_uwb_driver.a(dw3000_device.c.obj)
 .text.ull_dis_otp_ips
                0x0001cbdc       0xf4 API/Shared/dwt_uwb_driver/dw3000/libdw3000_uwb_driver.a(dw3000_device.c.obj)
 .text.ull_entersleepaftertx
                0x0001ccd0       0x40 API/Shared/dwt_uwb_driver/dw3000/libdw3000_uwb_driver.a(dw3000_device.c.obj)
 .text.ull_entersleepafter
                0x0001cd10       0x4c API/Shared/dwt_uwb_driver/dw3000/libdw3000_uwb_driver.a(dw3000_device.c.obj)
 .text.dwt_write8bitoffsetreg
                0x0001cd5c       0x1c API/Shared/dwt_uwb_driver/dw3000/libdw3000_uwb_driver.a(dw3000_device.c.obj)
 .text.ull_getframelength
                0x0001cd78       0x80 API/Shared/dwt_uwb_driver/dw3000/libdw3000_uwb_driver.a(dw3000_device.c.obj)
 .text.ull_enableautoack
                0x0001cdf8       0x44 API/Shared/dwt_uwb_driver/dw3000/libdw3000_uwb_driver.a(dw3000_device.c.obj)
 .text.ull_configciadiag
                0x0001ce3c       0x64 API/Shared/dwt_uwb_driver/dw3000/libdw3000_uwb_driver.a(dw3000_device.c.obj)
 .text.ull_restore_common
                0x0001cea0       0x2c API/Shared/dwt_uwb_driver/dw3000/libdw3000_uwb_driver.a(dw3000_device.c.obj)
 .text.ull_clearaonconfig
                0x0001cecc       0x40 API/Shared/dwt_uwb_driver/dw3000/libdw3000_uwb_driver.a(dw3000_device.c.obj)
 .text.ull_entersleep
                0x0001cf0c       0x4c API/Shared/dwt_uwb_driver/dw3000/libdw3000_uwb_driver.a(dw3000_device.c.obj)
 .text.ull_setxtaltrim
                0x0001cf58       0x18 API/Shared/dwt_uwb_driver/dw3000/libdw3000_uwb_driver.a(dw3000_device.c.obj)
 .text.ull_readsar
                0x0001cf70       0xf4 API/Shared/dwt_uwb_driver/dw3000/libdw3000_uwb_driver.a(dw3000_device.c.obj)
 .text.ull_readtempvbat
                0x0001d064       0x20 API/Shared/dwt_uwb_driver/dw3000/libdw3000_uwb_driver.a(dw3000_device.c.obj)
 .text.ull_wait_aes_poll
                0x0001d084       0x2c API/Shared/dwt_uwb_driver/dw3000/libdw3000_uwb_driver.a(dw3000_device.c.obj)
 .text.ull_configeventcounters
                0x0001d0b0       0x28 API/Shared/dwt_uwb_driver/dw3000/libdw3000_uwb_driver.a(dw3000_device.c.obj)
 .text.ull_aon_read
                0x0001d0d8       0x40 API/Shared/dwt_uwb_driver/dw3000/libdw3000_uwb_driver.a(dw3000_device.c.obj)
 .text.ull_aon_write
                0x0001d118       0x54 API/Shared/dwt_uwb_driver/dw3000/libdw3000_uwb_driver.a(dw3000_device.c.obj)
 .text.ull_configuresleepcnt
                0x0001d16c       0x20 API/Shared/dwt_uwb_driver/dw3000/libdw3000_uwb_driver.a(dw3000_device.c.obj)
 .text.ull_configuresleep
                0x0001d18c       0x60 API/Shared/dwt_uwb_driver/dw3000/libdw3000_uwb_driver.a(dw3000_device.c.obj)
 .text.ull_setplenfine
                0x0001d1ec       0x64 API/Shared/dwt_uwb_driver/dw3000/libdw3000_uwb_driver.a(dw3000_device.c.obj)
 .text.ull_calcpgcount
                0x0001d250       0x84 API/Shared/dwt_uwb_driver/dw3000/libdw3000_uwb_driver.a(dw3000_device.c.obj)
 .text.ull_writerdbstatus
                0x0001d2d4       0x14 API/Shared/dwt_uwb_driver/dw3000/libdw3000_uwb_driver.a(dw3000_device.c.obj)
 .text.ull_configuretxrf
                0x0001d2e8       0x34 API/Shared/dwt_uwb_driver/dw3000/libdw3000_uwb_driver.a(dw3000_device.c.obj)
 .text.ull_signal_rx_buff_free
                0x0001d31c       0x2c API/Shared/dwt_uwb_driver/dw3000/libdw3000_uwb_driver.a(dw3000_device.c.obj)
 .text.ull_isr  0x0001d348      0x290 API/Shared/dwt_uwb_driver/dw3000/libdw3000_uwb_driver.a(dw3000_device.c.obj)
 .text.ull_starttx
                0x0001d5d8      0x168 API/Shared/dwt_uwb_driver/dw3000/libdw3000_uwb_driver.a(dw3000_device.c.obj)
 .text.ull_write_scratch_data
                0x0001d740       0x1c API/Shared/dwt_uwb_driver/dw3000/libdw3000_uwb_driver.a(dw3000_device.c.obj)
 .text.ull_writetxdata
                0x0001d75c       0x64 API/Shared/dwt_uwb_driver/dw3000/libdw3000_uwb_driver.a(dw3000_device.c.obj)
 .text.ull_rxenable
                0x0001d7c0       0xd8 API/Shared/dwt_uwb_driver/dw3000/libdw3000_uwb_driver.a(dw3000_device.c.obj)
 .text.ull_update_nonce_GCM
                0x0001d898       0x1c API/Shared/dwt_uwb_driver/dw3000/libdw3000_uwb_driver.a(dw3000_device.c.obj)
 .text.ull_update_nonce_CCM
                0x0001d8b4       0x7c API/Shared/dwt_uwb_driver/dw3000/libdw3000_uwb_driver.a(dw3000_device.c.obj)
 .text.ull_do_aes
                0x0001d930      0x1a0 API/Shared/dwt_uwb_driver/dw3000/libdw3000_uwb_driver.a(dw3000_device.c.obj)
 .text.ull_seteui
                0x0001dad0       0x18 API/Shared/dwt_uwb_driver/dw3000/libdw3000_uwb_driver.a(dw3000_device.c.obj)
 .text.ull_readCIAversion
                0x0001dae8       0x50 API/Shared/dwt_uwb_driver/dw3000/libdw3000_uwb_driver.a(dw3000_device.c.obj)
 .text.ull_forcetrxoff
                0x0001db38       0x38 API/Shared/dwt_uwb_driver/dw3000/libdw3000_uwb_driver.a(dw3000_device.c.obj)
 .text.ull_setinterrupt
                0x0001db70       0xb4 API/Shared/dwt_uwb_driver/dw3000/libdw3000_uwb_driver.a(dw3000_device.c.obj)
 .text.dwt_otpprogword32
                0x0001dc24      0x18c API/Shared/dwt_uwb_driver/dw3000/libdw3000_uwb_driver.a(dw3000_device.c.obj)
 .text.ull_otpwrite
                0x0001ddb0        0xc API/Shared/dwt_uwb_driver/dw3000/libdw3000_uwb_driver.a(dw3000_device.c.obj)
 .text.ull_otpwriteandverify